02-27 12:01:32.466 15440 15440 I TimberLogger:               <Tracking event="acceptInvitationLinear"><![CDATA[https://ads.adfox.ru/226279/event?hash=78c5f440a65a953d&rand=cfrqwig&pm=q&puid31=app_android&eid4=ed1521d5-1de8-3fc1-869b-8ab6e5b2db98&utg=bstjk&dl=ru.mts.mtstv.debug&adfox-version=0&rqs=JMvB3fAiCjbdKcBnyks7TujVjwxMJfZB&puid1=0&puid60=ru.mts.mtstv.debug&p5=bgcquf&eid3=ed1521d5-1de8-3fc1-869b-8ab6e5b2db98&puid29=%7B%7BSDK_VERSION%7D%7D&lts=fqnblkv&puid28=36&google_aid=ed1521d5-1de8-3fc1-869b-8ab6e5b2db98&sj=Sl0GaJIilUqTSI9JnGjqSpiZSE_DAL2om8lyoNJ0wekZCYHlfUKDxmEjtJOcfRtUihzTOmDO9zPMlCJ9hLTxszYY71714nbKgyZkXCx4UKmeDe5qc5jspywzCah428uuu-ceAMnlbcBNxF8_ZYOjk5KuSWVuHESyvAw%3D&puid9=109&pr=b&p2=eyit&puid8=14&puid6=1&p1=cwmwu&puid5=8&dl=ru.mts.mtstv.debug]]></Tracking>
02-27 12:01:32.466 15440 15440 I TimberLogger:               <Tracking event="close"><![CDATA[https://ads.adfox.ru/226279/event?hash=be1e692628430a18&rand=fupbmhl&pm=r&puid31=app_android&eid4=ed1521d5-1de8-3fc1-869b-8ab6e5b2db98&utg=bstjk&dl=ru.mts.mtstv.debug&adfox-version=0&rqs=JMvB3fAiCjbdKcBnyks7TujVjwxMJfZB&puid1=0&puid60=ru.mts.mtstv.debug&p5=bgcquf&eid3=ed1521d5-1de8-3fc1-869b-8ab6e5b2db98&puid29=%7B%7BSDK_VERSION%7D%7D&lts=fqnblkv&puid28=36&google_aid=ed1521d5-1de8-3fc1-869b-8ab6e5b2db98&sj=Sl0GaJIilUqTSI9JnGjqSpiZSE_DAL2om8lyoNJ0wekZCYHlfUKDxmEjtJOcfRtUihzTOmDO9zPMlCJ9hLTxszYY71714nbKgyZkXCx4UKmeDe5qc5jspywzCah428uuu-ceAMnlbcBNxF8_ZYOjk5KuSWVuHESyvAw%3D&puid9=109&pr=b&p2=eyit&puid8=14&puid6=1&p1=cwmwu&puid5=8&dl=ru.mts.mtstv.debug]]></Tracking>
02-27 12:01:32.466 15440 15440 I TimberLogger:               <Tracking event="skip"><![CDATA[https://ads.adfox.ru/226279/event?hash=079ba7c7453dd37c&rand=mbkfsjp&pm=s&puid31=app_android&eid4=ed1521d5-1de8-3fc1-869b-8ab6e5b2db98&utg=bstjk&dl=ru.mts.mtstv.debug&adfox-version=0&rqs=JMvB3fAiCjbdKcBnyks7TujVjwxMJfZB&puid1=0&puid60=ru.mts.mtstv.debug&p5=bgcquf&eid3=ed1521d5-1de8-3fc1-869b-8ab6e5b2db98&puid29=%7B%7BSDK_VERSION%7D%7D&lts=fqnblkv&puid28=36&google_aid=ed1521d5-1de8-3fc1-869b-8ab6e5b2db98&sj=Sl0GaJIilUqTSI9JnGjqSpiZSE_DAL2om8lyoNJ0wekZCYHlfUKDxmEjtJOcfRtUihzTOmDO9zPMlCJ9hLTxszYY71714nbKgyZkXCx4UKmeDe5qc5jspywzCah428uuu-ceAMnlbcBNxF8_ZYOjk5KuSWVuHESyvAw%3D&puid9=109&pr=b&p2=eyit&puid8=14&puid6=1&p1=cwmwu&puid5=8&dl=ru.mts.mtstv.debug]]></Tracking>
02-27 12:01:32.466 15440 15440 I TimberLogger:             </TrackingEvents>
02-27 12:01:32.466 15440 15440 I TimberLogger:             <VideoClicks>
02-27 12:01:32.466 15440 15440 I TimberLogger:               <ClickThrough><![CDATA[https://ads.adfox.ru/226279/goLink?eid4=ed1521d5-1de8-3fc1-869b-8ab6e5b2db98&puid60=ru.mts.mtstv.debug&puid31=app_android&puid28=36&puid6=1&puid5=8&puid9=109&sj=Sl0GaJIilUqTSI9JnGjqSpiZSE_DAL2om8lyoNJ0wekZCYHlfUKDxmEjtJOcfRtUihzTOmDO9zPMlCJ9hLTxszYY71714nbKgyZkXCx4UKmeDe5qc5jspywzCah428uuu-ceAMnlbcBNxF8_ZYOjk5KuSWVuHESyvAw%3D&puid1=0&rand=nqerfhm&adfox-version=0&rqs=JMvB3fAiCjbdKcBnyks7TujVjwxMJfZB&pr=b&p1=cwmwu&puid8=14&p2=eyit&eid3=ed1521d5-1de8-3fc1-869b-8ab6e5b2db98&puid29=%7B%7BSDK_VERSION%7D%7D&p5=bgcquf&hash=121911f7001a7676&dl=ru.mts.mtstv.debug&puid2=167&pf=https%3A%2F%2Fbs.serving-sys.ru%2FServing%2FadServer.bs%3Fcn%3Dtrd%26pli%3D1087997391%26adid%3D1087997392%26ord%3D187341221%26LineID%3D%24%24utm_term%3D107617%26erid%3D2Vfnxx2AE5n%24%24]]></ClickThrough>
02-27 12:01:32.466 15440 15440 I TimberLogger:               
02-27 12:01:32.467 15440 15440 I TimberLogger:               
02-27 12:01:32.467 15440 15440 I TimberLogger:               
02-27 12:01:32.467 15440 15440 I TimberLogger:             </VideoClicks>
02-27 12:01:32.467 15440 15440 I TimberLogger:             <MediaFiles>
02-27 12:01:32.467 15440 15440 I TimberLogger:               <MediaFile  height="400"
02-27 12:01:32.467 15440 15440 I TimberLogger:                           width="720"
02-27 12:01:32.467 15440 15440 I TimberLogger:                           delivery="progressive" 
02-27 12:01:32.467 15440 15440 I TimberLogger:                           bitrate="512"
02-27 12:01:32.467 15440 15440 I TimberLogger:                           type="video/mp4">
02-27 12:01:32.467 15440 15440 I TimberLogger:                 <![CDATA[https://vi.cdnvideo.ru/media/m/Videonetwork/IKS_agency__by_OKKAM_/YANDEKS/Yandex_Market__Genderi_fev_mart_25__MART___dw10e_xdmlxv_/03_25/20401_HD_Sitylink_5s_w1280_h720_d5000.mp4]]>
02-27 12:01:32.467 15440 15440 I TimberLogger:               </MediaFile>
02-27 12:01:32.467 15440 15440 I TimberLogger:             </MediaFiles>
02-27 12:01:32.467 15440 15440 I TimberLogger:           </Linear>
02-27 12:01:32.467 15440 15440 I TimberLogger:         </Creative>
02-27 12:01:32.467 15440 15440 I TimberLogger:       </Creatives>
02-27 12:01:32.467 15440 15440 I TimberLogger:       <Extensions>
02-27 12:01:32.467 15440 15440 I TimberLogger:         <Extension type="erid"><![CDATA[2Vfnxx2AE5n]]></Extension>
02-27 12:01:32.467 15440 15440 I TimberLogger:         <Extension type="idord"><![CDATA[]]></Extension>
02-27 12:01:32.467 15440 15440 I TimberLogger:         <Extension type="Urlmod" scope="" method="" final="false">
02-27 12:01:32.467 15440 15440 I TimberLogger:           <urlpart><![CDATA[]]></urlpart>
02-27 12:01:32.467 15440 15440 I TimberLogger:         </Extension>
02-27 12:01:32.467 15440 15440 I TimberLogger:         <Extension type="skipTime2">03:05</Extension>
02-27 12:01:32.467 15440 15440 I TimberLogger:         <Extension type="controls"><![CDATA[1]]></Extension>
02-27 12:01:32.467 15440 15440 I TimberLogger:         
02-27 12:01:32.467 15440 15440 I TimberLogger: 	<Extension type="AdTune"><![CDATA[{"token": "2Vfnxx2AE5n"}]]></Extension>
02-27 12:01:32.467 15440 15440 I TimberLogger:         <Extension type="CustomTracking">
02-27 12:01:32.467 15440 15440 I TimberLogger:           <Tracking event="onVastLoad"><![CDATA[https://www.tns-counter.ru/V13a**ed1521d5-1de8-3fc1-869b-8ab6e5b2db98**idsh_vmon/ru/CP1251/tmsec=idsh_vtotal/1740646877]]></Tracking>
02-27 12:01:32.467 15440 15440 I TimberLogger:           <Tracking event="onVastLoad"><![CDATA[https://www.tns-counter.ru/V13a**ed1521d5-1de8-3fc1-869b-8ab6e5b2db98**idsh_vid/ru/CP1251/tmsec=idsh_sid107617-vitid1/1740646877]]></Tracking>
02-27 12:01:32.467 15440 15440 I TimberLogger:           <Tracking event="onVastLoad"><![CDATA[https://mc.yandex.ru/watch/48668432?page-url=107617%3Futm_source=%26utm_medium=%26utm_campaign=3281448%26utm_content=14669725%26utm_term=287764&page-ref=ru.mts.mtstv.debug]]></Tracking>
02-27 12:01:32.467 15440 15440 I TimberLogger:           <Tracking event="onVastLoad"><![CDATA[https://bridgertb.tech/ssp/sync/da_bridge?sspuid=187341221]]></Tracking>
02-27 12:01:32.467 15440 15440 I TimberLogger:           <Tracking event="onVastLoad"><![CDATA[https://px802187341221.cmediahub.ru/s.gif?userid=ed1521d5-1de8-3fc1-869b-8ab6e5b2db98&media=video]]></Tracking>
02-27 12:01:32.467 15440 15440 I TimberLogger:           <Tracking event="onVastLoad"><![CDATA[https://dmg.digitaltarget.ru/1/7522/i/i?type=show]]></Tracking>
02-27 12:01:32.467 15440 15440 I TimberLogger:         </Extension>
02-27 12:01:32.467 15440 15440 I TimberLogger:       </Extensions>
02-27 12:01:32.467 15440 15440 I TimberLogger:     </InLine>
02-27 12:01:32.467 15440 15440 I TimberLogger:   </Ad>
02-27 12:01:32.467 15440 15440 I TimberLogger: </VAST>, durationMs=5000, erid=2Vfnxx2AE5n, unwrappedVastUrl=https://yandex.ru/ads/adfox/226279/getCode?p1=cwmwu&p2=eyit&puid1=0&puid6=1&puid5=8&puid8=14&puid9=109&pr=1&dl=ru.mts.mtstv.debug&google_aid=ed1521d5-1de8-3fc1-869b-8ab6e5b2db98&eid3=ed1521d5-1de8-3fc1-869b-8ab6e5b2db98&ext_duid=ed1521d5-1de8-3fc1-869b-8ab6e5b2db98&eid4=ed1521d5-1de8-3fc1-869b-8ab6e5b2db98&puid60=ru.mts.mtstv.debug&puid28=36&puid29={{SDK_VERSION}}&puid31=app_android&ad_source=vitrina, bannerId=null, isNoBanner=false, adCreativeNum=0, adCreativeRequestNum=1, creativeSrcUrl=
02-27 12:01:32.467 15440 15440 I TimberLogger:                 https://vi.cdnvideo.ru/media/m/Videonetwork/IKS_agency__by_OKKAM_/YANDEKS/Yandex_Market__Genderi_fev_mart_25__MART___dw10e_xdmlxv_/03_25/20401_HD_Sitylink_5s_w1280_h720_d5000.mp4
02-27 12:01:32.467 15440 15440 I TimberLogger:               , creativeSrcType=video/mp4)
02-27 12:01:32.478 15440 22229 D BufferPoolAccessor2.0: bufferpool2 0xb400007506639828 : 4(12533760 size) total buffers - 4(12533760 size) used buffers - 0/4 (recycle/alloc) - 4/400 (fetch/transfer)
02-27 12:01:32.480 15440 15440 D AudioManagerExtImpl: getStreamVolume packageName=ru.mts.mtstv.debug, index=3, streamType=3
02-27 12:01:32.480  5361  8118 D OplusAtlasService: getAttributeByAppName module:oplus-getStreamMaxVolume packageName:ru.mts.mtstv.debug
02-27 12:01:32.488 15440 15440 I TimberLogger: [VastPlayer] playAd
02-27 12:01:32.489 15440 15440 I TimberLogger: [VastPlayer] call [onTimelineChanged] reason = 0
02-27 12:01:32.489 15440 15440 I TimberLogger: mediaItem [eventTime=16.73, mediaPos=0.00, window=0, reason=PLAYLIST_CHANGED]
02-27 12:01:32.490 15440 15440 I TimberLogger: [VastPlayer] call [onAvailableCommandsChanged] availableCommands = androidx.media3.common.Player$Commands@bdbc4b87
02-27 12:01:32.490 15440 15440 I TimberLogger: [VastPlayer] call [onPlayerStateChanged] playWhenReady = false  playbackState = 2
02-27 12:01:32.490 15440 15440 I TimberLogger: state [eventTime=16.73, mediaPos=0.00, window=0, BUFFERING]
02-27 12:01:32.491 15440 15440 I TimberLogger: [VastPlayer] onPlaybackStateChanged | state = 2
02-27 12:01:32.491 15440 15440 I TimberLogger: [VastPlayer] call [onSeekStarted]
02-27 12:01:32.491 15440 15440 I TimberLogger: [VastPlayer] call [onPositionDiscontinuity] reason = 1
02-27 12:01:32.492 15440 15440 I TimberLogger: [VastPlayer] call [onPositionDiscontinuity] oldPosition = Bundle[{1=Bundle[{}]}] newPosition = Bundle[{1=Bundle[{}]}] reason = 1
02-27 12:01:32.493 15440 22229 D MediaCodec: [0xb4000074facab800] [c2.qti.avc.decoder] connectToSurface: surface 0xb4000075067af000, mSurface 0xb4000075067b1800
02-27 12:01:32.493 15440 22229 D SurfaceUtils: connecting to surface 0xb4000075067af010, reason connectToSurface
02-27 12:01:32.493 15440 22229 D BufferQueueProducer: [SurfaceTexture-1-15440-2](id:3c5000000025,api:3,p:15440,c:15440) connect: api=3 producerControlledByApp=true
02-27 12:01:32.493 15440 22229 I MediaCodec: [c2.qti.avc.decoder] setting surface generation to 15810613
02-27 12:01:32.493 15440 22229 D SurfaceUtils: disconnecting from surface 0xb4000075067af010, reason connectToSurface(reconnect)
02-27 12:01:32.493 15440 22229 D BufferQueueProducer: [SurfaceTexture-1-15440-2](id:3c5000000025,api:3,p:15440,c:15440) disconnect: api 3
02-27 12:01:32.493 15440 22229 D SurfaceUtils: connecting to surface 0xb4000075067af010, reason connectToSurface(reconnect)
02-27 12:01:32.493 15440 22229 D BufferQueueProducer: [SurfaceTexture-1-15440-2](id:3c5000000025,api:3,p:15440,c:15440) connect: api=3 producerControlledByApp=true
02-27 12:01:32.493 15440 22229 D OplusCCodec: setSurface [1320]: (0xb4000074fad07600) 
02-27 12:01:32.494 15440 22229 D Codec2-OutputBufferQueue: remote graphic buffer migration 14/14
02-27 12:01:32.494  1317  1855 E QC2Interface: Few parameters failed to configure
02-27 12:01:32.494 15440 22229 D Codec2Client: setOutputSurface -- failed to set consumer usage (6/BAD_INDEX)
02-27 12:01:32.494 15440 22229 D Codec2Client: setOutputSurface -- generation=15810613 consumer usage=0x900
02-27 12:01:32.495  1295  4467 D qdgralloc: Falling back to default YUV format - no camera/video specific format defined, usage 0x100
02-27 12:01:32.495  1317  1855 D qdgralloc: Falling back to default YUV format - no camera/video specific format defined, usage 0x100
02-27 12:01:32.497 15440 22229 W BufferQueueProducer: [SurfaceView[ru.mts.mtstv.debug/ru.mts.mtstv3.ui.MainActivity]#15(BLAST Consumer)15](id:3c5000000027,api:3,p:15440,c:15440) detachBuffer: slot 8 is not owned by the producer (state = ACQUIRED)
02-27 12:01:32.497 15440 22229 W BufferQueueProducer: [SurfaceView[ru.mts.mtstv.debug/ru.mts.mtstv3.ui.MainActivity]#15(BLAST Consumer)15](id:3c5000000027,api:3,p:15440,c:15440) detachBuffer: slot 9 is not owned by the producer (state = FREE)
02-27 12:01:32.499 15440 22229 W BufferQueueProducer: [SurfaceView[ru.mts.mtstv.debug/ru.mts.mtstv3.ui.MainActivity]#15(BLAST Consumer)15](id:3c5000000027,api:3,p:15440,c:15440) detachBuffer: slot 21 is not owned by the producer (state = FREE)
02-27 12:01:32.499 15440 22229 W BufferQueueProducer: [SurfaceView[ru.mts.mtstv.debug/ru.mts.mtstv3.ui.MainActivity]#15(BLAST Consumer)15](id:3c5000000027,api:3,p:15440,c:15440) detachBuffer: slot 22 is not owned by the producer (state = FREE)
02-27 12:01:32.499 15440 22229 W BufferQueueProducer: [SurfaceView[ru.mts.mtstv.debug/ru.mts.mtstv3.ui.MainActivity]#15(BLAST Consumer)15](id:3c5000000027,api:3,p:15440,c:15440) detachBuffer: slot 23 is not owned by the producer (state = FREE)
02-27 12:01:32.499 15440 22229 W BufferQueueProducer: [SurfaceView[ru.mts.mtstv.debug/ru.mts.mtstv3.ui.MainActivity]#15(BLAST Consumer)15](id:3c5000000027,api:3,p:15440,c:15440) detachBuffer: slot 24 is not owned by the producer (state = FREE)
02-27 12:01:32.499 15440 22229 W BufferQueueProducer: [SurfaceView[ru.mts.mtstv.debug/ru.mts.mtstv3.ui.MainActivity]#15(BLAST Consumer)15](id:3c5000000027,api:3,p:15440,c:15440) detachBuffer: slot 25 is not owned by the producer (state = FREE)
02-27 12:01:32.499 15440 22229 W BufferQueueProducer: [SurfaceView[ru.mts.mtstv.debug/ru.mts.mtstv3.ui.MainActivity]#15(BLAST Consumer)15](id:3c5000000027,api:3,p:15440,c:15440) detachBuffer: slot 26 is not owned by the producer (state = FREE)
02-27 12:01:32.499 15440 22229 W BufferQueueProducer: [SurfaceView[ru.mts.mtstv.debug/ru.mts.mtstv3.ui.MainActivity]#15(BLAST Consumer)15](id:3c5000000027,api:3,p:15440,c:15440) detachBuffer: slot 27 is not owned by the producer (state = FREE)
02-27 12:01:32.499 15440 22229 W BufferQueueProducer: [SurfaceView[ru.mts.mtstv.debug/ru.mts.mtstv3.ui.MainActivity]#15(BLAST Consumer)15](id:3c5000000027,api:3,p:15440,c:15440) detachBuffer: slot 28 is not owned by the producer (state = FREE)
02-27 12:01:32.500 15440 22229 W BufferQueueProducer: [SurfaceView[ru.mts.mtstv.debug/ru.mts.mtstv3.ui.MainActivity]#15(BLAST Consumer)15](id:3c5000000027,api:3,p:15440,c:15440) detachBuffer: slot 29 is not owned by the producer (state = FREE)
02-27 12:01:32.500 15440 22229 W BufferQueueProducer: [SurfaceView[ru.mts.mtstv.debug/ru.mts.mtstv3.ui.MainActivity]#15(BLAST Consumer)15](id:3c5000000027,api:3,p:15440,c:15440) detachBuffer: slot 30 is not owned by the producer (state = FREE)
02-27 12:01:32.500 15440 22229 W BufferQueueProducer: [SurfaceView[ru.mts.mtstv.debug/ru.mts.mtstv3.ui.MainActivity]#15(BLAST Consumer)15](id:3c5000000027,api:3,p:15440,c:15440) detachBuffer: slot 31 is not owned by the producer (state = FREE)
02-27 12:01:32.500 15440 22229 W BufferQueueProducer: [SurfaceView[ru.mts.mtstv.debug/ru.mts.mtstv3.ui.MainActivity]#15(BLAST Consumer)15](id:3c5000000027,api:3,p:15440,c:15440) detachBuffer: slot 32 is not owned by the producer (state = FREE)
02-27 12:01:32.500 15440 22229 W BufferQueueProducer: [SurfaceView[ru.mts.mtstv.debug/ru.mts.mtstv3.ui.MainActivity]#15(BLAST Consumer)15](id:3c5000000027,api:3,p:15440,c:15440) detachBuffer: slot 33 is not owned by the producer (state = FREE)
02-27 12:01:32.500 15440 22229 W BufferQueueProducer: [SurfaceView[ru.mts.mtstv.debug/ru.mts.mtstv3.ui.MainActivity]#15(BLAST Consumer)15](id:3c5000000027,api:3,p:15440,c:15440) detachBuffer: slot 34 is not owned by the producer (state = FREE)
02-27 12:01:32.500 15440 22229 W BufferQueueProducer: [SurfaceView[ru.mts.mtstv.debug/ru.mts.mtstv3.ui.MainActivity]#15(BLAST Consumer)15](id:3c5000000027,api:3,p:15440,c:15440) detachBuffer: slot 35 is not owned by the producer (state = FREE)
02-27 12:01:32.500 15440 22229 W BufferQueueProducer: [SurfaceView[ru.mts.mtstv.debug/ru.mts.mtstv3.ui.MainActivity]#15(BLAST Consumer)15](id:3c5000000027,api:3,p:15440,c:15440) detachBuffer: slot 36 is not owned by the producer (state = FREE)
02-27 12:01:32.500 15440 22229 W BufferQueueProducer: [SurfaceView[ru.mts.mtstv.debug/ru.mts.mtstv3.ui.MainActivity]#15(BLAST Consumer)15](id:3c5000000027,api:3,p:15440,c:15440) detachBuffer: slot 37 is not owned by the producer (state = FREE)
02-27 12:01:32.500 15440 22229 W BufferQueueProducer: [SurfaceView[ru.mts.mtstv.debug/ru.mts.mtstv3.ui.MainActivity]#15(BLAST Consumer)15](id:3c5000000027,api:3,p:15440,c:15440) detachBuffer: slot 38 is not owned by the producer (state = FREE)
02-27 12:01:32.500 15440 22229 W BufferQueueProducer: [SurfaceView[ru.mts.mtstv.debug/ru.mts.mtstv3.ui.MainActivity]#15(BLAST Consumer)15](id:3c5000000027,api:3,p:15440,c:15440) detachBuffer: slot 39 is not owned by the producer (state = FREE)
02-27 12:01:32.500 15440 22229 W BufferQueueProducer: [SurfaceView[ru.mts.mtstv.debug/ru.mts.mtstv3.ui.MainActivity]#15(BLAST Consumer)15](id:3c5000000027,api:3,p:15440,c:15440) detachBuffer: slot 40 is not owned by the producer (state = FREE)
02-27 12:01:32.500 15440 22229 W BufferQueueProducer: [SurfaceView[ru.mts.mtstv.debug/ru.mts.mtstv3.ui.MainActivity]#15(BLAST Consumer)15](id:3c5000000027,api:3,p:15440,c:15440) detachBuffer: slot 41 is not owned by the producer (state = FREE)
02-27 12:01:32.501 15440 22229 W BufferQueueProducer: [SurfaceView[ru.mts.mtstv.debug/ru.mts.mtstv3.ui.MainActivity]#15(BLAST Consumer)15](id:3c5000000027,api:3,p:15440,c:15440) detachBuffer: slot 42 is not owned by the producer (state = FREE)
02-27 12:01:32.501 15440 22229 W BufferQueueProducer: [SurfaceView[ru.mts.mtstv.debug/ru.mts.mtstv3.ui.MainActivity]#15(BLAST Consumer)15](id:3c5000000027,api:3,p:15440,c:15440) detachBuffer: slot 43 is not owned by the producer (state = FREE)
02-27 12:01:32.501 15440 22229 W BufferQueueProducer: [SurfaceView[ru.mts.mtstv.debug/ru.mts.mtstv3.ui.MainActivity]#15(BLAST Consumer)15](id:3c5000000027,api:3,p:15440,c:15440) detachBuffer: slot 44 is not owned by the producer (state = FREE)
02-27 12:01:32.501 15440 22229 W BufferQueueProducer: [SurfaceView[ru.mts.mtstv.debug/ru.mts.mtstv3.ui.MainActivity]#15(BLAST Consumer)15](id:3c5000000027,api:3,p:15440,c:15440) detachBuffer: slot 45 is not owned by the producer (state = FREE)
02-27 12:01:32.501 15440 22229 W BufferQueueProducer: [SurfaceView[ru.mts.mtstv.debug/ru.mts.mtstv3.ui.MainActivity]#15(BLAST Consumer)15](id:3c5000000027,api:3,p:15440,c:15440) detachBuffer: slot 46 is not owned by the producer (state = FREE)
02-27 12:01:32.501 15440 22229 W BufferQueueProducer: [SurfaceView[ru.mts.mtstv.debug/ru.mts.mtstv3.ui.MainActivity]#15(BLAST Consumer)15](id:3c5000000027,api:3,p:15440,c:15440) detachBuffer: slot 47 is not owned by the producer (state = FREE)
02-27 12:01:32.501 15440 22229 W BufferQueueProducer: [SurfaceView[ru.mts.mtstv.debug/ru.mts.mtstv3.ui.MainActivity]#15(BLAST Consumer)15](id:3c5000000027,api:3,p:15440,c:15440) detachBuffer: slot 48 is not owned by the producer (state = FREE)
02-27 12:01:32.501 15440 22229 W BufferQueueProducer: [SurfaceView[ru.mts.mtstv.debug/ru.mts.mtstv3.ui.MainActivity]#15(BLAST Consumer)15](id:3c5000000027,api:3,p:15440,c:15440) detachBuffer: slot 49 is not owned by the producer (state = FREE)
02-27 12:01:32.501 15440 22229 W BufferQueueProducer: [SurfaceView[ru.mts.mtstv.debug/ru.mts.mtstv3.ui.MainActivity]#15(BLAST Consumer)15](id:3c5000000027,api:3,p:15440,c:15440) detachBuffer: slot 50 is not owned by the producer (state = FREE)
02-27 12:01:32.501 15440 22229 W BufferQueueProducer: [SurfaceView[ru.mts.mtstv.debug/ru.mts.mtstv3.ui.MainActivity]#15(BLAST Consumer)15](id:3c5000000027,api:3,p:15440,c:15440) detachBuffer: slot 51 is not owned by the producer (state = FREE)
02-27 12:01:32.501 15440 22229 W BufferQueueProducer: [SurfaceView[ru.mts.mtstv.debug/ru.mts.mtstv3.ui.MainActivity]#15(BLAST Consumer)15](id:3c5000000027,api:3,p:15440,c:15440) detachBuffer: slot 52 is not owned by the producer (state = FREE)
02-27 12:01:32.501 15440 22229 W BufferQueueProducer: [SurfaceView[ru.mts.mtstv.debug/ru.mts.mtstv3.ui.MainActivity]#15(BLAST Consumer)15](id:3c5000000027,api:3,p:15440,c:15440) detachBuffer: slot 53 is not owned by the producer (state = FREE)
02-27 12:01:32.502 15440 22229 W BufferQueueProducer: [SurfaceView[ru.mts.mtstv.debug/ru.mts.mtstv3.ui.MainActivity]#15(BLAST Consumer)15](id:3c5000000027,api:3,p:15440,c:15440) detachBuffer: slot 54 is not owned by the producer (state = FREE)
02-27 12:01:32.502 15440 22229 W BufferQueueProducer: [SurfaceView[ru.mts.mtstv.debug/ru.mts.mtstv3.ui.MainActivity]#15(BLAST Consumer)15](id:3c5000000027,api:3,p:15440,c:15440) detachBuffer: slot 55 is not owned by the producer (state = FREE)
02-27 12:01:32.502 15440 22229 W BufferQueueProducer: [SurfaceView[ru.mts.mtstv.debug/ru.mts.mtstv3.ui.MainActivity]#15(BLAST Consumer)15](id:3c5000000027,api:3,p:15440,c:15440) detachBuffer: slot 56 is not owned by the producer (state = FREE)
02-27 12:01:32.502 15440 22229 W BufferQueueProducer: [SurfaceView[ru.mts.mtstv.debug/ru.mts.mtstv3.ui.MainActivity]#15(BLAST Consumer)15](id:3c5000000027,api:3,p:15440,c:15440) detachBuffer: slot 57 is not owned by the producer (state = FREE)
02-27 12:01:32.502 15440 22229 W BufferQueueProducer: [SurfaceView[ru.mts.mtstv.debug/ru.mts.mtstv3.ui.MainActivity]#15(BLAST Consumer)15](id:3c5000000027,api:3,p:15440,c:15440) detachBuffer: slot 58 is not owned by the producer (state = FREE)
02-27 12:01:32.502 15440 22229 W BufferQueueProducer: [SurfaceView[ru.mts.mtstv.debug/ru.mts.mtstv3.ui.MainActivity]#15(BLAST Consumer)15](id:3c5000000027,api:3,p:15440,c:15440) detachBuffer: slot 59 is not owned by the producer (state = FREE)
02-27 12:01:32.502 15440 22229 W BufferQueueProducer: [SurfaceView[ru.mts.mtstv.debug/ru.mts.mtstv3.ui.MainActivity]#15(BLAST Consumer)15](id:3c5000000027,api:3,p:15440,c:15440) detachBuffer: slot 60 is not owned by the producer (state = FREE)
02-27 12:01:32.502 15440 22229 W BufferQueueProducer: [SurfaceView[ru.mts.mtstv.debug/ru.mts.mtstv3.ui.MainActivity]#15(BLAST Consumer)15](id:3c5000000027,api:3,p:15440,c:15440) detachBuffer: slot 61 is not owned by the producer (state = FREE)
02-27 12:01:32.502 15440 22229 W BufferQueueProducer: [SurfaceView[ru.mts.mtstv.debug/ru.mts.mtstv3.ui.MainActivity]#15(BLAST Consumer)15](id:3c5000000027,api:3,p:15440,c:15440) detachBuffer: slot 62 is not owned by the producer (state = FREE)
02-27 12:01:32.502  1497  3476 D ListServiceUtils: checkInListByUid module:allow-get-parameters uid:10797 cost 206us return 0
02-27 12:01:32.502 15440 22229 W BufferQueueProducer: [SurfaceView[ru.mts.mtstv.debug/ru.mts.mtstv3.ui.MainActivity]#15(BLAST Consumer)15](id:3c5000000027,api:3,p:15440,c:15440) detachBuffer: slot 63 is not owned by the producer (state = FREE)
02-27 12:01:32.502  1497  3476 D AudioFlingerExtImpl: oplusGetParameters:only system or list app is allowed to get oplus parameters:offloadVariableRateSupported, uid:10797
02-27 12:01:32.502  1250  3470 D audio_hw_primary: adev_get_parameters: enter: offloadVariableRateSupported
02-27 12:01:32.503  1250  3470 D soundtrigger: audio_extn_sound_trigger_get_parameters input string<offloadVariableRateSupported=>
02-27 12:01:32.503  1250  3470 D soundtrigger: extract_sm_handle input string <offloadVariableRateSupported=> param string <offloadVariableRateSupported=>
02-27 12:01:32.503  1250  3470 D audio_hw_extn: audio_extn_get_parameters: returns 
02-27 12:01:32.503  1250  3470 D audio_hw_primary: adev_get_parameters: exit: returns - 
02-27 12:01:32.503  1317  1855 D C2BqBuffer: local generation change 15810613 , bqId: 66314295050277 migrated buffers # 5
02-27 12:01:32.503 15440 22229 D Codec2Client: Surface configure completed
02-27 12:01:32.503 15440 22229 D MediaCodec: [0xb4000074facab800] [c2.qti.avc.decoder] disconnectFromSurface: mSurface 0xb4000075067b1800
02-27 12:01:32.503 15440 22229 D SurfaceUtils: disconnecting from surface 0xb4000075067b1810, reason disconnectFromSurface
02-27 12:01:32.503 15440 22229 D BufferQueueProducer: [SurfaceView[ru.mts.mtstv.debug/ru.mts.mtstv3.ui.MainActivity]#15(BLAST Consumer)15](id:3c5000000027,api:3,p:15440,c:15440) disconnect: api 3
02-27 12:01:32.504 15440 15440 I TimberLogger: [PlatformPlayerClient] call [onSurfaceSizeChanged] width = 0 height = 0
02-27 12:01:32.505 15440 15440 I TimberLogger: [PlatformPlayerClient] call [onSurfaceSizeChanged] width = 0 height = 0
02-27 12:01:32.506 15440 15440 I TimberLogger: [VastPlayer] call [onSurfaceSizeChanged] width = 1920 height = 1080
02-27 12:01:32.506 15440 15440 I TimberLogger: [VastPlayer] call [onPlayerStateChanged] playWhenReady = true  playbackState = 2
02-27 12:01:32.507 15440 15440 I TimberLogger: playWhenReady [eventTime=16.74, mediaPos=0.00, window=0, true, USER_REQUEST]
02-27 12:01:32.507 15440 15440 I TimberLogger: [VastPlayer] onPlayWhenReadyChanged | playWhenReady = true | reason = 1
02-27 12:01:32.507 15440 15440 I TimberLogger: [PlatformPlayerClient] call [onEvents] mediaItemCount = 1
02-27 12:01:32.508 15440 15440 I TimberLogger: [PlatformPlayerClient] call [onEvents] mediaItemCount = 1
02-27 12:01:32.508 15440 15440 I TimberLogger: [VastPlayer] call [onEvents] mediaItemCount = 1
02-27 12:01:32.509 15440 15440 I TimberLogger: [VastPlayer] call [onLoadStarted] loadEventInfo.uri = androidx.media3.exoplayer.source.LoadEventInfo@7f46dbd.uri mediaLoadData.trackFormat?.toBundle() = null
02-27 12:01:32.509  1250 15438 D DlbDap2Process: process() called [927500] times with input channel mask 0x3 (ProcessingMode=1)
02-27 12:01:32.509 15440 15440 I TimberLogger: [VastPlayer] call [onEvents] mediaItemCount = 1
02-27 12:01:32.512 15440 22162 I DMCodecAdapterFactory: Creating an asynchronous MediaCodec adapter for track type video
02-27 12:01:32.512 15440 22162 D MediaCodec: CreateByComponentName: name c2.qti.avc.decoder
02-27 12:01:32.512 15440 22162 W libc    : Access denied finding property "vendor.debug.stagefright.mediacodec.trace"
02-27 12:01:32.513 15440 15440 I TimberLogger: [VastPlayer] call [onVideoEnabled] decoderCounters = DecoderCounters {
02-27 12:01:32.513 15440 15440 I TimberLogger:  decoderInits=0,
02-27 12:01:32.513 15440 15440 I TimberLogger:  decoderReleases=0
02-27 12:01:32.513 15440 15440 I TimberLogger:  queuedInputBuffers=0
02-27 12:01:32.513 15440 15440 I TimberLogger:  skippedInputBuffers=0
02-27 12:01:32.513 15440 15440 I TimberLogger:  renderedOutputBuffers=0
02-27 12:01:32.513 15440 15440 I TimberLogger:  skippedOutputBuffers=0
02-27 12:01:32.513 15440 15440 I TimberLogger:  droppedBuffers=0
02-27 12:01:32.513 15440 15440 I TimberLogger:  droppedInputBuffers=0
02-27 12:01:32.513 15440 15440 I TimberLogger:  maxConsecutiveDroppedBuffers=0
02-27 12:01:32.513 15440 15440 I TimberLogger:  droppedToKeyframeEvents=0
02-27 12:01:32.513 15440 15440 I TimberLogger:  totalVideoFrameProcessingOffsetUs=0
02-27 12:01:32.513 15440 15440 I TimberLogger:  videoFrameProcessingOffsetCount=0
02-27 12:01:32.513 15440 15440 I TimberLogger: }
02-27 12:01:32.514 15440 15440 I TimberLogger: [VastPlayer] call [onEvents] mediaItemCount = 1
02-27 12:01:32.514 15440 15440 I TimberLogger: [VastPlayer] call [onAudioEnabled] decoderCounters = DecoderCounters {
02-27 12:01:32.514 15440 15440 I TimberLogger:  decoderInits=0,
02-27 12:01:32.514 15440 15440 I TimberLogger:  decoderReleases=0
02-27 12:01:32.514 15440 15440 I TimberLogger:  queuedInputBuffers=0
02-27 12:01:32.514 15440 15440 I TimberLogger:  skippedInputBuffers=0
02-27 12:01:32.514 15440 15440 I TimberLogger:  renderedOutputBuffers=0
02-27 12:01:32.514 15440 15440 I TimberLogger:  skippedOutputBuffers=0
02-27 12:01:32.514 15440 15440 I TimberLogger:  droppedBuffers=0
02-27 12:01:32.514 15440 15440 I TimberLogger:  droppedInputBuffers=0
02-27 12:01:32.514 15440 15440 I TimberLogger:  maxConsecutiveDroppedBuffers=0
02-27 12:01:32.514 15440 15440 I TimberLogger:  droppedToKeyframeEvents=0
02-27 12:01:32.514 15440 15440 I TimberLogger:  totalVideoFrameProcessingOffsetUs=0
02-27 12:01:32.514 15440 15440 I TimberLogger:  videoFrameProcessingOffsetCount=0
02-27 12:01:32.514 15440 15440 I TimberLogger: }
02-27 12:01:32.515 15440 15440 I TimberLogger: [VastPlayer] call [onEvents] mediaItemCount = 1
02-27 12:01:32.515 15440 15440 I TimberLogger: [VastPlayer] call [onTimelineChanged] reason = 1
02-27 12:01:32.515 15440 15440 I TimberLogger: [VastPlayer] call [onTracksChanged] tracks = Bundle[{0=[Bundle[{0=Bundle[{0=[Bundle[{0=1, 1=null, 2=null, 3=0, 4=0, 5=-1, 6=-1, 7=avc1.640028, 9=null, a=video/avc, b=32906, d=null, e=9223372036854775807, f=1280, g=720, h=25.0, i=0, j=1.0, k=null, l=-1, m=Bundle[{0=1, 1=2, 2=3, 3=null, 4=8, 5=8}], n=-1, o=-1, p=-1, q=0, r=0, s=-1, t=0, u=-1, v=-1, c_0=[0, 0, 0, 1, 103, 100, 0, 40, -84, 86, 36, 5, 0, 91, -90, -96, 32, 32, 40, 0, 0, 3, 0, 8, 0, 0, 3, 1, -112, 120, -63, -116, 76], c_1=[0, 0, 0, 1, 104, -24, -114, 52, -78, 44]}]], 1=0}], 1=[4], 3=[true], 4=false}], Bundle[{0=Bundle[{0=[Bundle[{0=2, 1=null, 2=en, 3=0, 4=0, 5=128008, 6=128008, 7=mp4a.40.2, 9=null, a=audio/mp4a-latm, b=575, d=null, e=9223372036854775807, f=-1, g=-1, h=-1.0, i=0, j=1.0, k=null, l=-1, n=2, o=44100, p=-1, q=1024, r=15, s=-1, t=0, u=-1, v=-1, c_0=[18, 16, 86, -27, 0]}]], 1=1}], 1=[4], 3=[true], 4=false}]]}]
02-27 12:01:32.516 15440 15440 I TimberLogger: [VastPlayer] call [onLoadingChanged] isLoading = true
02-27 12:01:32.516 15440 22162 W libc    : Access denied finding property "vendor.debug.stagefright.BufferCount"
02-27 12:01:32.516 15440 22162 W libc    : Access denied finding property "vendor.debug.stagefright.BufferCount"
02-27 12:01:32.516 15440 22162 D CCodecBufferChannel: mBufferCountDebug=0 mIsUserLoad=1
02-27 12:01:32.516 15440 22162 D OplusCCodec: OplusCCodec [274]: (0xb4000074c3515c00)
02-27 12:01:32.516 15440 15440 I TimberLogger: [VastPlayer] call [onIsLoadingChanged] isLoading = true
02-27 12:01:32.516 15440 15440 I TimberLogger: [VastPlayer] call [onAvailableCommandsChanged] availableCommands = androidx.media3.common.Player$Commands@2aab059
02-27 12:01:32.517 15440 22162 W libc    : Access denied finding property "vendor.oplus.media.vpp.stutter"
02-27 12:01:32.517 15440 15440 I TimberLogger: [VastPlayer] call [onEvents] mediaItemCount = 1
02-27 12:01:32.517  2127  2127 D MMListService: getListValueByUid module:sr-osie-whitelist, uid:10797
02-27 12:01:32.517 15440 22162 V ListServiceUtils: getListValueByUid module:sr-osie-whitelist uid:10797 cost 262us return 0
02-27 12:01:32.517 15440 22162 V ListServiceUtils: checkInListByUid start module:video-setsurface-error uid:10797  time 14906320112us
02-27 12:01:32.517 15440 22162 V ListServiceUtils: checkInListByUid end module:video-setsurface-error uid:10797  time 14906320185us
02-27 12:01:32.517 15440 22162 D ListServiceUtils: checkInListByUid module:video-setsurface-error uid:10797 cost 72us return 0
02-27 12:01:32.517 15440 22162 W libc    : Access denied finding property "vendor.debug.stagefright.BufferCount"
02-27 12:01:32.517 15440 22162 W libc    : Access denied finding property "vendor.debug.stagefright.BufferCount"
02-27 12:01:32.517 15440 22162 D CCodecBufferChannel: mBufferCountDebug=0 mIsUserLoad=1
02-27 12:01:32.517 15440 15440 I TimberLogger: downstreamFormat [eventTime=16.75, mediaPos=0.00, window=0, period=0, id=1, mimeType=video/avc, codecs=avc1.640028, res=1280x720, color=BT709/Limited range/SDR SMPTE 170M/8/8, fps=25.0]
02-27 12:01:32.517 15440 22162 D MediaCodec: [0xb4000074b6e73000] init: CCodec 0xb4000074c3515c00, CCodecBufferChannel 0xb40000751c479e18
02-27 12:01:32.517 15440 22503 D MediaCodec: [0xb4000074b6e73000] setState: 1
02-27 12:01:32.517 15440 15440 I TimberLogger: [VastPlayer] call [onDownstreamFormatChanged] eventTime = androidx.media3.exoplayer.analytics.AnalyticsListener$EventTime@f8feaa33 bitrate = -1
02-27 12:01:32.518 15440 22504 D CCodec  : allocate(c2.qti.avc.decoder)
02-27 12:01:32.518 15440 15440 I TimberLogger: [VastPlayer] call [onEvents] mediaItemCount = 1
02-27 12:01:32.521 15440 22504 I CCodec  : setting up 'default' as default (vendor) store
02-27 12:01:32.522  1288 18178 E QConfig : failed to find config 10797
02-27 12:01:32.522  1317  1855 E QC2VppFilterDeviceQuery: failed to getUserConfigValue
02-27 12:01:32.522  1317  1855 E QC2VppFilterCaps: failed to get user config, try default config
02-27 12:01:32.522  1288  6373 E QConfig : failed to find config GLOBAL_DEFAULT
02-27 12:01:32.522  1317  1855 E QC2VppFilterDeviceQuery: failed to getUserConfigValue
02-27 12:01:32.523  1317  1855 E QC2VppFilterCaps: failed to get preset
02-27 12:01:32.523  1288  6373 E QConfig : failed to find module QModKey_Dynamic_VppFilter
02-27 12:01:32.523  1317  1855 E QC2VppFilterDeviceQuery: failed to getUserConfigValue
02-27 12:01:32.523  1317  1855 E QC2VppFilterCaps: failed to get user config, try default config
02-27 12:01:32.523  1288 18178 E QConfig : failed to find module QModKey_Dynamic_VppFilter
02-27 12:01:32.523  1317  1855 E QC2VppFilterDeviceQuery: failed to getUserConfigValue
02-27 12:01:32.523  1317  1855 E QC2VppFilterCaps: failed to get preset
02-27 12:01:32.523  1317  1855 E QC2VppFilterCaps: preset size is zero
02-27 12:01:32.524  1317  1855 I QConfigClient: QConfigClient: interface is singleton:0
02-27 12:01:32.526  1288 18178 E QConfig : failed to find config 10797
02-27 12:01:32.526  1317  1855 I QConfigClient: ~QConfigClient
02-27 12:01:32.527  1317  1855 I vendor.qti.media.c2@1.0-service: missing struct descriptor #Param::CoreIndex(--002) for field mastering of struct #Param::CoreIndex(--180a)
02-27 12:01:32.527  1317  1855 I QConfigClient: QConfigClient: interface is singleton:0
02-27 12:01:32.528  1288  6373 E QConfig : failed to find config 10797
02-27 12:01:32.529  1317  1855 I QConfigClient: ~QConfigClient
02-27 12:01:32.530  1317  1855 I vendor.qti.media.c2@1.0-service: missing struct descriptor #Param::CoreIndex(-Vc010) for field window of struct #Param::CoreIndex(FV1c00d)
02-27 12:01:32.530  1317  1855 I QConfigClient: QConfigClient: interface is singleton:0
02-27 12:01:32.532  1288 18178 E QConfig : failed to find config 10797
02-27 12:01:32.532  1317  1855 I QConfigClient: ~QConfigClient
02-27 12:01:32.534  1317  1855 I QConfigClient: QConfigClient: interface is singleton:0
02-27 12:01:32.535  1288  6373 E QConfig : failed to find config 10797
02-27 12:01:32.535  1317  1855 I QConfigClient: ~QConfigClient
02-27 12:01:32.536  1317  1855 I vendor.qti.media.c2@1.0-service: missing struct descriptor #Param::CoreIndex(-Vc01a) for field misr_info_top_field of struct #Param::CoreIndex(-Vc01b)
02-27 12:01:32.537  1317  1855 I vendor.qti.media.c2@1.0-service: missing struct descriptor #Param::CoreIndex(-Vc01a) for field misr_info_bottom_field of struct #Param::CoreIndex(-Vc01b)
02-27 12:01:32.537  1317  1855 I QConfigClient: QConfigClient: interface is singleton:0
02-27 12:01:32.537  1317  1855 I QConfigClient: ~QConfigClient
02-27 12:01:32.538  1317  1855 I QConfigClient: QConfigClient: interface is singleton:0
02-27 12:01:32.539 15440 15440 I TimberLogger: [LiveMediaProvider] getNowMs | elapsedRealtimeOffsetMs = 1740646889000 | elapsedSettledAtMs = 1740646889508
02-27 12:01:32.539  1288 18178 E QConfig : failed to find config 10797
02-27 12:01:32.539  1317  1855 I QConfigClient: ~QConfigClient
02-27 12:01:32.540 15440 15440 I TimberLogger: [LiveMediaProvider] getNowMs | now = 1740646892032 | realTimeGapWithDeviceTime = 508
02-27 12:01:32.541  1317  1855 I vendor.qti.media.c2@1.0-service: get enum 0 from HQV_MODE_OFF
02-27 12:01:32.541  1317  1855 I QC2VppFilterCaps: Seeting CNR is only allowed when mode is manual: mode=HQV_MODE_OFF
02-27 12:01:32.541  1317  1855 I QC2VppFilterCaps: Setting AIS is only allowed when mode is manual: mode=HQV_MODE_OFF
02-27 12:01:32.541  1317  1855 I vendor.qti.media.c2@1.0-service: get enum 0 from PROCESS_LEFT
02-27 12:01:32.541  1317  1855 I QC2VppFilterCaps: Setting FRC is only allowed when mode is manual: mode=HQV_MODE_OFF
02-27 12:01:32.541  1317  1855 I QC2VppFilterCaps: Setting EAR is only allowed when mode is manual: mode=HQV_MODE_OFF
02-27 12:01:32.541  1317  1855 I QC2VppFilterCaps: Setting AIE is only allowed when mode is manual: mode=HQV_MODE_OFF
02-27 12:01:32.542  1317  1855 I QC2Comp : Create: Allocated component[166] for name c2.qti.avc.decoder : [32 bit]
02-27 12:01:32.542  1317  1855 I QC2CompStore: Created component(c2.qti.avc.decoder) id(166)
02-27 12:01:32.542  1317  1855 D Codec2-DumpInput: [DumpInput:L379][c2.qti.avc.decoder_151] this:0xe401936c
02-27 12:01:32.542  1317  1855 D Codec2-DumpInput: checkDumpCondition 512, decodercheck 1, nonsecurecheck 1, regioncheck 0, platformcheck 1, isCodecSupported 1 
02-27 12:01:32.545 15440 22504 I CCodec  : Created component [c2.qti.avc.decoder]
02-27 12:01:32.545 15440 22504 D CCodecBufferChannel: [0xb40000751c479e18] setComponent: mName c2.qti.avc.decoder#879, mPipelineWatcher 0xb40000751c47a2c0
02-27 12:01:32.545 15440 22504 D CCodecBufferChannel: PipelineWatcher debug info [c2.qti.avc.decoder#879] enable=0
02-27 12:01:32.546  1317  1855 E QC2Interface: Failed to query parameters
02-27 12:01:32.546 15440 22504 D CCodecConfig: read media type: video/avc
02-27 12:01:32.550 15440 22504 D ReflectedParamUpdater: extent() != 1 for single value type: vendor.qti-ext-dec-info-misr.misr_info_top_field.misr_dpb_luma
02-27 12:01:32.550 15440 22504 D ReflectedParamUpdater: extent() != 1 for single value type: vendor.qti-ext-dec-info-misr.misr_info_top_field.misr_dpb_chroma
02-27 12:01:32.550 15440 22504 D ReflectedParamUpdater: extent() != 1 for single value type: vendor.qti-ext-dec-info-misr.misr_info_top_field.misr_opb_luma
02-27 12:01:32.550 15440 22504 D ReflectedParamUpdater: extent() != 1 for single value type: vendor.qti-ext-dec-info-misr.misr_info_top_field.misr_opb_chroma
02-27 12:01:32.551 15440 22504 D ReflectedParamUpdater: extent() != 1 for single value type: vendor.qti-ext-dec-info-misr.misr_info_bottom_field.misr_dpb_luma
02-27 12:01:32.551 15440 22504 D ReflectedParamUpdater: extent() != 1 for single value type: vendor.qti-ext-dec-info-misr.misr_info_bottom_field.misr_dpb_chroma
02-27 12:01:32.551 15440 22504 D ReflectedParamUpdater: extent() != 1 for single value type: vendor.qti-ext-dec-info-misr.misr_info_bottom_field.misr_opb_luma
02-27 12:01:32.551 15440 22504 D ReflectedParamUpdater: extent() != 1 for single value type: vendor.qti-ext-dec-info-misr.misr_info_bottom_field.misr_opb_chroma
02-27 12:01:32.553 15440 22504 D ReflectedParamUpdater: ignored struct field vendor.qti-ext-dec-panscan.window
02-27 12:01:32.558 15440 22504 D ReflectedParamUpdater: extent() != 1 for single value type: output.buffers.pool-ids.values
02-27 12:01:32.558 15440 22504 D CCodecConfig: ignoring local param raw.size (0xd2001800) as it is already supported
02-27 12:01:32.558 15440 22504 D CCodecConfig: ignoring local param default.color (0x5200180b) as it is already supported
02-27 12:01:32.558 15440 22504 D CCodecConfig: ignoring local param raw.hdr-static-info (0xd200180a) as it is already supported
02-27 12:01:32.558  1317  1855 E QC2Interface: Failed to query parameters
02-27 12:01:32.559 15440 22504 I CCodecConfig: query failed after returning 17 values (BAD_INDEX)
02-27 12:01:32.559 15440 22504 D CCodecConfig: c2 config diff is Dict {
02-27 12:01:32.559 15440 22504 D CCodecConfig:   c2::i32 algo.priority.value = 0
02-27 12:01:32.559 15440 22504 D CCodecConfig:   c2::float algo.rate.value = 30
02-27 12:01:32.559 15440 22504 D CCodecConfig:   c2::u32 algo.secure-mode.value = 0
02-27 12:01:32.559 15440 22504 D CCodecConfig:   c2::float coded.frame-rate.value = 30
02-27 12:01:32.559 15440 22504 D CCodecConfig:   c2::u32 coded.pl.level = 0
02-27 12:01:32.559 15440 22504 D CCodecConfig:   c2::u32 coded.pl.profile = 20484
02-27 12:01:32.559 15440 22504 D CCodecConfig:   c2::u32 coded.vui.color.matrix = 255
02-27 12:01:32.559 15440 22504 D CCodecConfig:   c2::u32 coded.vui.color.primaries = 0
02-27 12:01:32.559 15440 22504 D CCodecConfig:   c2::u32 coded.vui.color.range = 0
02-27 12:01:32.559 15440 22504 D CCodecConfig:   c2::u32 coded.vui.color.transfer = 255
02-27 12:01:32.559 15440 22504 D CCodecConfig:   c2::u32 default.color.matrix = 0
02-27 12:01:32.559 15440 22504 D CCodecConfig:   c2::u32 default.color.primaries = 0
02-27 12:01:32.559 15440 22504 D CCodecConfig:   c2::u32 default.color.range = 0
02-27 12:01:32.559 15440 22504 D CCodecConfig:   c2::u32 default.color.transfer = 0
02-27 12:01:32.559 15440 22504 D CCodecConfig:   c2::u32 input.buffers.max-size.value = 7077888
02-27 12:01:32.559 15440 22504 D CCodecConfig:   c2::u32 input.delay.value = 0
02-27 12:01:32.559 15440 22504 D CCodecConfig:   string input.media-type.value = "video/avc"
02-27 12:01:32.559 15440 22504 D CCodecConfig:   c2::u32 output.delay.value = 8
02-27 12:01:32.559 15440 22504 D CCodecConfig:   string output.media-type.value = "video/raw"
02-27 12:01:32.559 15440 22504 D CCodecConfig:   c2::u32 raw.color.matrix = 255
02-27 12:01:32.559 15440 22504 D CCodecConfig:   c2::u32 raw.color.primaries = 0
02-27 12:01:32.559 15440 22504 D CCodecConfig:   c2::u32 raw.color.range = 0
02-27 12:01:32.559 15440 22504 D CCodecConfig:   c2::u32 raw.color.transfer = 255
02-27 12:01:32.559 15440 22504 D CCodecConfig:   c2::float raw.hdr-static-info.mastering.blue.x = 0
02-27 12:01:32.559 15440 22504 D CCodecConfig:   c2::float raw.hdr-static-info.mastering.blue.y = 0
02-27 12:01:32.559 15440 22504 D CCodecConfig:   c2::float raw.hdr-static-info.mastering.gre
02-27 12:01:32.559 15440 22504 W ColorUtils: expected specified color aspects (0:0:255:255)
02-27 12:01:32.559 15440 22503 D MediaCodec: [0xb4000074b6e73000] setState: 2
02-27 12:01:32.563 15440 22503 I MediaCodec: MediaCodec will operate in async mode
02-27 12:01:32.563 15440 22162 I MediaCodec: [0xb4000074b6e73000] [c2.qti.avc.decoder] configure, format : AMessage(what = 0x00000000) = {
02-27 12:01:32.563 15440 22162 I MediaCodec:   int32_t max-height = 720
02-27 12:01:32.563 15440 22162 I MediaCodec:   string log-session-id = "ZNYLXXgF6OQ8PS8I"
02-27 12:01:32.563 15440 22162 I MediaCodec:   string mime = "video/avc"
02-27 12:01:32.563 15440 22162 I MediaCodec:   int32_t priority = 0
02-27 12:01:32.563 15440 22162 I MediaCodec:   int32_t color-standard = 1
02-27 12:01:32.563 15440 22162 I MediaCodec:   Buffer csd-1 = {
02-27 12:01:32.563 15440 22162 I MediaCodec:     00000000:  00 00 00 01 68 e8 8e 34  b2 2c                    ....h..4.,
02-27 12:01:32.563 15440 22162 I MediaCodec:   }
02-27 12:01:32.563 15440 22162 I MediaCodec:   int32_t color-transfer = 3
02-27 12:01:32.563 15440 22162 I MediaCodec:   int32_t max-width = 1280
02-27 12:01:32.563 15440 22162 I MediaCodec:   int32_t width = 1280
02-27 12:01:32.563 15440 22162 I MediaCodec:   int32_t color-range = 2
02-27 12:01:32.563 15440 22162 I MediaCodec:   float frame-rate = 25.000000
02-27 12:01:32.563 15440 22162 I MediaCodec:   int32_t rotation-degrees = 0
02-27 12:01:32.563 15440 22162 I MediaCodec:   int32_t max-input-size = 49423
02-27 12:01:32.563 15440 22162 I MediaCodec:   int32_t height = 720
02-27 12:01:32.563 15440 22162 I MediaCodec:   Buffer csd-0 = {
02-27 12:01:32.563 15440 22162 I MediaCodec:     00000000:  00 00 00 01 67 64 00 28  ac 56 24 05 00 5b a6 a0  ....gd.(.V$..[..
02-27 12:01:32.563 15440 22162 I MediaCodec:     00000010:  20 20 28 00 00 03 00 08  00 00 03 01 90 78 c1 8c    (..........x..
02-27 12:01:32.563 15440 22162 I MediaCodec:     00000020:  4c                                                L
02-27 12:01:32.563 15440 22162 I MediaCodec:   }
02-27 12:01:32.563 15440 22162 I MediaCodec: }
02-27 12:01:32.563 15440 22503 D MediaCodec: flushMediametrics
02-27 12:01:32.563 15440 22503 D MediaCodec: [0xb4000074b6e73000] [c2.qti.avc.decoder] connectToSurface: surface 0xb4000074c98ee000, mSurface 0x0
02-27 12:01:32.563 15440 22503 D SurfaceUtils: connecting to surface 0xb4000074c98ee010, reason connectToSurface
02-27 12:01:32.563 15440 22503 D BufferQueueProducer: [SurfaceView[ru.mts.mtstv.debug/ru.mts.mtstv3.ui.MainActivity]#15(BLAST Consumer)15](id:3c5000000027,api:3,p:15440,c:15440) connect: api=3 producerControlledByApp=true
02-27 12:01:32.563 15440 22503 I MediaCodec: [c2.qti.avc.decoder] setting surface generation to 15810614
02-27 12:01:32.563 15440 22503 D SurfaceUtils: disconnecting from surface 0xb4000074c98ee010, reason connectToSurface(reconnect)
02-27 12:01:32.563 15440 22503 D BufferQueueProducer: [SurfaceView[ru.mts.mtstv.debug/ru.mts.mtstv3.ui.MainActivity]#15(BLAST Consumer)15](id:3c5000000027,api:3,p:15440,c:15440) disconnect: api 3
02-27 12:01:32.563 15440 22503 D SurfaceUtils: connecting to surface 0xb4000074c98ee010, reason connectToSurface(reconnect)
02-27 12:01:32.563 15440 22503 D BufferQueueProducer: [SurfaceView[ru.mts.mtstv.debug/ru.mts.mtstv3.ui.MainActivity]#15(BLAST Consumer)15](id:3c5000000027,api:3,p:15440,c:15440) connect: api=3 producerControlledByApp=true
02-27 12:01:32.563 15440 22503 D MediaCodec: [0xb4000074b6e73000] setState: 3
02-27 12:01:32.564 15440 22503 I OplusCCodec: configEncoderFilter enter, mIsEncoder: 0
02-27 12:01:32.564 15440 22503 D OplusCCodec: [initiateConfigureComponent:L1174] OplusFeedbackInfo  mFeedbackID:-5476376645389427712
02-27 12:01:32.564 15440 22503 W AString : ctor got NULL, using empty string instead
02-27 12:01:32.564  3859  4909 D module-recovery:TelephonyInterface: getRealNrState start:0
02-27 12:01:32.565 15440 22503 V ListServiceUtils: getListValueByName module:control package:hdrAuthenticationMode cost 164us return 0
02-27 12:01:32.565  1558  1710 E SurfaceFlinger: Permission Denial: can't access SurfaceFlinger pid=15440, uid=10797
02-27 12:01:32.566 15440 22503 E mts.mtstv.debug: get parcel data error
02-27 12:01:32.566  2127  2127 D MMListService: uid 10797 no permission to getPackageNameByPid
02-27 12:01:32.566 15440 22503 V ListServiceUtils: getPackageNameByPid pid:15440 procName: cost 130us return -1
02-27 12:01:32.566 15440 22503 D AtlasEventUploadUtils: setEvent event:atlas_event_video_monitor_network_switch
02-27 12:01:32.566 15440 22503 V ListServiceUtils: checkInListByUid start module:check-first-IRAP uid:10797  time 14906369465us
02-27 12:01:32.566  5361  8118 D OplusAtlas.OplusAtlasEventDispatch: setEvent:atlas_event_video_monitor_network_switch info:START,15440,Key,-5476376645261911552,Component,c2.qti.avc.decoder,Width,1280,Height,720,IsMediaPlayer,0
02-27 12:01:32.566 15440 22503 V ListServiceUtils: checkInListByUid end module:check-first-IRAP uid:10797  time 14906369618us
02-27 12:01:32.566 15440 22503 D ListServiceUtils: checkInListByUid module:check-first-IRAP uid:10797 cost 152us return 0
02-27 12:01:32.566 15440 22503 V ListServiceUtils: checkInListByUid start module:notify-network-optimize uid:10797  time 14906369644us
02-27 12:01:32.567 15440 22503 V ListServiceUtils: checkInListByUid end module:notify-network-optimize uid:10797  time 14906369753us
02-27 12:01:32.567 15440 22503 D ListServiceUtils: checkInListByUid module:notify-network-optimize uid:10797 cost 108us return 0
02-27 12:01:32.567 15440 22503 V ListServiceUtils: checkInListByUid start module:video-statistics uid:10797  time 14906369778us
02-27 12:01:32.567 15440 22503 V ListServiceUtils: checkInListByUid end module:video-statistics uid:10797  time 14906369886us
02-27 12:01:32.567 15440 22503 D ListServiceUtils: checkInListByUid module:video-statistics uid:10797 cost 107us return 0
02-27 12:01:32.567  5361  6763 D OplusAtlasVideo: callback success event:atlas_event_video_monitor_network_switch eventInfo:START,15440,Key,-5476376645261911552,Component,c2.qti.avc.decoder,Width,1280,Height,720,IsMediaPlayer,0
02-27 12:01:32.567  2127  2127 D MMListService: getListValueByUid module:video-resolution-blurry, uid:10797
02-27 12:01:32.567 15440 22503 V ListServiceUtils: getListValueByUid module:video-resolution-blurry uid:10797 cost 100us return 0
02-27 12:01:32.567  2127  2127 D MMListService: getListValueByUid module:video-stutter-threshold, uid:10797
02-27 12:01:32.567 15440 22503 V ListServiceUtils: getListValueByUid module:video-stutter-threshold uid:10797 cost 98us return 0
02-27 12:01:32.567 15440 22503 D OplusCCodec: [configOplusVppType:L557] whitelist:sr-osie-whitelist
02-27 12:01:32.567  2127  2127 D MMListService: getListValueByUid module:sr-osie-whitelist, uid:10797
02-27 12:01:32.567 15440 22503 V ListServiceUtils: getListValueByUid module:sr-osie-whitelist uid:10797 cost 125us return 0
02-27 12:01:32.567 15440 22503 D OplusCCodec: debug enabled , debugType :0
02-27 12:01:32.567 15440 22503 D OplusCCodec: [configOplusVppTypeV2:L460] whitelist:sr-osie-whitelist
02-27 12:01:32.567 15440 22503 D OplusMediaCodecUtils: getProcessName: pid=15440 name=[ru.mts.mtstv.debug] success
02-27 12:01:32.568  2127  2127 D MMListService: getListValueByUid module:sr-osie-whitelist, uid:10797
02-27 12:01:32.568 15440 22503 V ListServiceUtils: getListValueByUid module:sr-osie-whitelist uid:10797 cost 129us return 0
02-27 12:01:32.568 15440 22503 V ListServiceUtils: getListValueByTopActivity module:vdec-vpu-boost pid:15440 cost 106us return 0
02-27 12:01:32.568 15440 22503 V ListServiceUtils: getListValueByTopActivity module:qti-ext-param pid:15440 cost 102us return 0
02-27 12:01:32.568 15440 22503 D OplusCCodec: configureInputDelay [1331]: (0xb4000074c3515c00)
02-27 12:01:32.570 15440 22504 D OplusVideoBoost: OplusVideoBoost remote
02-27 12:01:32.570 15440 22504 D OplusCCodec: width: 1280, height: 720, isEncoder: 0
02-27 12:01:32.570 15440 22504 D OplusCCodec: operating-rate: 0, codec-id: 0, bitrate: 0
02-27 12:01:32.571 15440 22504 D OplusCCodec: videoBoost activity name: ru.mts.mtstv3.ui.MainActivity
02-27 12:01:32.571 15440 22504 I OplusWhiteListCache: Failed to get value from property[debug.codec.ux]
02-27 12:01:32.571 15440 22504 I OplusWhiteListCache: Failed to get value from property[debug.cpu.boost]
02-27 12:01:32.571 15440 22504 D OplusWhiteListCache: App[ru.mts.mtstv.debug] boost scenario, isVideo[1]
