--------- beginning of main
02-27 12:01:29.001 15440 15440 I TimberLogger: [DebugMessagesViewController] update flow event
02-27 12:01:29.071  2069  3857 I OplusHansManager : uid=10795, pkg=com.google.android.apps.chromecast.app can not transition from M to F. reason: AsyncBinder
02-27 12:01:29.077  2069  3857 I OplusHansManager : uid=10649, pkg=com.vpn.free.hotspot.secure.vpnify can not transition from M to F. reason: AsyncBinder
02-27 12:01:29.079  2069  3857 I OplusHansManager : uid=10336, pkg=ru.mts.mymts can not transition from M to F. reason: AsyncBinder
02-27 12:01:29.082  2069  3857 I OplusHansManager : uid=10411, pkg=ru.zen.android can not transition from M to F. reason: AsyncBinder
02-27 12:01:29.117 15440 20642 I TimberLogger: (bandwidth_log) remaining 51 seconds to return default bandwidth 
02-27 12:01:29.219 15440 15440 I TimberLogger: [LiveMediaProvider] getNowMs | elapsedRealtimeOffsetMs = 1740646889000 | elapsedSettledAtMs = 1740646888783
02-27 12:01:29.220 15440 15440 I TimberLogger: [LiveMediaProvider] getNowMs | now = 1740646889437 | realTimeGapWithDeviceTime = -217
02-27 12:01:29.242  3859  4178 D CommonScenarios-134-10797: transportLayerQosChange TransportLayerData{link_index=18, uid=10797, uplink_srtt=74, uplink_packets=18, uplink_retrans_packets=0, uplink_retrans_rate=0, downlink_srtt=0, downlink_packets=14, downlink_retrans_packets=0, downlink_retrans_rate=0, downlink_rate=0, uplink_udp_packets=4, downlink_udp_packets=2, uplink_tcp_rate=2752, uplink_udp_rate=266, downlink_tcp_rate=12520, downlink_udp_rate=210}
02-27 12:01:29.242  3859  4178 D CommonScenarios-134-10797: ActiveState process message 2
02-27 12:01:29.243  3859  4178 D CommonScenarios-134-10797: ActiveState EVENT_NETWORK_KPI_CHANGE
02-27 12:01:29.243  3859  4178 D CommonScenarios-134-10797: scenarios 3 muplink_packets + mdownlink_packets > 10 avgRtt74
02-27 12:01:29.243  3859  4178 D CommonScenarios-134-10797: totalScore:100
02-27 12:01:29.243  3859  4178 D CommonScenarios-134-10797: ActiveState EVENT_NETWORK_KPI_CHANGE score 100 scenariosscenarios 3
02-27 12:01:29.243  3859  4178 D CommonScenarios-134-10797: notifyScoreChange 100
02-27 12:01:29.243  3859  4178 D CommonScenarios-134-10797: needNotify lastScore=77777 score=100
02-27 12:01:29.243  3859  4178 D CommonScenarios-134-10797: needNotify 77777
02-27 12:01:29.243  2069  2239 E OplusNetworkStackManager: callback len = 6
02-27 12:01:29.244  3859  4178 D OLK-NAS : networkScoreChange networkId: 134 better = false, score = 100
02-27 12:01:29.246  3789  4861 E OplusNetworkStackManager: callback len = 2
02-27 12:01:29.246  3859  4178 D OLK-NAS : networkScoreChange len = 0
02-27 12:01:29.247  3859  4882 D module-recovery:TelephonyInterface: onTelephonyEventReport 0, 3026
--------- beginning of system
02-27 12:01:29.248  3859  4882 D TelephonyManagerProxy: onTelephonyEventReport,cb list: 3
02-27 12:01:29.248  3859  4882 D TelephonyManagerProxy: onTelephonyEventReport,cb: m8.a$a@72c110c
02-27 12:01:29.248  3859  4882 D TelephonyManagerProxy: onTelephonyEventReport,cb: e8.d$a@6ccdb2f
02-27 12:01:29.249  3859  4882 D TelephonyManagerProxy: onTelephonyEventReport,cb: e8.d$a@55bd53c
02-27 12:01:29.249  3859  4882 D module-voice:TelephonyInterface: onTelephonyEventReport 0, 3026
02-27 12:01:29.249  3859  4063 E OplusDualPsManager: getDdsNetId, dual ps not init
02-27 12:01:29.471 15440 15440 I TimberLogger: [LiveMediaProvider] getNowMs | elapsedRealtimeOffsetMs = 1740646889000 | elapsedSettledAtMs = 1740646888783
02-27 12:01:29.472 15440 15440 I TimberLogger: [LiveMediaProvider] getNowMs | now = 1740646889689 | realTimeGapWithDeviceTime = -217
02-27 12:01:29.506 15440 22201 I TimberLogger: onTimeShiftDepthResolved durationMs = 64000
02-27 12:01:29.507 15440 22201 I TimberLogger: [dash] isForceSyncClock = true, current.timeShiftBufferDepthMs = 64000
02-27 12:01:29.508 15440 22201 I TimberLogger: usingTimingScheme onTimeStampResolved=1740646889000
02-27 12:01:29.510 15440 22201 I TimberLogger: [DashManifestClockSync] usingTimingScheme=urn:mpeg:dash:utc:http-iso:2014, usingTimingValue=https://time.akamai.com/?iso, timeStamp=1740646889000, date=Thu Feb 27 12:01:29 GMT+03:00 2025
02-27 12:01:29.512 15440 15440 I TimberLogger: (bandwidth_log) new bandwidth value received: 101907416
02-27 12:01:29.513 15440 15440 I TimberLogger: [PlatformPlayerClient] call [onBandwidthEstimate] totalLoadTimeMs = 303 totalBytesLoaded = 9777 bitrateEstimate = 101907416
02-27 12:01:29.514 15440 15440 I TimberLogger: [PlatformPlayerClient] call [onBandwidthEstimate] totalLoadTimeMs = 303 totalBytesLoaded = 9777 bitrateEstimate = 101907416
02-27 12:01:29.515 15440 15440 I TimberLogger: [PlatformPlayerClient] call [onEvents] mediaItemCount = 1
02-27 12:01:29.515 15440 15440 I TimberLogger: [PlatformPlayerClient] call [onEvents] mediaItemCount = 1
02-27 12:01:29.516 15440 15440 I TimberLogger: [PlatformPlayerClient] call [onLoadCompleted] loadEventInfo.uri = http://cache01-mag.msk.cdn.kion.ru/PLTV/88888888/224/3221228256/3221228256.mpd?zoneoffset=0&devkbps=1-7500&servicetype=1&icpid=&limitflux=-1&limitdur=-1&tenantId=703&accountinfo=%2C10001061878616%2C213.87.137.0%2C20250227090116%2Cepg14_ott%2C10001061878616%2C-1%2C0%2C1%2C%2C%2C2%2Clivetv_free_v2_flive_mts_ott_sdhd_b2c%2C%2C%2C2%2C10000072685093%2C0%2C10000045177531%2Cprod.b9cd4ccf61214eb7b583d0bbc1423ac1.c90ef458363b26e4%2C%2C%2C2%2C1%2C635853146%2CEND&GuardEncType=2&it=H4sIAAAAAAAAAE2OQQ6CMBREb9NlQytUWHSFMTEx1UR0a77tpxIKxRZNvL1AWLicyXuTGQNoPOykBm6w4AxTxlIu6twUBnGbiq3QucgKEvGlvOREg3NNb5U3s3a7lHeWUJ4yKjKabUg17-0dWJksqHp3DwxrmLwLhk-jUZpY0w9ECtYGtDA2vqdnB99rcCtCsFq_9W_nyDiHCmI7FeQJsfTdAAHN0duFkzW4iGQA3YJFBR3-eadgphM_-tKR7uwAAAA mediaLoadData.trackFormat?.toBundle() = null
02-27 12:01:29.516 15440 15440 I TimberLogger: [PlatformPlayerClient] call [onLoadCompleted] loadEventInfo.uri = http://cache01-mag.msk.cdn.kion.ru/PLTV/88888888/224/3221228256/3221228256.mpd?zoneoffset=0&devkbps=1-7500&servicetype=1&icpid=&limitflux=-1&limitdur=-1&tenantId=703&accountinfo=%2C10001061878616%2C213.87.137.0%2C20250227090116%2Cepg14_ott%2C10001061878616%2C-1%2C0%2C1%2C%2C%2C2%2Clivetv_free_v2_flive_mts_ott_sdhd_b2c%2C%2C%2C2%2C10000072685093%2C0%2C10000045177531%2Cprod.b9cd4ccf61214eb7b583d0bbc1423ac1.c90ef458363b26e4%2C%2C%2C2%2C1%2C635853146%2CEND&GuardEncType=2&it=H4sIAAAAAAAAAE2OQQ6CMBREb9NlQytUWHSFMTEx1UR0a77tpxIKxRZNvL1AWLicyXuTGQNoPOykBm6w4AxTxlIu6twUBnGbiq3QucgKEvGlvOREg3NNb5U3s3a7lHeWUJ4yKjKabUg17-0dWJksqHp3DwxrmLwLhk-jUZpY0w9ECtYGtDA2vqdnB99rcCtCsFq_9W_nyDiHCmI7FeQJsfTdAAHN0duFkzW4iGQA3YJFBR3-eadgphM_-tKR7uwAAAA mediaLoadData.trackFormat?.toBundle() = null
02-27 12:01:29.517 15440 15440 I TimberLogger: [PlatformPlayerClient] call [onEvents] mediaItemCount = 1
02-27 12:01:29.517 15440 15440 I TimberLogger: [PlatformPlayerClient] call [onEvents] mediaItemCount = 1
02-27 12:01:29.518 15440 15440 I TimberLogger: [PlatformPlayerClient] call [onTimelineChanged] reason = 1
02-27 12:01:29.518 15440 15440 I TimberLogger: [PlatformPlayerClient] call [onTimelineChanged] reason = 1
02-27 12:01:29.518 15440 15440 I TimberLogger: [LiveMediaProvider] getNowMs | elapsedRealtimeOffsetMs = 1740646889000 | elapsedSettledAtMs = 1740646889508
02-27 12:01:29.519 15440 15440 I TimberLogger: [LiveMediaProvider] getNowMs | now = 1740646889010 | realTimeGapWithDeviceTime = 508
02-27 12:01:29.519 15440 15440 I TimberLogger: [LiveMediaProvider] getNowMs | elapsedRealtimeOffsetMs = 1740646889000 | elapsedSettledAtMs = 1740646889508
02-27 12:01:29.519 15440 15440 I TimberLogger: [LiveMediaProvider] getNowMs | now = 1740646889011 | realTimeGapWithDeviceTime = 508
02-27 12:01:29.519 15440 15440 I TimberLogger: [LiveMediaProvider] on progress changed: PlayerProgress(max=3300, progress=689)
02-27 12:01:29.520 15440 15440 I TimberLogger: [LiveMediaProvider] cancel delay before playbill finished
02-27 12:01:29.520 15440 15440 I TimberLogger: [LiveMediaProvider] cancel delay before playbill finished
02-27 12:01:29.520 15440 15440 I TimberLogger: [LiveMediaProvider] getNowMs | elapsedRealtimeOffsetMs = 1740646889000 | elapsedSettledAtMs = 1740646889508
02-27 12:01:29.521 15440 21433 I TimberLogger: [LiveMediaProvider] delay before finished playbill 2611000
02-27 12:01:29.521 15440 15440 I TimberLogger: [LiveMediaProvider] getNowMs | now = 1740646889013 | realTimeGapWithDeviceTime = 508
02-27 12:01:29.522 15440 15440 I TimberLogger: [LiveMediaProvider] getNowMs | elapsedRealtimeOffsetMs = 1740646889000 | elapsedSettledAtMs = 1740646889508
02-27 12:01:29.522 15440 15440 I TimberLogger: [LiveMediaProvider] getNowMs | now = 1740646889014 | realTimeGapWithDeviceTime = 508
02-27 12:01:29.523 15440 15440 I TimberLogger: [PlatformPlayerClient] call [onEvents] mediaItemCount = 1
02-27 12:01:29.523 15440 15440 I TimberLogger: [PlatformPlayerClient] call [onEvents] mediaItemCount = 1
02-27 12:01:29.527  2069  2833 D OplusSmartBrightnessController: handleMessage MSG_LUX_CHANGED, mLux:22.556807 luxQueue=[22.556807, 22.556807, 22.556807, 22.556807, 22.556807, 22.556807, 22.556807, 22.556807, 22.556807, 22.556807]
02-27 12:01:29.548  3859  4909 D module-recovery:TelephonyInterface: getRealNrState start:0
02-27 12:01:29.641 20905  4331 D CustomLogManagerService: WorkHandler msg.what :5
02-27 12:01:29.642  2615  2667 D QmiVsClient: setAolScenario - enter
02-27 12:01:29.643  2615  2667 D VsProxy : handleMessage msg is 4001
02-27 12:01:29.644  2615  2667 D RadioProxy: setAolScenario : response cb for instance 0
02-27 12:01:29.645  3950  3985 D RadioProxyJ: [PHONE0][2065]< setAolScenarioResponse 
02-27 12:01:29.646 20905  4331 D CustomLogManagerService: checkUploadStatus: isSceenOn=true activeNetType=0 isCharging=true isUploading:false
02-27 12:01:29.646 20905  4331 D CustomLogManagerService: sys.log.customer=false
02-27 12:01:29.646 20905  4331 D CustomLogManagerService: isHaveCustomLogCollecting :false
02-27 12:01:29.647  1262  4979 I vendor.qti.bluetooth@1.0-ibs_handler: ProcessIbsCmd: Received IBS_WAKE_IND: 0xFD
02-27 12:01:29.647  1262  4979 D vendor.qti.bluetooth@1.0-ibs_handler: SerialClockVote: vote for UART CLK ON
02-27 12:01:29.648  1262  4979 D vendor.qti.bluetooth@1.0-wake_lock: Acquire wakelock is acquired 
02-27 12:01:29.648  1262  4979 I vendor.qti.bluetooth@1.0-ibs_handler: ProcessIbsCmd: Writing IBS_WAKE_ACK
02-27 12:01:29.688  1262  4979 I vendor.qti.bluetooth@1.0-ibs_handler: ProcessIbsCmd: Received IBS_SLEEP_IND: 0xFE
02-27 12:01:29.688  1262  4979 D vendor.qti.bluetooth@1.0-ibs_handler: SerialClockVote: vote for UART CLK OFF
02-27 12:01:29.723 15440 15440 I TimberLogger: [PlatformPlayerClient] call [onTimelineChanged] reason = 1
02-27 12:01:29.724 15440 15440 I TimberLogger: [PlatformPlayerClient] call [onTimelineChanged] reason = 1
02-27 12:01:29.725 15440 15440 I TimberLogger: [LiveMediaProvider] getNowMs | elapsedRealtimeOffsetMs = 1740646889000 | elapsedSettledAtMs = 1740646889508
02-27 12:01:29.725 15440 15440 I TimberLogger: [LiveMediaProvider] getNowMs | now = 1740646889217 | realTimeGapWithDeviceTime = 508
02-27 12:01:29.726 15440 15440 I TimberLogger: [LiveMediaProvider] getNowMs | elapsedRealtimeOffsetMs = 1740646889000 | elapsedSettledAtMs = 1740646889508
02-27 12:01:29.727 15440 15440 I TimberLogger: [LiveMediaProvider] getNowMs | now = 1740646889218 | realTimeGapWithDeviceTime = 508
02-27 12:01:29.727 15440 15440 I TimberLogger: [LiveMediaProvider] on progress changed: PlayerProgress(max=3300, progress=689)
02-27 12:01:29.728 15440 15440 I TimberLogger: [LiveMediaProvider] cancel delay before playbill finished
02-27 12:01:29.729 15440 15440 I TimberLogger: [LiveMediaProvider] cancel delay before playbill finished
02-27 12:01:29.730 15440 15440 I TimberLogger: [LiveMediaProvider] getNowMs | elapsedRealtimeOffsetMs = 1740646889000 | elapsedSettledAtMs = 1740646889508
02-27 12:01:29.730 15440 19520 I TimberLogger: [LiveMediaProvider] delay before finished playbill 2611000
02-27 12:01:29.730 15440 15440 I TimberLogger: [LiveMediaProvider] getNowMs | now = 1740646889222 | realTimeGapWithDeviceTime = 508
02-27 12:01:29.731 15440 15440 I TimberLogger: [LiveMediaProvider] getNowMs | elapsedRealtimeOffsetMs = 1740646889000 | elapsedSettledAtMs = 1740646889508
02-27 12:01:29.731 15440 15440 I TimberLogger: [LiveMediaProvider] getNowMs | now = 1740646889223 | realTimeGapWithDeviceTime = 508
02-27 12:01:29.733 15440 15440 I TimberLogger: [PlatformPlayerClient] call [onEvents] mediaItemCount = 1
02-27 12:01:29.734 15440 15440 I TimberLogger: [PlatformPlayerClient] call [onEvents] mediaItemCount = 1
02-27 12:01:29.735 15440 15440 I TimberLogger: [LiveMediaProvider] getNowMs | elapsedRealtimeOffsetMs = 1740646889000 | elapsedSettledAtMs = 1740646889508
02-27 12:01:29.735 15440 15440 I TimberLogger: [LiveMediaProvider] getNowMs | now = 1740646889227 | realTimeGapWithDeviceTime = 508
02-27 12:01:29.839  1262  4645 D vendor.qti.bluetooth@1.0-wake_lock: Release wakelock is released 
02-27 12:01:29.868  1250 15438 D DlbDap2Process: process() called [927000] times with input channel mask 0x3 (ProcessingMode=1)
02-27 12:01:29.922 15440 22230 I OplusFeedbackInfo: 0xb4000075319d1e00 c2.qti.avc.decoder 1920x1080 inputFps=24 outputFps=24 renderFps=25, discardFps=0
02-27 12:01:29.922 15440 22230 D mts.mtstv.debug: [notifyStatusToSF:L31] hdrtype is 0
02-27 12:01:29.988 15440 15440 I TimberLogger: [LiveMediaProvider] getNowMs | elapsedRealtimeOffsetMs = 1740646889000 | elapsedSettledAtMs = 1740646889508
02-27 12:01:29.989 15440 15440 I TimberLogger: [LiveMediaProvider] getNowMs | now = 1740646889480 | realTimeGapWithDeviceTime = 508
02-27 12:01:30.002 15440 15440 I TimberLogger: [DebugMessagesViewController] update flow event
02-27 12:01:30.119 15440 21421 I TimberLogger: (bandwidth_log) remaining 50 seconds to return default bandwidth 
02-27 12:01:30.242 15440 15440 I TimberLogger: [LiveMediaProvider] getNowMs | elapsedRealtimeOffsetMs = 1740646889000 | elapsedSettledAtMs = 1740646889508
02-27 12:01:30.243 15440 15440 I TimberLogger: [LiveMediaProvider] getNowMs | now = 1740646889735 | realTimeGapWithDeviceTime = 508
02-27 12:01:30.262  3859  4178 D CommonScenarios-134-10797: transportLayerQosChange TransportLayerData{link_index=18, uid=10797, uplink_srtt=177, uplink_packets=48, uplink_retrans_packets=1, uplink_retrans_rate=2, downlink_srtt=345, downlink_packets=46, downlink_retrans_packets=0, downlink_retrans_rate=0, downlink_rate=0, uplink_udp_packets=0, downlink_udp_packets=2, uplink_tcp_rate=5057, uplink_udp_rate=0, downlink_tcp_rate=54374, downlink_udp_rate=337}
02-27 12:01:30.263  3859  4178 D CommonScenarios-134-10797: ActiveState process message 2
02-27 12:01:30.263  3859  4178 D CommonScenarios-134-10797: ActiveState EVENT_NETWORK_KPI_CHANGE
02-27 12:01:30.263  3859  4178 D CommonScenarios-134-10797: scenarios 3 muplink_packets + mdownlink_packets > 10 avgRtt177
02-27 12:01:30.263  3859  4178 D CommonScenarios-134-10797: totalScore:88
02-27 12:01:30.263  3859  4178 D CommonScenarios-134-10797: ActiveState EVENT_NETWORK_KPI_CHANGE score 88 scenariosscenarios 3
02-27 12:01:30.263  3859  4178 D CommonScenarios-134-10797: notifyScoreChange 88
02-27 12:01:30.263  3859  4178 D CommonScenarios-134-10797: needNotify lastScore=100 score=88
02-27 12:01:30.263  3859  4178 D OLK-NAS : networkScoreChange networkId: 134 better = false, score = 88
02-27 12:01:30.263  2069  4088 E OplusNetworkStackManager: callback len = 6
02-27 12:01:30.264  3789 31094 E OplusNetworkStackManager: callback len = 2
02-27 12:01:30.264  3859  4178 D OLK-NAS : networkScoreChange len = 0
02-27 12:01:30.264  3859  4882 D module-recovery:TelephonyInterface: onTelephonyEventReport 0, 3026
02-27 12:01:30.265  3859  4882 D TelephonyManagerProxy: onTelephonyEventReport,cb list: 3
02-27 12:01:30.265  3859  4882 D TelephonyManagerProxy: onTelephonyEventReport,cb: m8.a$a@72c110c
02-27 12:01:30.265  3859  4882 D TelephonyManagerProxy: onTelephonyEventReport,cb: e8.d$a@6ccdb2f
02-27 12:01:30.265  3859  4882 D TelephonyManagerProxy: onTelephonyEventReport,cb: e8.d$a@55bd53c
02-27 12:01:30.265  3859  4882 D module-voice:TelephonyInterface: onTelephonyEventReport 0, 3026
02-27 12:01:30.269  3859  4063 E OplusDualPsManager: getDdsNetId, dual ps not init
02-27 12:01:30.370  1373  1428 D vendor.oplus.hardware.charger-V3-service: read content:,353,351,4420,4420,0,2000,1100,100,100,1,17,-1,5133,100,1,1048704,1,1,0,0,4435,0,3,0,3,0,1,0,-2740,0,4,2,0,0,0,0,0,0
02-27 12:01:30.370  1373  1428 D vendor.oplus.hardware.charger-V3-service: , ret_value:117
02-27 12:01:30.371  1373  1428 D vendor.oplus.hardware.charger-V3-service: gmtime: 2025-02-27-12-01-30
02-27 12:01:30.449 26430  7931 D ShellSubscriberWorkerThread: the first 8 bytes empty, and RestData length > 8 
02-27 12:01:30.497 15440 15440 I TimberLogger: [LiveMediaProvider] getNowMs | elapsedRealtimeOffsetMs = 1740646889000 | elapsedSettledAtMs = 1740646889508
02-27 12:01:30.498 15440 15440 I TimberLogger: [LiveMediaProvider] getNowMs | now = 1740646889990 | realTimeGapWithDeviceTime = 508
02-27 12:01:30.585  2069  3857 I OplusHansManager : uid=10795, pkg=com.google.android.apps.chromecast.app F enter(), M stay=3
02-27 12:01:30.590  2069  3857 I OplusHansManager : freeze uid: 10795 com.google.android.apps.chromecast.app pids: [6197] scene: LcdOn
02-27 12:01:30.591  9636 15728 D IHansComunication: HANS sendMessageToKernel: threadId = 515280452784, netLinkSetup = 1, type = PKG, targetUid = 10795, pkgCmd = ADD_ONE_UID
02-27 12:01:30.593  2069  3857 I OplusHansManager : uid=10649, pkg=com.vpn.free.hotspot.secure.vpnify F enter(), M stay=3
02-27 12:01:30.595  2069  3857 I OplusHansManager : freeze uid: 10649 com.vpn.free.hotspot.secure.vpnify pids: [21761, 21875] scene: LcdOn
02-27 12:01:30.595  2069  3857 I OplusHansManager : uid=10336, pkg=ru.mts.mymts F enter(), M stay=3
02-27 12:01:30.596  9636 15728 D IHansComunication: HANS sendMessageToKernel: threadId = 515280452784, netLinkSetup = 1, type = PKG, targetUid = 10649, pkgCmd = ADD_ONE_UID
02-27 12:01:30.596  2069  3857 I OplusHansManager : freeze uid: 10336 ru.mts.mymts pids: [18727, 21106] scene: LcdOn
02-27 12:01:30.597  9636 15728 D IHansComunication: HANS sendMessageToKernel: threadId = 515280452784, netLinkSetup = 1, type = PKG, targetUid = 10336, pkgCmd = ADD_ONE_UID
02-27 12:01:30.597  2069  3857 I OplusHansManager : uid=10411, pkg=ru.zen.android F enter(), M stay=3
02-27 12:01:30.599  2069  3857 I OplusHansManager : freeze uid: 10411 ru.zen.android pids: [19065, 18890, 18935] scene: LcdOn
02-27 12:01:30.600  9636 15728 D IHansComunication: HANS sendMessageToKernel: threadId = 515280452784, netLinkSetup = 1, type = PKG, targetUid = 10411, pkgCmd = ADD_ONE_UID
02-27 12:01:30.617  9636 15728 D IHansComunication: HANS sendMessageToKernel: threadId = 515280452784, netLinkSetup = 1, type = FROZEN_TRANS, targetUid = 10336, pkgCmd = PKG_CMD_MAX
02-27 12:01:30.751 15440 15440 I TimberLogger: [LiveMediaProvider] getNowMs | elapsedRealtimeOffsetMs = 1740646889000 | elapsedSettledAtMs = 1740646889508
02-27 12:01:30.752 15440 15440 I TimberLogger: [LiveMediaProvider] getNowMs | now = 1740646890244 | realTimeGapWithDeviceTime = 508
02-27 12:01:30.905 22303 22303 D BoundBrokerSvc: onUnbind: Intent { act=com.google.android.gms.safebrowsing.SafeBrowsingService.START dat=chimera-action:/... cmp=com.google.android.gms/.chimera.GmsBoundBrokerService mCallingUid=10797 }
02-27 12:01:30.906  2069  4088 W ProcessStats: Tracking association SourceState{8893586 ru.mts.mtstv.debug/10797 BTop #57507} whose proc state 2 is better than process ProcessState{bc5b142 com.android.vending/10153 pkg=com.android.vending} proc state 8 (84 skipped)
02-27 12:01:30.922 15440 22230 I OplusFeedbackInfo: 0xb4000075319d1e00 c2.qti.avc.decoder 1920x1080 inputFps=26 outputFps=25 renderFps=25, discardFps=0
02-27 12:01:30.923 15440 22230 D mts.mtstv.debug: [notifyStatusToSF:L31] hdrtype is 0
02-27 12:01:30.944 15440 21421 I TimberLogger: [AudioErrorControllerImpl] changeSecurityLevelIfNeeded, errorSum = 0
02-27 12:01:30.946 15440 21421 I TimberLogger: Waterbase remote config [player_audio_problems_check_interval] = "5000" (remote)
02-27 12:01:30.947 15440 21421 I TimberLogger: Waterbase remote config [player_audio_problems_limit] = "0.0037" (remote)
02-27 12:01:30.948 15440 21421 I Config-DataBase: [switch_encryption_mode]->[null] (db config waterbase)
02-27 12:01:30.949 15440 21421 I Config-Waterbase: [switch_encryption_mode]->[true] (waterbase)
02-27 12:01:30.951 15440 21421 I TimberLogger: [SecurityLevelConfigProviderImpl] forcedL3DeviceList: [samsung_SM-A415F]
02-27 12:01:30.952 15440 21421 I TimberLogger: [SecurityLevelRepositoryImpl] get forcedSecurityLevel: forced = null, currentDevice = realme_RMX2202
02-27 12:01:30.952 15440 21421 I TimberLogger: [SecurityLevelRepositoryImpl] isNeedChangeSecurityLevel isSwitchEncryptionModeEnabled = true
02-27 12:01:30.952 15440 21421 I TimberLogger: securityLevelWasChanged = false
02-27 12:01:30.952 15440 21421 I TimberLogger: changedSecurityLevel = null
02-27 12:01:30.952 15440 21421 I TimberLogger: isBuffering = false
02-27 12:01:30.952 15440 21421 I TimberLogger: freezeReason = AUDIO
02-27 12:01:30.952 15440 21421 I TimberLogger: problemsLevel = 0.0
02-27 12:01:30.952 15440 21421 I TimberLogger: problemsLimit = 0.0037
02-27 12:01:30.952 15440 21421 I TimberLogger: problemsLevel > problemsLimit = false
02-27 12:01:30.952 15440 21421 I TimberLogger: forcedSecurityLevel == null
02-27 12:01:30.954 15440 21421 I Config-DataBase: [switch_encryption_mode]->[null] (db config waterbase)
02-27 12:01:30.954 15440 21421 I Config-Waterbase: [switch_encryption_mode]->[true] (waterbase)
02-27 12:01:30.956 15440 21421 I TimberLogger: Waterbase remote config [player_audio_problems_check_interval] = "5000" (remote)
02-27 12:01:31.005 15440 15440 I TimberLogger: [LiveMediaProvider] getNowMs | elapsedRealtimeOffsetMs = 1740646889000 | elapsedSettledAtMs = 1740646889508
02-27 12:01:31.006 15440 15440 I TimberLogger: [LiveMediaProvider] getNowMs | now = 1740646890498 | realTimeGapWithDeviceTime = 508
02-27 12:01:31.008 15440 15440 I TimberLogger: [DebugMessagesViewController] update flow event
02-27 12:01:31.011 15440 22238 D PipelineWatcher: [0xb4000075227d80c0] pipelineFull: too many frames in pipeline (6)
02-27 12:01:31.127 15440 21010 I TimberLogger: (bandwidth_log) remaining 49 seconds to return default bandwidth 
02-27 12:01:31.154  1558  5182 D SurfaceFlinger: captureDisplay from pid 1558 uid -1 display 4630946741972277890
02-27 12:01:31.217  1558  5182 D SurfaceFlinger: captureDisplay from pid 1558 uid -1 display 4630946741972277890
02-27 12:01:31.260 15440 15440 I TimberLogger: [LiveMediaProvider] getNowMs | elapsedRealtimeOffsetMs = 1740646889000 | elapsedSettledAtMs = 1740646889508
02-27 12:01:31.260 15440 15440 I TimberLogger: [LiveMediaProvider] getNowMs | now = 1740646890752 | realTimeGapWithDeviceTime = 508
02-27 12:01:31.278  1558  5182 D SurfaceFlinger: captureDisplay from pid 1558 uid -1 display 4630946741972277890
02-27 12:01:31.286  3859  4178 D CommonScenarios-134-10797: transportLayerQosChange TransportLayerData{link_index=18, uid=10797, uplink_srtt=213, uplink_packets=32, uplink_retrans_packets=0, uplink_retrans_rate=0, downlink_srtt=393, downlink_packets=37, downlink_retrans_packets=0, downlink_retrans_rate=0, downlink_rate=0, uplink_udp_packets=0, downlink_udp_packets=0, uplink_tcp_rate=1866, uplink_udp_rate=0, downlink_tcp_rate=48097, downlink_udp_rate=0}
02-27 12:01:31.287  3859  4178 D CommonScenarios-134-10797: ActiveState process message 2
02-27 12:01:31.287  3859  4178 D CommonScenarios-134-10797: ActiveState EVENT_NETWORK_KPI_CHANGE
02-27 12:01:31.287  3859  4178 D CommonScenarios-134-10797: scenarios 3 muplink_packets + mdownlink_packets > 10 avgRtt213
02-27 12:01:31.287  3859  4178 D CommonScenarios-134-10797: totalScore:88
02-27 12:01:31.287  3859  4178 D CommonScenarios-134-10797: ActiveState EVENT_NETWORK_KPI_CHANGE score 88 scenariosscenarios 3
02-27 12:01:31.287  3859  4178 D CommonScenarios-134-10797: notifyScoreChange 88
02-27 12:01:31.288  3859  4178 D CommonScenarios-134-10797: needNotify lastScore=88 score=88
02-27 12:01:31.288  3859  4178 D CommonScenarios-134-10797: score diff < 5
02-27 12:01:31.288  3859  4178 D CommonScenarios-134-10797: not need notify score change, return
02-27 12:01:31.320  2069  3352 I [UAH_CLIENT_WRAPPER]: [UahNotifyWapper] inputflinger, src:1000, type:0
02-27 12:01:31.321  2069  3378 D system_server: addOrUpdateWindow: set 2935a81 ru.mts.mtstv.debug/ru.mts.mtstv3.ui.MainActivity firstDownTimeInTarget to 14905122293000
02-27 12:01:31.321  2069  3378 D system_server: addOrUpdateWindow: set [Gesture Monitor] OplusExInputReceiver1 firstDownTimeInTarget to 14905122293000
02-27 12:01:31.321  1558  1878 D VRR [OTI]: handleIdle from 1 to 0
02-27 12:01:31.321  1558  1878 D VRR [OTI-HW]: isStateReady 0
02-27 12:01:31.321  1558  1878 D VRR [OTI-HW]: rate range: min {id=1, hwcId=1, resolution=1080x2400, refreshRate=60.00 Hz, dpi=409.43x409.13, group=0} cur {id=1, hwcId=1, resolution=1080x2400, refreshRate=60.00 Hz, dpi=409.43x409.13, group=0} max {id=1, hwcId=1, resolution=1080x2400, refreshRate=60.00 Hz, dpi=409.43x409.13, group=0}
02-27 12:01:31.321  1558  1878 D VRR [OTI-HW]: keep rate.
02-27 12:01:31.322  2069  3378 D PowerManagerService: userActivityNoUpdateLocked: groupId=0, eventTime=14905122, event=touch, flags=0x0, uid=1000
02-27 12:01:31.322  2069  3352 I [UAH_CLIENT]: uahRuleCtl, ruleId:1000, status:0
02-27 12:01:31.323 15440 15440 D AutofillManager: Fill dialog is enabled:false, hints=[password, passwordAuto, creditCardNumber, creditCardSecurityCode, creditCardExpirationDate]
02-27 12:01:31.324 15440 15440 V AutofillManager: requestHideFillUi(null): anchor = null
02-27 12:01:31.324  2069  3352 I [UAH_CLIENT_WRAPPER]: [UahEventAcquireWrapper] eventId:OSENSE_ACTION_TOUCH_BOOST, scene:none, identity:inputflinger, timeout:150
02-27 12:01:31.324  2069  3352 I [UAH_CLIENT]: UahEventAcquire, cmdid:37, pkg:none, identity:inputflinger
02-27 12:01:31.328  2069  3567 D OGG_Detector: D:done mCurrStatus: 0
02-27 12:01:31.329 15440 15440 D OplusSystemUINavigationGestureExtImpl: regionString = null
02-27 12:01:31.330 15440 15738 D OplusSystemUINavigationGestureExtImpl: regionString = null
02-27 12:01:31.334  1558  5182 D SurfaceFlinger: captureDisplay from pid 1558 uid -1 display 4630946741972277890
02-27 12:01:31.357  2069  3342 D FusionLightExtImpl: processRawLux stop to shot
02-27 12:01:31.357  2069  3342 D FusionLightExtImpl: processRawLux ShotOnce, after outEvent->light = 22.482225, comp_lux = 164.774429, RGB(67.000000, 67.000000, 67.000000), C = 56.000000, threshold = 1000, mBrightLevel = 2047
02-27 12:01:31.420  2069  3378 D PowerManagerService: userActivityNoUpdateLocked: groupId=0, eventTime=14905222, event=touch, flags=0x0, uid=1000
02-27 12:01:31.427  2069  3352 I [UAH_CLIENT_WRAPPER]: [UahNotifyWapper] inputflinger, src:1000, type:1
02-27 12:01:31.428  2069  3352 I [UAH_CLIENT]: uahRuleCtl, ruleId:1000, status:1
02-27 12:01:31.430 15440 15440 D ViewRootImplExtImpl: the up motion event handled by client, just return
02-27 12:01:31.515 15440 15440 I TimberLogger: [LiveMediaProvider] getNowMs | elapsedRealtimeOffsetMs = 1740646889000 | elapsedSettledAtMs = 1740646889508
02-27 12:01:31.516 15440 15440 I TimberLogger: [LiveMediaProvider] getNowMs | now = 1740646891008 | realTimeGapWithDeviceTime = 508
02-27 12:01:31.593  9636 15728 D IHansComunication: HANS sendMessageToKernel: threadId = 515280452784, netLinkSetup = 1, type = FROZEN_TRANS, targetUid = 10795, pkgCmd = PKG_CMD_MAX
02-27 12:01:31.595  9636 15728 D IHansComunication: HANS sendMessageToKernel: threadId = 515280452784, netLinkSetup = 1, type = FROZEN_TRANS, targetUid = 10649, pkgCmd = PKG_CMD_MAX
02-27 12:01:31.599  9636 15728 D IHansComunication: HANS sendMessageToKernel: threadId = 515280452784, netLinkSetup = 1, type = FROZEN_TRANS, targetUid = 10411, pkgCmd = PKG_CMD_MAX
02-27 12:01:31.710 15440 15440 I TimberLogger: (bandwidth_log) new bandwidth value received: 101907416
02-27 12:01:31.713 15440 15440 I TimberLogger: [PlatformPlayerClient] call [onBandwidthEstimate] totalLoadTimeMs = 2078 totalBytesLoaded = 103440 bitrateEstimate = 101907416
02-27 12:01:31.714 15440 15440 I TimberLogger: [PlatformPlayerClient] call [onBandwidthEstimate] totalLoadTimeMs = 2078 totalBytesLoaded = 103440 bitrateEstimate = 101907416
02-27 12:01:31.714 15440 15440 I TimberLogger: [PlatformPlayerClient] call [onEvents] mediaItemCount = 1
02-27 12:01:31.715 15440 15440 I TimberLogger: [PlatformPlayerClient] call [onEvents] mediaItemCount = 1
02-27 12:01:31.716 15440 15440 I TimberLogger: [PlatformPlayerClient] call [onLoadCompleted] loadEventInfo.uri = http://cache01-mag.msk.cdn.kion.ru/PLTV/88888888/224/3221228256/LV_AU_AAC_192_audio_599880.m4a?hw_dash=1&servicetype=1&zoneoffset=0&devkbps=1-7500&limitflux=-1&limitdur=-1&tenantId=703 mediaLoadData.trackFormat?.toBundle() = Bundle[{0=LV_AU_AAC_192_audio, 1=null, 2=ru, 3=0, 4=0, 5=-1, 6=192000, 7=mp4a.40.2, 8=null, 9=audio/mp4, a=audio/mp4a-latm, b=-1, d=androidx.media3.common.DrmInitData@13890a7d, e=9223372036854775807, f=-1, g=-1, h=-1.0, i=0, j=1.0, k=null, l=-1, n=-1, o=48000, p=-1, q=0, r=0, s=-1, t=2, u=-1, v=-1}]
02-27 12:01:31.716 15440 15440 I TimberLogger: [PlatformPlayerClient] call [onLoadCompleted] loadEventInfo.uri = http://cache01-mag.msk.cdn.kion.ru/PLTV/88888888/224/3221228256/LV_AU_AAC_192_audio_599880.m4a?hw_dash=1&servicetype=1&zoneoffset=0&devkbps=1-7500&limitflux=-1&limitdur=-1&tenantId=703 mediaLoadData.trackFormat?.toBundle() = Bundle[{0=LV_AU_AAC_192_audio, 1=null, 2=ru, 3=0, 4=0, 5=-1, 6=192000, 7=mp4a.40.2, 8=null, 9=audio/mp4, a=audio/mp4a-latm, b=-1, d=androidx.media3.common.DrmInitData@13890a7d, e=9223372036854775807, f=-1, g=-1, h=-1.0, i=0, j=1.0, k=null, l=-1, n=-1, o=48000, p=-1, q=0, r=0, s=-1, t=2, u=-1, v=-1}]
02-27 12:01:31.717 15440 15440 I TimberLogger: [PlatformPlayerClient] call [onEvents] mediaItemCount = 1
02-27 12:01:31.718 15440 15440 I TimberLogger: [PlatformPlayerClient] call [onEvents] mediaItemCount = 1
02-27 12:01:31.719 15440 15440 I TimberLogger: [PlatformPlayerClient] call [onTimelineChanged] reason = 1
02-27 12:01:31.719 15440 15440 I TimberLogger: [PlatformPlayerClient] call [onTimelineChanged] reason = 1
02-27 12:01:31.720 15440 15440 I TimberLogger: [LiveMediaProvider] getNowMs | elapsedRealtimeOffsetMs = 1740646889000 | elapsedSettledAtMs = 1740646889508
02-27 12:01:31.720 15440 15440 I TimberLogger: [LiveMediaProvider] getNowMs | now = 1740646891212 | realTimeGapWithDeviceTime = 508
02-27 12:01:31.721 15440 15440 I TimberLogger: [LiveMediaProvider] getNowMs | elapsedRealtimeOffsetMs = 1740646889000 | elapsedSettledAtMs = 1740646889508
02-27 12:01:31.721 15440 15440 I TimberLogger: [LiveMediaProvider] getNowMs | now = 1740646891213 | realTimeGapWithDeviceTime = 508
02-27 12:01:31.722 15440 15440 I TimberLogger: [LiveMediaProvider] on progress changed: PlayerProgress(max=3300, progress=691)
02-27 12:01:31.722 15440 15440 I TimberLogger: [LiveMediaProvider] cancel delay before playbill finished
02-27 12:01:31.722 15440 15440 I TimberLogger: [LiveMediaProvider] cancel delay before playbill finished
02-27 12:01:31.723 15440 21010 I TimberLogger: [LiveMediaProvider] delay before finished playbill 2609000
02-27 12:01:31.723 15440 15440 I TimberLogger: [LiveMediaProvider] getNowMs | elapsedRealtimeOffsetMs = 1740646889000 | elapsedSettledAtMs = 1740646889508
02-27 12:01:31.724 15440 15440 I TimberLogger: [LiveMediaProvider] getNowMs | now = 1740646891215 | realTimeGapWithDeviceTime = 508
02-27 12:01:31.724 15440 15440 I TimberLogger: [LiveMediaProvider] getNowMs | elapsedRealtimeOffsetMs = 1740646889000 | elapsedSettledAtMs = 1740646889508
02-27 12:01:31.724 15440 15440 I TimberLogger: [LiveMediaProvider] getNowMs | now = 1740646891216 | realTimeGapWithDeviceTime = 508
02-27 12:01:31.725 15440 15440 I TimberLogger: [PlatformPlayerClient] call [onEvents] mediaItemCount = 1
02-27 12:01:31.725 15440 15440 I TimberLogger: [PlatformPlayerClient] call [onEvents] mediaItemCount = 1
02-27 12:01:31.770 15440 15440 I TimberLogger: [LiveMediaProvider] getNowMs | elapsedRealtimeOffsetMs = 1740646889000 | elapsedSettledAtMs = 1740646889508
02-27 12:01:31.771 15440 15440 I TimberLogger: [LiveMediaProvider] getNowMs | now = 1740646891263 | realTimeGapWithDeviceTime = 508
02-27 12:01:31.843 15440 21395 I Analytics-Service: event was sent: EventToSend(eventName=measure_api_call, params={duration=1717, path=https://static.kion.ru/check/pixel.png, code=200, request_type=GET, host=static.kion.ru}) with sender: ru.mts.mtstv3.services.KionMetricaAnalyticSender
02-27 12:01:31.844 15440 21009 I Config-DataBase: [swap_auth_enabled]->[null] (db config waterbase)
02-27 12:01:31.846 15440 21395 I TimberLogger: <-- 200 https://static.kion.ru/check/pixel.png (2875ms)
02-27 12:01:31.847 15440 21395 I TimberLogger: server: nginx
02-27 12:01:31.847 15440 21395 I TimberLogger: date: Thu, 27 Feb 2025 09:01:31 GMT
02-27 12:01:31.848 15440 21395 I TimberLogger: content-type: image/png
02-27 12:01:31.848 15440 21395 I TimberLogger: content-length: 69
02-27 12:01:31.849 15440 21395 I TimberLogger: last-modified: Thu, 11 Jul 2024 08:52:13 GMT
02-27 12:01:31.849 15440 21395 I TimberLogger: x-rgw-object-type: Normal
02-27 12:01:31.850 15440 21395 I TimberLogger: etag: "a1cf09b59e5060f3beccdcf7a37189f0"
02-27 12:01:31.850 15440 21395 I TimberLogger: x-amz-request-id: tx00000c240a5a8bb7873f2-006745a100-3f68f362-ru-msk-dr3-2.store.cloud.mts.ru
02-27 12:01:31.850 15440 21395 I TimberLogger: strict-transport-security: max-age=15724800; includeSubDomains
02-27 12:01:31.850 15440 21395 I TimberLogger: expires: Fri, 29 Nov 2024 10:20:48 GMT
02-27 12:01:31.850 15440 21395 I TimberLogger: cache-control: max-age=259200
02-27 12:01:31.851 15440 21395 I TimberLogger: cache-control: public, no-transform
02-27 12:01:31.851 15440 21395 I TimberLogger: cache: HIT
02-27 12:01:31.851 15440 21395 I TimberLogger: x-cached-since: 2025-02-26T10:21:11+00:00
02-27 12:01:31.851 15440 21395 I TimberLogger: x-node: m9p-up-gc89
02-27 12:01:31.851 15440 21395 I TimberLogger: accept-ranges: bytes
02-27 12:01:31.852 15440 21395 I TimberLogger: <-- END HTTP (binary 69-byte body omitted)
02-27 12:01:31.853 15440 15440 D TimberLogger: onlineNotifier.isOnlineStateFlow return true
02-27 12:01:31.854 15440 15440 I TimberLogger: [InternetConnectionHandlingViewModel] CheckInternet: PageNetworkState = ONLINE
02-27 12:01:31.854 15440 15440 I Config-DataBase: [swap_auth_enabled]->[null] (db config waterbase)
02-27 12:01:31.854 15440 19520 I TimberLogger: LazyOnlineState = ONLINE
02-27 12:01:31.855 15440 15440 I Config-DataBase: [swap_auth_enabled]->[null] (db config waterbase)
02-27 12:01:31.855 15440 22246 I Config-DataBase: [swap_auth_enabled]->[null] (db config waterbase)
02-27 12:01:31.855 15440 15440 D TimberLogger: onlineNotifier.isOnlineStateFlow return true
02-27 12:01:31.855 15440 15440 I TimberLogger: [InternetConnectionHandlingViewModel] CheckInternet: PageNetworkState = ONLINE
02-27 12:01:31.856 15440 15440 D TimberLogger: onlineNotifier.isOnlineStateFlow return true
02-27 12:01:31.856 15440 15440 I TimberLogger: [InternetConnectionHandlingViewModel] CheckInternet: PageNetworkState = ONLINE
02-27 12:01:31.856 15440 15440 D TimberLogger: onlineNotifier.isOnlineStateFlow return true
02-27 12:01:31.856 15440 15440 I TimberLogger: [InternetConnectionHandlingViewModel] CheckInternet: PageNetworkState = ONLINE
02-27 12:01:31.857 15440 15440 D TimberLogger: onlineNotifier.isOnlineStateFlow return true
02-27 12:01:31.857 15440 15440 I TimberLogger: [InternetConnectionHandlingViewModel] CheckInternet: PageNetworkState = ONLINE
02-27 12:01:31.857 15440 15440 D TimberLogger: onlineNotifier.isOnlineStateFlow return true
02-27 12:01:31.858 15440 15440 I TimberLogger: [InternetConnectionHandlingViewModel] CheckInternet: PageNetworkState = ONLINE
02-27 12:01:31.858 15440 15440 D TimberLogger: onlineNotifier.isOnlineStateFlow return true
02-27 12:01:31.858 15440 15440 I TimberLogger: [InternetConnectionHandlingViewModel] CheckInternet: PageNetworkState = ONLINE
02-27 12:01:31.858 15440 15440 D TimberLogger: onlineNotifier.isOnlineStateFlow return true
02-27 12:01:31.858 15440 15440 I TimberLogger: [InternetConnectionHandlingViewModel] CheckInternet: PageNetworkState = ONLINE
02-27 12:01:31.859 15440 15440 D TimberLogger: onlineNotifier.isOnlineStateFlow return true
02-27 12:01:31.859 15440 15440 I TimberLogger: [InternetConnectionHandlingViewModel] CheckInternet: PageNetworkState = ONLINE
02-27 12:01:31.859 15440 21435 I Analytic-Sender-KionMetrica: send name=measure_api_call, bundle={referer=/channels, build_manufacturer=realme, code=200, request_type=GET, experiments=[glagne_filter:yes, hw_channels_shelf_from_mgw:false, vitrina_check_pc_pin:true, retention_mindbox_sdk_enabled:true, retention_new_thanks_for_payment_screen_enabled:false, core_new_internet_check_enabled:true, chromecast_enable:yes, retention_contr_offer_visual_diff_enabled:true, series_trailers_enable:true, similar_shelf_source:mgw, player_core_mgw_meta:false, universal_onboarding_enabled:true, moneta_allowed_payment_account:allowed, ai_voices_shelf_books_enabled:true, hw_show_switching_buttons:true, player_core_extension_renderer_mode_enabled:false, player_core_cust_audio_gv:, Auth_chat_bot_sdk_enabled:true, auth_feature_onboarding_enabled:1, Auth_not_ask_again:true, vitrina_tabbar_redesign_enabled:true, moneta_packages_mixed_root:ChannelPackages,AmediatekaPackages, Auth_app_update_type:None, moneta_mobile_commerce_enabled:false, hw_switching_delay_time:1000, hw_catchup_depth_limit:false, vitrina_check_age_not_auth:true, acq_paywall:0, Auth_google_account_data_enabled:1, player_core_analytics_enable:true, auth_cc_globalCodecs:H.264, moneta_swap_purchase:true, moneta_delay_purchase:2000, moneta_promo_banner:true, player_core_release_timeout:500, auth_ecosystem_avatars_config_url:https://ru-msk-2.store.cloud.mts.ru/prod-avatars/kion-default-avatars/metadata.json, cold_warm_start_enabled:1, Auth_pin_redisign_enabled:true, kion_metrica_enabled:true, player_tv_subtitles:true, player_core_ads_with_gaid:false, AI_Voices_actors_on_pause_enabled:true, retention_recom_enabled:true, moneta_beta_tester_enabled:false, Auth_vpn_popup_show:0, moneta_prime_onboarding:1, Auth_tinder_like:1, vitrina_faq_url:smartfoni_i_plansheti_na_android, ai_voices_music_from_blender:, vitrina_bookmarks_provider:mgw, auth_cc_globalDefinitions:0,1, player_core_mgw_download:false, switch_encryption_mode:true, hw_catchup_shelf_status:2, retention_subscription_settings_type:0, activation_notification_demo_subscription:true, player_core_enable_async_media_codec_queueing:false, player_core_cust_audio_el:, refresh_token_enabled:1, acq_more_screen_config:{
02-27 12:01:31.859 15440 21435 I Analytic-Sender-KionMetrica:   "login": {
02-27 12:01:31.859 15440 21435 I Analytic-Sender-KionMetrica:     "title": "  ",
02-27 12:01:31.859 15440 21435 I Analytic-Sender-KionMetrica:     "description": "   ,   5    ",
02-27 12:01:31.859 15440 21435 I Analytic-Sender-KionMetrica:     "buttonVariant": "MTS_ID"
02-27 12:01:31.859 15440 21435 I Analytic-Sender-KionMetrica:   },
02-27 12:01:31.859 15440 21435 I Analytic-Sender-KionMetrica:   "subscription": {
02-27 12:01:31.859 15440 21435 I Analytic-Sender-KionMetrica:     "title": " ",
02-27 12:01:31.859 15440 21435 I Analytic-Sender-KionMetrica:     "description": "   ,   5    "
02-27 12:01:31.859 15440 21435 I Analytic-Sender-KionMetrica:   },
02-27 12:01:31.859 15440 15440 D TimberLogger: onlineNotifier.isOnlineStateFlow return true
02-27 12:01:31.859 15440 15440 I TimberLogger: [InternetConnectionHandlingViewModel] CheckInternet: PageNetworkState = ONLINE
02-27 12:01:31.859 15440 15440 D TimberLogger: onlineNotifier.isOnlineStateFlow return true
02-27 12:01:31.859 15440 15440 I TimberLogger: [InternetConnectionHandlingViewModel] CheckInternet: PageNetworkState = ONLINE
02-27 12:01:31.860 15440 15440 D TimberLogger: onlineNotifier.isOnlineStateFlow return true
02-27 12:01:31.860 15440 21435 I Analytic-Sender-KionMetrica:   "promoCode": {
02-27 12:01:31.860 15440 15440 I TimberLogger: [InternetConnectionHandlingViewModel] CheckInternet: PageNetworkState = ONLINE
02-27 12:01:31.860 15440 15440 D TimberLogger: onlineNotifier.isOnlineStateFlow return true
02-27 12:01:31.860 15440 22246 I TimberLogger: VITRINA_MODEL: interactor onLazyOfflineState ONLINE
02-27 12:01:31.860 15440 15440 I TimberLogger: [InternetConnectionHandlingViewModel] CheckInternet: PageNetworkState = ONLINE
02-27 12:01:31.860 15440 22246 I VITRINA_MODEL: setNeedToRefresh null CLEAR_CACHE_ONLY
02-27 12:01:31.860 15440 15440 I TimberLogger: [ErrorPlayerViewController] internetObserver isOnline = true, lastNetworkState = OFFLINE
02-27 12:01:31.861 15440 21435 I Analytic-Sender-KionMetrica:     "title": " ",
02-27 12:01:31.861 15440 21435 I Analytic-Sender-KionMetrica:     "description": "   "
02-27 12:01:31.861 15440 21435 I Analytic-Sender-KionMetrica:   }
02-27 12:01:31.861 15440 21435 I Analytic-Sender-KionMetrica: }, vitrina_search_ui:mgw, hw_fav_channels_meta_from_mgw:false, auth_type:websso, vitrina_favorite_vod_provider:mgw, moneta_offer_after_unsubs:1, vitrina_voice_search_enabled:false, cold_warm_mgw_config_id:glo_intro_1341, hw_channel_genres_subjects_root:genreschannels, swap_auth_short_token_enabled:true, player_core_amount_observation_exo_player_provider:2, player_core_bookmark_interval:300, message_badhabit_duration:3000, confirm_name_popup:0, hw_now_on_tv_shelf_from_mgw:false, player_timing_scheme:urn:mpeg:dash:utc:http-iso:2014, retention_swap_counter_offer_enabled:false, Auth_pin_biometry_enabled:true, show_zero_series:true, Auth_animation_suc:1, player_core_amediateka_force_ru_subtitles_enabled:false, player_core_enable_decoder_fallback:false, Auth_start_profile_choose:true, player_core_sync_codec_interactions_with_queueing:false, retention_push_browser_enabled:true, age_player_label_time:8000, Auth_pin_onboarding:true, Auth_stories_enabled:Ellipse, player_core_release_timeout_enabled:false, player_core_detach_surface_timeout_enabled:false, player_core_is_enable_observation_exo_player_provider:false, live_cdn_error_handling_turn_on:false, ds_mgw_shkurka_enabled:false, vitrina_content_card_provider:mgw, player_core_mgw_playback_control:false, hw_programs_meta_from_mgw:false, player_core_detach_surface_timeout:2000, Auth_delete_acc_enabled:true, moneta_offer_for_price:all, internet_alternative_check_urls:["http://api.browser.yandex.ru/generate_204", "http://connectivitycheck.gstatic.com/generate_204"], hw_program_reminder_enabled:true, player_core_cust_audio_ch:, moneta_mobile_commerce_blocked_promo_products:false, retention_is_ums_sdk_enabled:false, retention_premium_benefits_enabled:true, player_is_catch_custom_drm_exception:false, hw_show_extended_tv_filters:true, acq_paywall_usp:1, ecosystem_profile:1, player_core_bandwidth_life_time:60, Autoplay_similar_movies_enable:true, player_core_cust_audio_to:, moneta_purchase_immediate:2, moneta_card_by_nfc_camera:1, auth_cc_feedbackTopics:[
02-27 12:01:31.861 15440 21435 I Analytic-Sender-KionMetrica:   " ",
02-27 12:01:31.861 15440 21435 I Analytic-Sender-KionMetrica:   "  ",
02-27 12:01:31.861 15440 21435 I Analytic-Sender-KionMetrica:   " ",
02-27 12:01:31.861 15440 21435 I Analytic-Sender-KionMetrica:   "   , , ",
02-27 12:01:31.861 15440 21435 I Analytic-Sender-KionMetrica:   "  ",
02-27 12:01:31.861 15440 21435 I Analytic-Sender-KionMetrica:   "  ",
02-27 12:01:31.861 15440 21435 I Analytic-Sender-KionMetrica:   ""
02-27 12:01:31.861 15440 21435 I Analytic-Sender-KionMetrica: ], player_core_analytics_systems:["yandex", "km"], ai_voices_stroki_from_blender:stroki_top, retention_is_thanks_page_premium_enabled:true, hw_tabbar_new_year_icons:false, vitrina_content_card_trailer_season:false, tnps_enabled:true, auth_cc_pinReqPeriod:600, player_core_mgw_actor_shelf:true, player_core_can_send_media_codec_error_event:false, vitrina_use_rkn_pin_cache:false, AI_Voices_serials_in_player_panel:false, player_core_bandwidth_feature_enabled:true, moneta_swap_my_purchase:false, Auth_websso_access_token_status:1, moneta_allowed_payment_in_app:allowed, Auth_change_avatar_addit_profile:1, moneta_mts_pay_sdk:false, must_auth:1, player_core_cust_audio_ie:, player_is_security_level_selector_enabled:true, acq_more_screen_enabled:true, player_core_play_heart_bit_interval:300, hw_channels_meta_from_mgw:false, Ai_Voices_music:, vitrina_check_rkn_pin:false, trailer_in_first_episode:0, moneta_purchase_check_interval:1,2,1,6,4,4,4, connect_device_enabled:true, player_core_cust_audio_io:, retention_is_thanks_page_ozon_enabled:true, moneta_name_button_trial:2, player_core_enable_player_provider:false, player_core_cust_audio_an:, avod:true, vitrina_vertical_content_ids:glo_serial_mts_64621000, player_core_cust_audio_rm:, retention_onboarding_enabled:true, moneta_packages_svod_root:SVODpackage,AmediatekaPackagesSVOD, acq_onbording_banner_config:{"title":" \n ","subTitle":",     \n   Premium","coloredText":"3   249 ","mainButtonText":" ","mainButtonId":"subscription","mainButtonLink":"/my/subscriptions/","secondaryButtonText":" ","secondaryButtonId":"promocode","secondaryButtonLink":"/promo/promocode","image":{"xs":"https://static.kion.ru/kds/neaz_banner/base0124/banner_base_0124_xs.webp","s":"https://static.kion.ru/kds/neaz_banner/base0124/banner_base_0124_s.webp","m":"https://static.kion.ru/kds/neaz_banner/base0124/banner_base_0124_m.webp","l":"https://static.kion.ru/kds/neaz_banner/base0124/banner_base_0124_l.webp"}}, hw_locked_channels_meta_from_mgw:false, hw_channel_switch_mode:false, moneta_is_mytracker_counter_enabled:false, hw_epg_cache:false, player_timing_value:https://time.akamai.com/?iso, moneta_allowed_payment_pgw:allowed, core_mgw_init_from_shared:true, vitrina_long_click_menu_android:true, moneta_packages_channels_root:MixedPackages,MixedPackages2,MixedPackages3,stableMixedPackages3, moneta_scenario_pay_code:TEST_CONFIRMATION, acq_onboarding_banner_enabled:true, retention_new_thanks_subs:, must_auth_seamless:1, retention_frozen_sub_enabled:true], waterbase_device_id=c90ef458363b26e4, user_device_is_tv=0, screen=/tv_player, event_source=android-mobile, huawei_subscriber_id=prod.6d2238cd9deb4b3e88872fc0673, duration=1717, path=https://static.kion.ru/check/pixel.png, profile_age=18, build_model=RMX2202, profile_id=prod.6d2238cd9deb4b3e88872fc0673, is_rooted=false, host=static.kion.ru}
02-27 12:01:31.862 15440 15440 I TimberLogger: ru.mts.mtstv3.common_android.viewModels.ObservableUseCaseCommand@67cf27c: ru.mts.mtstv_business_layer.usecases.room.RoomPutUserActivityUseCase@a49b2a5 UseCase success from ManagingDownloadsServiceImpl
02-27 12:01:31.862 15440 19520 D StatsPrinter: Event stats: INBOX [13/20], SENDING [0], RETRY [0/300]
02-27 12:01:31.882 15440 15776 D CCodecBuffers: [c2.android.aac.decoder#385:EncryptedInput.Impl[N]] codec released a buffer owned by client (index 0)
02-27 12:01:31.917  5361  7030 D OplusAtlas.OplusMessageHandler: handleMessage: Msg { when=-4ms what=0 target=com.oplus.atlas.OplusMessageHandler$MyHandler }
02-27 12:01:31.923 15440 22230 I OplusFeedbackInfo: 0xb4000075319d1e00 c2.qti.avc.decoder 1920x1080 inputFps=22 outputFps=22 renderFps=25, discardFps=0
02-27 12:01:31.923 15440 22230 D mts.mtstv.debug: [notifyStatusToSF:L31] hdrtype is 0
02-27 12:01:32.007 15440 15440 I TimberLogger: [DebugMessagesViewController] update flow event
02-27 12:01:32.032 15440 15440 I TimberLogger: [LiveMediaProvider] getNowMs | elapsedRealtimeOffsetMs = 1740646889000 | elapsedSettledAtMs = 1740646889508
02-27 12:01:32.032 15440 15440 I TimberLogger: [LiveMediaProvider] getNowMs | now = 1740646891524 | realTimeGapWithDeviceTime = 508
02-27 12:01:32.136 15440 21421 I TimberLogger: (bandwidth_log) remaining 48 seconds to return default bandwidth 
02-27 12:01:32.286 15440 15440 I TimberLogger: [LiveMediaProvider] getNowMs | elapsedRealtimeOffsetMs = 1740646889000 | elapsedSettledAtMs = 1740646889508
02-27 12:01:32.286 15440 15440 I TimberLogger: [LiveMediaProvider] getNowMs | now = 1740646891778 | realTimeGapWithDeviceTime = 508
02-27 12:01:32.309  3859  4178 D CommonScenarios-134-10797: transportLayerQosChange TransportLayerData{link_index=18, uid=10797, uplink_srtt=172, uplink_packets=31, uplink_retrans_packets=1, uplink_retrans_rate=3, downlink_srtt=784, downlink_packets=44, downlink_retrans_packets=0, downlink_retrans_rate=0, downlink_rate=0, uplink_udp_packets=0, downlink_udp_packets=0, uplink_tcp_rate=1909, uplink_udp_rate=0, downlink_tcp_rate=54505, downlink_udp_rate=0}
02-27 12:01:32.310  3859  4178 D CommonScenarios-134-10797: ActiveState process message 2
02-27 12:01:32.310  3859  4178 D CommonScenarios-134-10797: ActiveState EVENT_NETWORK_KPI_CHANGE
02-27 12:01:32.310  3859  4178 D CommonScenarios-134-10797: scenarios 3 muplink_packets + mdownlink_packets > 10 avgRtt172
02-27 12:01:32.310  3859  4178 D CommonScenarios-134-10797: totalScore:87
02-27 12:01:32.310  3859  4178 D CommonScenarios-134-10797: ActiveState EVENT_NETWORK_KPI_CHANGE score 87 scenariosscenarios 3
02-27 12:01:32.310  3859  4178 D CommonScenarios-134-10797: notifyScoreChange 87
02-27 12:01:32.310  3859  4178 D CommonScenarios-134-10797: needNotify lastScore=88 score=87
02-27 12:01:32.310  3859  4178 D CommonScenarios-134-10797: score diff < 5
02-27 12:01:32.310  3859  4178 D CommonScenarios-134-10797: not need notify score change, return
02-27 12:01:32.408  1317 22232 I QC2Comp : [avcD_165] Stats: Pending(10) i/p-done(6) Works: Q: 396/Done 388|Work-Rate: Q(24.0/s Avg=25.5/s) Done(23.997/s Avg=24.964/s)| Stream: 25.00fps 5.0Mbps
02-27 12:01:32.408  1317 22232 I QC2Comp : Mem-usage:  [In-1D - 4 bufs 11.953 MB] [1D-0 - 12 bufs 0.188 MB] [2D-166 - 24 bufs 73.688 MB]
02-27 12:01:32.408  1317 22232 I QC2Comp : Total Mem-usage: 85.828 MB
