02-27 12:01:32.571 15440 22504 I OplusWhiteListCache: No boost info for this activity.
02-27 12:01:32.571 15440 22504 I OplusWhiteListCache: Process boost info is valid.
02-27 12:01:32.571 15440 22504 D OplusWhiteListCache: No ux info
02-27 12:01:32.571 15440 22504 D OplusWhiteListCache: Find activity[ru.mts.mtstv3.ui.MainActivity/Decoder] boost info []
02-27 12:01:32.571 15440 22504 I OplusWhiteListCache: No boost info for this activity.
02-27 12:01:32.571 15440 22504 I OplusWhiteListCache: activityName[ru.mts.mtstv3.ui.MainActivity/Decoder] cache is valid
02-27 12:01:32.571 15440 22504 D OplusWhiteListCache: No cluster info
02-27 12:01:32.571 15440 22504 D OplusCCodec: uxInfo.needVendorBoost: 0
02-27 12:01:32.571 15440 22504 D OplusCCodec: No boost info
02-27 12:01:32.571 15440 22504 D OplusCCodec: setSurface [1320]: (0xb4000074c3515c00) 
02-27 12:01:32.572 15440 22504 D CCodec  : [c2.qti.avc.decoder] buffers are bound to CCodec for this session
02-27 12:01:32.573 15440 22504 D CCodecConfig: no c2 equivalents for log-session-id
02-27 12:01:32.573 15440 22504 D CCodecConfig: no c2 equivalents for color-standard
02-27 12:01:32.573 15440 22504 D CCodecConfig: no c2 equivalents for csd-1
02-27 12:01:32.573 15440 22504 D CCodecConfig: no c2 equivalents for tp-ux-tid
02-27 12:01:32.573 15440 22504 D CCodecConfig: no c2 equivalents for native-window
02-27 12:01:32.573 15440 22504 D CCodecConfig: no c2 equivalents for flags
02-27 12:01:32.573 15440 22504 D ReflectedParamUpdater: vendor.oplus.vpp.white.list.value found, but param #1107330561 isn't present to update
02-27 12:01:32.574  1317  1855 I vendor.qti.media.c2@1.0-service: get enum 0 from HQV_MODE_OFF
02-27 12:01:32.574  1317  1855 I QC2VppFilterCaps: Seeting CNR is only allowed when mode is manual: mode=HQV_MODE_OFF
02-27 12:01:32.574  1317  1855 I QC2VppFilterCaps: Setting AIS is only allowed when mode is manual: mode=HQV_MODE_OFF
02-27 12:01:32.574  1317  1855 I QC2VppFilterCaps: Setting FRC is only allowed when mode is manual: mode=HQV_MODE_OFF
02-27 12:01:32.574  1317  1855 I QC2VppFilterCaps: Setting EAR is only allowed when mode is manual: mode=HQV_MODE_OFF
02-27 12:01:32.574  1317  1855 I QC2VppFilterCaps: Setting AIE is only allowed when mode is manual: mode=HQV_MODE_OFF
02-27 12:01:32.575 15440 22504 D CCodecConfig: c2 config diff is   c2::float coded.frame-rate.value = 25
02-27 12:01:32.575 15440 22504 D CCodecConfig:   c2::u32 default.color.matrix = 1
02-27 12:01:32.575 15440 22504 D CCodecConfig:   c2::u32 default.color.primaries = 1
02-27 12:01:32.575 15440 22504 D CCodecConfig:   c2::u32 default.color.range = 2
02-27 12:01:32.575 15440 22504 D CCodecConfig:   c2::u32 default.color.transfer = 3
02-27 12:01:32.575 15440 22504 D CCodecConfig:   c2::u32 input.buffers.max-size.value = 3133440
02-27 12:01:32.575 15440 22504 D CCodecConfig:   c2::u32 raw.max-size.height = 720
02-27 12:01:32.575 15440 22504 D CCodecConfig:   c2::u32 raw.max-size.width = 1280
02-27 12:01:32.575 15440 22504 D CCodecConfig:   c2::u32 raw.size.height = 720
02-27 12:01:32.575 15440 22504 D CCodecConfig:   c2::u32 raw.size.width = 1280
02-27 12:01:32.575  1317  1855 E QC2Interface: Failed to query parameters
02-27 12:01:32.576 15440 22504 W Codec2Client: query -- param skipped: index = 1107298332.
02-27 12:01:32.576 15440 22504 D CCodec  : client requested max input size 49423, which is smaller than what component recommended (3133440); overriding with component recommendation.
02-27 12:01:32.576 15440 22504 W CCodec  : This behavior is subject to change. It is recommended that app developers double check whether the requested max input size is in reasonable range.
02-27 12:01:32.576 15440 22504 D CCodec  : encoding statistics level = 0
02-27 12:01:32.576 15440 22504 D CCodec  : setup formats input: AMessage(what = 0x00000000) = {
02-27 12:01:32.576 15440 22504 D CCodec  :   int32_t feature-secure-playback = 0
02-27 12:01:32.576 15440 22504 D CCodec  :   int32_t frame-rate = 25
02-27 12:01:32.576 15440 22504 D CCodec  :   int32_t height = 720
02-27 12:01:32.576 15440 22504 D CCodec  :   int32_t max-input-size = 3133440
02-27 12:01:32.576 15440 22504 D CCodec  :   string mime = "video/avc"
02-27 12:01:32.576 15440 22504 D CCodec  :   int32_t priority = 0
02-27 12:01:32.576 15440 22504 D CCodec  :   int32_t profile = 8
02-27 12:01:32.576 15440 22504 D CCodec  :   int32_t width = 1280
02-27 12:01:32.576 15440 22504 D CCodec  :   Rect crop(0, 0, 1279, 719)
02-27 12:01:32.576 15440 22504 D CCodec  : }
02-27 12:01:32.576 15440 22504 D CCodec  : setup formats output: AMessage(what = 0x00000000) = {
02-27 12:01:32.576 15440 22504 D CCodec  :   int32_t android._color-format = 0
02-27 12:01:32.576 15440 22504 D CCodec  :   int32_t android._video-scaling = 1
02-27 12:01:32.576 15440 22504 D CCodec  :   int32_t android._dataspace = 260
02-27 12:01:32.576 15440 22504 D CCodec  :   int32_t color-standard = 130817
02-27 12:01:32.576 15440 22504 D CCodec  :   int32_t color-range = 2
02-27 12:01:32.576 15440 22504 D CCodec  :   int32_t color-transfer = 65791
02-27 12:01:32.576 15440 22504 D CCodec  :   int32_t sar-height = 1
02-27 12:01:32.576 15440 22504 D CCodec  :   int32_t rotation-degrees = 0
02-27 12:01:32.576 15440 22504 D CCodec  :   Buffer hdr-static-info = {
02-27 12:01:32.576 15440 22504 D CCodec  :     00000000:  00 00 00 00 00 00 00 00  00 00 00 00 00 00 00 00  ................
02-27 12:01:32.576 15440 22504 D CCodec  :     00000010:  00 00 00 00 00 00 00 00  00                       .........
02-27 12:01:32.576 15440 22504 D CCodec  :   }
02-27 12:01:32.576 15440 22504 D CCodec  :   int32_t sar-width = 1
02-27 12:01:32.576 15440 22504 D CCodec  :   Rect crop(0, 0, 1279, 719)
02-27 12:01:32.576 15440 22504 D CCodec  :   int32_t width = 1280
02-27 12:01:32.576 15440 22504 D CCodec  :   int32_t feature-secure-playback = 0
02-27 12:01:32.576 15440 22504 D CCodec  :   int32_t frame-rate = 25
02-27 12:01:32.576 15440 22504 D CCodec  :   int32_t height = 720
02-27 12:01:32.576 15440 22504 D CCodec  :   int32_t max-height = 720
02-27 12:01:32.576 15440 22504 D CCodec  :   int32_t max-width = 1280
02-27 12:01:32.576 15440 22504 D CCodec  :   string mime = "video/raw"
02-27 12:01:32.576 15440 22504 D CCodec  :   int32_t priority = 0
02-27 12:01:32.576 15440 22504 D CCodec  :   int32_t color-format = 2130708361
02-27 12:01:32.576 15440 22504 D CCodec  : }
02-27 12:01:32.576  1317  1855 E QC2Interface: Failed to query parameters
02-27 12:01:32.576 15440 22504 I CCodecConfig: query failed after returning 17 values (BAD_INDEX)
02-27 12:01:32.576 15440 22503 D MediaCodec: [0xb4000074b6e73000] setState: 4
02-27 12:01:32.577 15440 22162 D MediaCodec: keep callback message for reclaim
02-27 12:01:32.578 15440 22503 D MediaCodec: [0xb4000074b6e73000] setState: 5
02-27 12:01:32.579  1317 22505 I QC2Registry: Build pipelined codec for session
02-27 12:01:32.579  1317 22505 I QC2Registry: Getting stages for pipelined codec
02-27 12:01:32.579  1317 22505 I QC2Registry: Pipelining enabled
02-27 12:01:32.579  1317 22505 I QC2Registry: Requested codec is pipelined. Create codec list
02-27 12:01:32.579  1317 22505 I QC2Registry: Pipeline Index = a000a00c
02-27 12:01:32.579  1317 22505 I QC2Registry: Filter c2.qti.vpp.filter can't be pipelined
02-27 12:01:32.579  1317 22505 I QC2Registry: Filter c2.qti.vpp.filter.secure can't be pipelined
02-27 12:01:32.579  1317 22505 I QC2Registry: Pipeline Index = a0008620
02-27 12:01:32.579  1317 22505 I QC2Registry: Filter c2.oplus.vpp.filter can't be pipelined
02-27 12:01:32.579  1317 22505 I QC2Registry: Created 0 codecs for pipelined codec c2.qti.avc.decoder
02-27 12:01:32.580  1317 22505 I QC2V4l2Driver: [avcD_166] Device /dev/video32 opened with fd: 25
02-27 12:01:32.582  1317 22505 W QC2V4l2Codec: [avcD_166] unknown/unsupported param qti-ext-vpp-internal-only index = 0x4200A000
02-27 12:01:32.582  1317 22505 W QC2V4l2Codec: [avcD_166] unknown/unsupported param qti-ext-vpp-internal-only index = 0x4200A001
02-27 12:01:32.582  1317 22505 W QC2V4l2Codec: [avcD_166] unknown/unsupported param default.color index = 0x5200180B
02-27 12:01:32.582  1317 22505 W QC2V4l2Codec: [avcD_166] unknown/unsupported param raw.max-size index = 0x52002003
02-27 12:01:32.582  1317 22505 W QC2V4l2Codec: [avcD_166] unknown/unsupported param qti-ext-vpp-internal-only index = 0x5200A000
02-27 12:01:32.582  1317 22505 W QC2V4l2Codec: [avcD_166] unknown/unsupported param qti-ext-vpp-internal-only index = 0x5200A001
02-27 12:01:32.582  1317 22505 W QC2V4l2Codec: [avcD_166] unknown/unsupported param qti-ext-vpp index = 0x5200A002
02-27 12:01:32.582  1317 22505 W QC2V4l2Codec: [avcD_166] unknown/unsupported param qti-ext-vpp-cnr index = 0x5200A003
02-27 12:01:32.582  1317 22505 W QC2V4l2Codec: [avcD_166] unknown/unsupported param qti-ext-vpp-aie index = 0x5200A004
02-27 12:01:32.582  1317 22505 W QC2V4l2Codec: [avcD_166] unknown/unsupported param qti-ext-vpp-frc index = 0x5200A005
02-27 12:01:32.582  1317 22505 W QC2V4l2Codec: [avcD_166] unknown/unsupported param qti-ext-vpp-ear index = 0x5200A006
02-27 12:01:32.582  1317 22505 W QC2V4l2Codec: [avcD_166] unknown/unsupported param qti-ext-vpp-ais index = 0x5200A007
02-27 12:01:32.582  1317 22505 W QC2V4l2Codec: [avcD_166] unknown/unsupported param qti-ext-vpp-demo index = 0x5200A008
02-27 12:01:32.582  1317 22505 W QC2V4l2Codec: [avcD_166] unknown/unsupported param qti-ext-vpp-internal-only index = 0x5200A009
02-27 12:01:32.582  1317 22505 W QC2V4l2Codec: [avcD_166] unknown/unsupported param qti-ext-vpp-bypass index = 0x5200A00E
02-27 12:01:32.582  1317 22505 W QC2V4l2Codec: [avcD_166] unknown/unsupported param qti-ext-vpp-extradata index = 0x5201A00F
02-27 12:01:32.582  1317 22505 W QC2V4l2Codec: [avcD_166] unknown/unsupported param oplus-vpp-filter-enable index = 0xA0008620
02-27 12:01:32.582  1317 22505 W QC2V4l2Codec: [avcD_166] unknown/unsupported param oplus-sr-enable index = 0xA0008621
02-27 12:01:32.582  1317 22505 W QC2V4l2Codec: [avcD_166] unknown/unsupported param oplus-osie-enable index = 0xA0008622
02-27 12:01:32.582  1317 22505 W QC2V4l2Codec: [avcD_166] unknown/unsupported param oplus-calling-pid index = 0xA0008623
02-27 12:01:32.582  1317 22505 W QC2V4l2Codec: [avcD_166] unknown/unsupported param oplus-ffmode-check-disable index = 0xA0008624
02-27 12:01:32.582  1317 22505 W QC2V4l2Codec: [avcD_166] unknown/unsupported param oplus-app-id index = 0xA0008625
02-27 12:01:32.582  1317 22505 W QC2V4l2Codec: [avcD_166] unknown/unsupported param oplus-draw-curtain-disable index = 0xA0008626
02-27 12:01:32.582  1317 22505 W QC2V4l2Codec: [avcD_166] unknown/unsupported param qti-ext-vpp-internal-only index = 0xA000A00C
02-27 12:01:32.582  1317 22505 W QC2V4l2Codec: [avcD_166] unknown/unsupported param input.buffers.max-size index = 0xC200081E
02-27 12:01:32.582  1317 22505 E QC2V4l2Codec: [avcD_166]  ? is not a supported pixel format!
02-27 12:01:32.582  1317 22505 W QC2V4l2Codec: [avcD_166] unknown/unsupported param qti-ext-vpp-preset index = 0xD201A00D
02-27 12:01:32.582  1317 22505 I QC2Buf  : use shared ref tracker
02-27 12:01:32.582  1317 22505 I QC2Buf  : Reconfig: clearing from 0 bufs. Peak mem=0 MB
02-27 12:01:32.582  1317 22505 I QC2Buf  : Reconfig: clearing from 0 bufs. Peak mem=0 MB
02-27 12:01:32.589  1317  1855 E QC2Interface: Failed to query parameters
02-27 12:01:32.589 15440 22504 W Codec2Client: query -- param skipped: index = 1342179345.
02-27 12:01:32.589 15440 22504 W Codec2Client: query -- param skipped: index = 2415921170.
02-27 12:01:32.589 15440 22504 W Codec2Client: query -- param skipped: index = 1610614798.
02-27 12:01:32.590  1317  1855 E QC2Interface: Failed to query parameters
02-27 12:01:32.590 15440 22504 D CCodecBufferChannel: [c2.qti.avc.decoder#879] Query input allocators returned 0 params => BAD_INDEX (6)
02-27 12:01:32.591 15440 22504 D BufferPoolAccessor2.0: bufferpool2 0xb40000756ffd2028 : 4(32768 size) total buffers - 4(32768 size) used buffers - 0/4 (recycle/alloc) - 4/742 (fetch/transfer)
02-27 12:01:32.591 15440 22504 D CCodecBufferChannel: [c2.qti.avc.decoder#879] Created input block pool with allocatorID 16 => poolID 55 - OK (0)
02-27 12:01:32.591 15440 22504 D CCodecBufferChannel: [c2.qti.avc.decoder#879] start: max output delay 19
02-27 12:01:32.591  1317  1855 E QC2Interface: Failed to query parameters
02-27 12:01:32.591 15440 22504 D CCodecBufferChannel: [c2.qti.avc.decoder#879] Query output allocators returned 0 params => BAD_INDEX (6)
02-27 12:01:32.591  1317  1855 E QC2Interface: Failed to query parameters
02-27 12:01:32.591 15440 22504 D CCodecBufferChannel: [c2.qti.avc.decoder#879] Query output surface allocator returned 0 params => BAD_INDEX (6)
02-27 12:01:32.592 15440 22504 I CCodecBufferChannel: [c2.qti.avc.decoder#879] Created output block pool with allocatorID 18 => poolID 167 - OK
02-27 12:01:32.592 15440 22504 D CCodecBufferChannel: [c2.qti.avc.decoder#879] Configured output block pool ids 167 => OK
02-27 12:01:32.592 15440 22504 D CCodecBufferChannel: [0xb40000751c479e18] [c2.qti.avc.decoder#879] start: output->outputDelay 8, output->numSlots 12
02-27 12:01:32.592 15440 22504 D Codec2-OutputBufferQueue: remote graphic buffer migration 0/0
02-27 12:01:32.593  1317  1855 E QC2Interface: Few parameters failed to configure
02-27 12:01:32.593 15440 22504 D Codec2Client: setOutputSurface -- failed to set consumer usage (6/BAD_INDEX)
02-27 12:01:32.593 15440 22504 D Codec2Client: setOutputSurface -- generation=15810614 consumer usage=0x900
02-27 12:01:32.595  1317  1855 D C2BqBuffer: local generation change 15810614 , bqId: 66314295050279 migrated buffers # 0
02-27 12:01:32.595 15440 22504 D Codec2Client: Surface configure completed
02-27 12:01:32.595 15440 22504 D CCodecBufferChannel: [c2.qti.avc.decoder#879] start: updating output delay 8
02-27 12:01:32.600  1317  1855 E QC2Interface: Failed to query parameters
02-27 12:01:32.601  2105 15365 W ResourceManagerService: Ignoring request to add new resource entry with value <= 0
02-27 12:01:32.603 15440 22503 D MediaCodec: [0xb4000074b6e73000] setState: 6
02-27 12:01:32.604 15440 15440 I TimberLogger: [VastPlayer] call [onVideoDecoderInitialized] decoderName = c2.qti.avc.decoder initializationDurationMs = 92
02-27 12:01:32.604 15440 15440 I TimberLogger: [VastPlayer] call [onVideoDecoderInitialized] decoderName = c2.qti.avc.decoder initializedTimestampMs = 89560772initializationDurationMs = 92
02-27 12:01:32.605 15440 15440 I TimberLogger: [VastPlayer] call [onEvents] mediaItemCount = 1
02-27 12:01:32.605 15440 15440 I TimberLogger: [VastPlayer] call [onVideoInputFormatChanged] format = id=1, mimeType=video/avc, codecs=avc1.640028, res=1280x720, color=BT709/Limited range/SDR SMPTE 170M/8/8, fps=25.0
02-27 12:01:32.605 15440 15440 I TimberLogger: [VastPlayer] call [onVideoInputFormatChanged] format = Format(1, null, null, video/avc, avc1.640028, -1, null, [1280, 720, 25.0, ColorInfo(BT709, Limited range, SDR SMPTE 170M, false, 8bit Luma, 8bit Chroma)], [-1, -1]) decoderName = null decoderReuseResult = null
02-27 12:01:32.606 15440 15440 I TimberLogger: [VastPlayer] call [onEvents] mediaItemCount = 1
02-27 12:01:32.606 15440 15440 I TimberLogger: downstreamFormat [eventTime=16.84, mediaPos=0.00, window=0, period=0, id=2, mimeType=audio/mp4a-latm, bitrate=128008, codecs=mp4a.40.2, channels=2, sample_rate=44100, language=en]
02-27 12:01:32.606 15440 15440 I TimberLogger: [VastPlayer] call [onDownstreamFormatChanged] eventTime = androidx.media3.exoplayer.analytics.AnalyticsListener$EventTime@e686fdfa bitrate = 128008
02-27 12:01:32.607  1317  1855 E FMQ     : grantorIdx must be less than 3
02-27 12:01:32.607 15440 15440 I TimberLogger: [VastPlayer] call [onEvents] mediaItemCount = 1
02-27 12:01:32.608 15440 22162 I DMCodecAdapterFactory: Creating an asynchronous MediaCodec adapter for track type audio
02-27 12:01:32.608  1317 22505 I QC2Buf  : use shared ref tracker
02-27 12:01:32.608  1317 22505 I QC2Buf  : Reconfig: clearing from 0 bufs. Peak mem=0 MB
02-27 12:01:32.608  1317 22505 I QC2Buf  : Reconfig: clearing from 0 bufs. Peak mem=0 MB
02-27 12:01:32.608 15440 22162 D MediaCodec: CreateByComponentName: name c2.android.aac.decoder
02-27 12:01:32.608 15440 22162 W libc    : Access denied finding property "vendor.debug.stagefright.mediacodec.trace"
02-27 12:01:32.609 15440 22162 W libc    : Access denied finding property "vendor.debug.stagefright.BufferCount"
02-27 12:01:32.609 15440 22162 W libc    : Access denied finding property "vendor.debug.stagefright.BufferCount"
02-27 12:01:32.609 15440 22162 D CCodecBufferChannel: mBufferCountDebug=0 mIsUserLoad=1
02-27 12:01:32.609 15440 22162 D OplusCCodec: OplusCCodec [274]: (0xb4000074c3516b00)
02-27 12:01:32.610 15440 22162 W libc    : Access denied finding property "vendor.oplus.media.vpp.stutter"
02-27 12:01:32.610  2127  2127 D MMListService: getListValueByUid module:sr-osie-whitelist, uid:10797
02-27 12:01:32.610 15440 22162 V ListServiceUtils: getListValueByUid module:sr-osie-whitelist uid:10797 cost 150us return 0
02-27 12:01:32.610 15440 22162 V ListServiceUtils: checkInListByUid start module:video-setsurface-error uid:10797  time 14906413659us
02-27 12:01:32.611 15440 22162 V ListServiceUtils: checkInListByUid end module:video-setsurface-error uid:10797  time 14906413731us
02-27 12:01:32.611 15440 22162 D ListServiceUtils: checkInListByUid module:video-setsurface-error uid:10797 cost 72us return 0
02-27 12:01:32.611 15440 22162 W libc    : Access denied finding property "vendor.debug.stagefright.BufferCount"
02-27 12:01:32.611 15440 22162 W libc    : Access denied finding property "vendor.debug.stagefright.BufferCount"
02-27 12:01:32.611 15440 22162 D CCodecBufferChannel: mBufferCountDebug=0 mIsUserLoad=1
02-27 12:01:32.611 15440 22162 D MediaCodec: [0xb4000074cbce2000] init: CCodec 0xb4000074c3516b00, CCodecBufferChannel 0xb40000751c47a418
02-27 12:01:32.611 15440 22511 D MediaCodec: [0xb4000074cbce2000] setState: 1
02-27 12:01:32.611 15440 22511 D CCodec  : allocate(c2.android.aac.decoder)
02-27 12:01:32.613 15440 22504 D CCodecConfig: c2 config diff is   c2::u32 output.delay.value = 10
02-27 12:01:32.613 15440 15776 D CCodecBufferChannel: [c2.qti.avc.decoder#879] Ignoring stale input buffer done callback: last flush index = 0, frameIndex = 0
02-27 12:01:32.613 15440 22504 D CCodecBufferChannel: [c2.qti.avc.decoder#879] onWorkDone: updating output delay 10
02-27 12:01:32.613 15440 22504 I CCodecBufferChannel: [c2.qti.avc.decoder#879] onWorkDone: updating max output delay 17
02-27 12:01:32.613 15440 22504 D Codec2-OutputBufferQueue: set max dequeue count 17 from update
02-27 12:01:32.613 15440 22511 I CCodec  : setting up 'default' as default (vendor) store
02-27 12:01:32.615  2361  3672 D BufferPoolAccessor2.0: bufferpool2 0xb400007853c0e628 : 0(0 size) total buffers - 0(0 size) used buffers - 0/0 (recycle/alloc) - 0/0 (fetch/transfer)
02-27 12:01:32.615  2361  3672 D BufferPoolAccessor2.0: bufferpool2 0xb400007853c52628 : 4(16384 size) total buffers - 1(4096 size) used buffers - 734/738 (recycle/alloc) - 4/738 (fetch/transfer)
02-27 12:01:32.615 15440 22511 I CCodec  : Created component [c2.android.aac.decoder]
02-27 12:01:32.616 15440 22511 D CCodecBufferChannel: [0xb40000751c47a418] setComponent: mName c2.android.aac.decoder#928, mPipelineWatcher 0xb40000751c47a8c0
02-27 12:01:32.616 15440 22511 D CCodecBufferChannel: PipelineWatcher debug info [c2.android.aac.decoder#928] enable=0
02-27 12:01:32.616 15440 22511 D CCodecConfig: read media type: audio/mp4a-latm
02-27 12:01:32.618 15440 22511 D ReflectedParamUpdater: extent() != 1 for single value type: algo.buffers.max-count.values
02-27 12:01:32.618 15440 22511 D ReflectedParamUpdater: extent() != 1 for single value type: output.subscribed-indices.values
02-27 12:01:32.618 15440 22511 D ReflectedParamUpdater: extent() != 1 for single value type: input.buffers.allocator-ids.values
02-27 12:01:32.618 15440 22511 D ReflectedParamUpdater: extent() != 1 for single value type: output.buffers.allocator-ids.values
02-27 12:01:32.618 15440 22511 D ReflectedParamUpdater: extent() != 1 for single value type: algo.buffers.allocator-ids.values
02-27 12:01:32.619 15440 22511 D ReflectedParamUpdater: extent() != 1 for single value type: output.buffers.pool-ids.values
02-27 12:01:32.619 15440 22511 D ReflectedParamUpdater: extent() != 1 for single value type: algo.buffers.pool-ids.values
02-27 12:01:32.621 15440 22511 I CCodecConfig: query failed after returning 20 values (BAD_INDEX)
02-27 12:01:32.621 15440 22511 D CCodecConfig: c2 config diff is Dict {
02-27 12:01:32.621 15440 22511 D CCodecConfig:   c2::u32 coded.aac-packaging.value = 0
02-27 12:01:32.621 15440 22511 D CCodecConfig:   c2::u32 coded.bitrate.value = 64000
02-27 12:01:32.621 15440 22511 D CCodecConfig:   c2::u32 coded.pl.level = 0
02-27 12:01:32.621 15440 22511 D CCodecConfig:   c2::u32 coded.pl.profile = 8192
02-27 12:01:32.621 15440 22511 D CCodecConfig:   c2::i32 coding.drc.album-mode.value = 0
02-27 12:01:32.621 15440 22511 D CCodecConfig:   c2::float coding.drc.attenuation-factor.value = 1
02-27 12:01:32.621 15440 22511 D CCodecConfig:   c2::float coding.drc.boost-factor.value = 1
02-27 12:01:32.621 15440 22511 D CCodecConfig:   c2::i32 coding.drc.compression-mode.value = 3
02-27 12:01:32.621 15440 22511 D CCodecConfig:   c2::i32 coding.drc.effect-type.value = 3
02-27 12:01:32.621 15440 22511 D CCodecConfig:   c2::float coding.drc.encoded-level.value = 0.25
02-27 12:01:32.621 15440 22511 D CCodecConfig:   c2::float coding.drc.reference-level.value = -16
02-27 12:01:32.621 15440 22511 D CCodecConfig:   c2::u32 input.buffers.max-size.value = 8192
02-27 12:01:32.621 15440 22511 D CCodecConfig:   c2::u32 input.delay.value = 0
02-27 12:01:32.621 15440 22511 D CCodecConfig:   string input.media-type.value = "audio/mp4a-latm"
02-27 12:01:32.621 15440 22511 D CCodecConfig:   c2::u32 output.delay.value = 2
02-27 12:01:32.621 15440 22511 D CCodecConfig:   c2::float output.drc.output-loudness.value = 0.25
02-27 12:01:32.621 15440 22511 D CCodecConfig:   string output.media-type.value = "audio/raw"
02-27 12:01:32.621 15440 22511 D CCodecConfig:   c2::u32 raw.channel-count.value = 1
02-27 12:01:32.621 15440 22511 D CCodecConfig:   c2::u32 raw.channel-mask.value = 0
02-27 12:01:32.621 15440 22511 D CCodecConfig:   c2::u32 raw.max-channel-count.value = 8
02-27 12:01:32.621 15440 22511 D CCodecConfig:   c2::u32 raw.sample-rate.value = 44100
02-27 12:01:32.621 15440 22511 D CCodecConfig: }
02-27 12:01:32.622 15440 22511 D MediaCodec: [0xb4000074cbce2000] setState: 2
02-27 12:01:32.625 15440 22511 I MediaCodec: MediaCodec will operate in async mode
02-27 12:01:32.625 15440 22162 I MediaCodec: [0xb4000074cbce2000] [c2.android.aac.decoder] configure, format : AMessage(what = 0x00000000) = {
02-27 12:01:32.625 15440 22162 I MediaCodec:   string log-session-id = "ZNYLXXgF6OQ8PS8I"
02-27 12:01:32.625 15440 22162 I MediaCodec:   int32_t sample-rate = 44100
02-27 12:01:32.625 15440 22162 I MediaCodec:   string mime = "audio/mp4a-latm"
02-27 12:01:32.625 15440 22162 I MediaCodec:   int32_t channel-count = 2
02-27 12:01:32.625 15440 22162 I MediaCodec:   int32_t priority = 0
02-27 12:01:32.625 15440 22162 I MediaCodec:   int32_t max-output-channel-count = 99
02-27 12:01:32.625 15440 22162 I MediaCodec:   int32_t max-input-size = 575
02-27 12:01:32.625 15440 22162 I MediaCodec:   Buffer csd-0 = {
02-27 12:01:32.625 15440 22162 I MediaCodec:     00000000:  12 10 56 e5 00                                    ..V..
02-27 12:01:32.625 15440 22162 I MediaCodec:   }
02-27 12:01:32.625 15440 22162 I MediaCodec: }
02-27 12:01:32.625 15440 22511 D MediaCodec: flushMediametrics
02-27 12:01:32.625 15440 22511 D MediaCodec: [0xb4000074cbce2000] setState: 3
02-27 12:01:32.625 15440 22511 I OplusCCodec: configEncoderFilter enter, mIsEncoder: 0
02-27 12:01:32.625 15440 22511 D OplusCCodec: [initiateConfigureComponent:L1174] OplusFeedbackInfo  mFeedbackID:-5476376645389423872
02-27 12:01:32.625 15440 22511 D OplusCCodec: configureInputDelay [1331]: (0xb4000074c3516b00)
02-27 12:01:32.625 15440 22511 D OplusVideoBoost: OplusVideoBoost remote
02-27 12:01:32.626 15440 22511 D OplusCCodec: sample-rate: 44100, bits-per-sample: 0, channel-count: 2
02-27 12:01:32.626 15440 22511 D OplusCCodec: operating-rate: 0, codec-id: 0, bitrate: 0
02-27 12:01:32.626 15440 22511 D OplusCCodec: videoBoost activity name: ru.mts.mtstv3.ui.MainActivity
02-27 12:01:32.626 15440 22511 I OplusWhiteListCache: Failed to get value from property[debug.codec.ux]
02-27 12:01:32.626 15440 22511 I OplusWhiteListCache: Failed to get value from property[debug.cpu.boost]
02-27 12:01:32.626 15440 22511 D OplusWhiteListCache: App[ru.mts.mtstv.debug] boost scenario, isVideo[0]
02-27 12:01:32.626 15440 22511 I OplusWhiteListCache: No boost info for this activity.
02-27 12:01:32.626 15440 22511 I OplusWhiteListCache: Process boost info is valid.
02-27 12:01:32.626 15440 22511 D OplusWhiteListCache: No ux info
02-27 12:01:32.626 15440 22511 D OplusWhiteListCache: Find activity[ru.mts.mtstv3.ui.MainActivity/Decoder] boost info []
02-27 12:01:32.626 15440 22511 I OplusWhiteListCache: No boost info for this activity.
02-27 12:01:32.626 15440 22511 I OplusWhiteListCache: activityName[ru.mts.mtstv3.ui.MainActivity/Decoder] cache is valid
02-27 12:01:32.626 15440 22511 D OplusWhiteListCache: No cluster info
02-27 12:01:32.626 15440 22511 D OplusCCodec: uxInfo.needVendorBoost: 0
02-27 12:01:32.626 15440 22511 D OplusCCodec: No boost info
02-27 12:01:32.626 15440 22511 D CCodec  : [c2.android.aac.decoder] buffers are bound to CCodec for this session
02-27 12:01:32.626 15440 22511 D CCodecConfig: no c2 equivalents for log-session-id
02-27 12:01:32.626 15440 22511 D CCodecConfig: no c2 equivalents for tp-ux-tid
02-27 12:01:32.626 15440 22511 D CCodecConfig: no c2 equivalents for flags
02-27 12:01:32.626  2361  2785 E Codec2-ComponentInterface: We have a failed config
02-27 12:01:32.626 15440 22511 D CCodecConfig: config failed => CORRUPTED
02-27 12:01:32.627 15440 22511 D CCodecConfig: c2 config diff is   c2::u32 raw.channel-count.value = 2
02-27 12:01:32.627 15440 22511 W Codec2Client: query -- param skipped: index = 1107298332.
02-27 12:01:32.627 15440 22511 D CCodec  : client requested max input size 575, which is smaller than what component recommended (8192); overriding with component recommendation.
02-27 12:01:32.627 15440 22511 W CCodec  : This behavior is subject to change. It is recommended that app developers double check whether the requested max input size is in reasonable range.
02-27 12:01:32.627 15440 22511 D CCodec  : encoding statistics level = 0
02-27 12:01:32.627 15440 22511 D CCodec  : setup formats input: AMessage(what = 0x00000000) = {
02-27 12:01:32.627 15440 22511 D CCodec  :   int32_t aac-drc-album-mode = 0
02-27 12:01:32.627 15440 22511 D CCodec  :   int32_t aac-drc-boost-level = 127
02-27 12:01:32.627 15440 22511 D CCodec  :   int32_t aac-drc-cut-level = 127
02-27 12:01:32.627 15440 22511 D CCodec  :   int32_t aac-drc-effect-type = 3
02-27 12:01:32.627 15440 22511 D CCodec  :   int32_t aac-encoded-target-level = -1
02-27 12:01:32.627 15440 22511 D CCodec  :   int32_t aac-max-output-channel_count = 8
02-27 12:01:32.627 15440 22511 D CCodec  :   int32_t aac-target-ref-level = 64
02-27 12:01:32.627 15440 22511 D CCodec  :   int32_t bitrate = 64000
02-27 12:01:32.627 15440 22511 D CCodec  :   int32_t channel-count = 2
02-27 12:01:32.627 15440 22511 D CCodec  :   int32_t channel-mask = 0
02-27 12:01:32.627 15440 22511 D CCodec  :   int32_t level = 0
02-27 12:01:32.627 15440 22511 D CCodec  :   int32_t max-input-size = 8192
02-27 12:01:32.627 15440 22511 D CCodec  :   int32_t max-output-channel-count = 8
02-27 12:01:32.627 15440 22511 D CCodec  :   string mime = "audio/mp4a-latm"
02-27 12:01:32.627 15440 22511 D CCodec  :   int32_t profile = 2
02-27 12:01:32.627 15440 22511 D CCodec  :   int32_t sample-rate = 44100
02-27 12:01:32.627 15440 22511 D CCodec  : }
02-27 12:01:32.627 15440 22511 D CCodec  : setup formats output: AMessage(what = 0x00000000) = {
02-27 12:01:32.627 15440 22511 D CCodec  :   int32_t aac-drc-album-mode = 0
02-27 12:01:32.627 15440 22511 D CCodec  :   int32_t aac-drc-boost-level = 127
02-27 12:01:32.627 15440 22511 D CCodec  :   int32_t aac-drc-cut-level = 127
02-27 12:01:32.627 15440 22511 D CCodec  :   int32_t aac-drc-effect-type = 3
02-27 12:01:32.627 15440 22511 D CCodec  :   int32_t aac-drc-output-loudness = -1
02-27 12:01:32.627 15440 22511 D CCodec  :   int32_t aac-encoded-target-level = -1
02-27 12:01:32.627 15440 22511 D CCodec  :   int32_t aac-max-output-channel_count = 8
02-27 12:01:32.627 15440 22511 D CCodec  :   int32_t aac-target-ref-level = 64
02-27 12:01:32.627 15440 22511 D CCodec  :   int32_t channel-count = 2
02-27 12:01:32.627 15440 22511 D CCodec  :   int32_t channel-mask = 0
02-27 12:01:32.627 15440 22511 D CCodec  :   int32_t max-output-channel-count = 8
02-27 12:01:32.627 15440 22511 D CCodec  :   string mime = "audio/raw"
02-27 12:01:32.627 15440 22511 D CCodec  :   int32_t sample-rate = 44100
02-27 12:01:32.627 15440 22511 D CCodec  :   int32_t android._config-pcm-encoding = 2
02-27 12:01:32.627 15440 22511 D CCodec  : }
02-27 12:01:32.627 15440 22511 I CCodecConfig: query failed after returning 20 values (BAD_INDEX)
02-27 12:01:32.627 15440 22511 D MediaCodec: [0xb4000074cbce2000] setState: 4
02-27 12:01:32.629 15440 22162 D MediaCodec: keep callback message for reclaim
02-27 12:01:32.629 15440 22511 D MediaCodec: [0xb4000074cbce2000] setState: 5
02-27 12:01:32.629 15440 22511 W Codec2Client: query -- param skipped: index = 1342179345.
02-27 12:01:32.630 15440 22511 W Codec2Client: query -- param skipped: index = 2415921170.
02-27 12:01:32.630 15440 22511 W Codec2Client: query -- param skipped: index = 1610614798.
02-27 12:01:32.630 15440 22511 D CCodecBufferChannel: [c2.android.aac.decoder#928] Created input block pool with allocatorID 16 => poolID 56 - OK (0)
02-27 12:01:32.631 15440 22511 I CCodecBufferChannel: [c2.android.aac.decoder#928] Created output block pool with allocatorID 16 => poolID 390 - OK
02-27 12:01:32.631 15440 22511 D CCodecBufferChannel: [c2.android.aac.decoder#928] Configured output block pool ids 390 => OK
02-27 12:01:32.631 15440 22511 D CCodecBufferChannel: [0xb40000751c47a418] [c2.android.aac.decoder#928] start: output->outputDelay 2, output->numSlots 6
02-27 12:01:32.631  2361  2785 E Codec2-ComponentInterface: We have a failed config
02-27 12:01:32.631 15440 22511 D CCodecBuffers: [c2.android.aac.decoder#928:1D-Output.Impl[N]] converted 0 buffers to array mode of 6
02-27 12:01:32.631 15440 22511 D CCodecBufferChannel: [c2.android.aac.decoder#928] start: updating output delay 2
02-27 12:01:32.632  2361 22512 D SimpleC2Component: Using output block pool with poolID 390 => got 390 - 0
02-27 12:01:32.632 15440 22511 D MediaCodec: [0xb4000074cbce2000] setState: 6
02-27 12:01:32.633 15440 15440 I TimberLogger: [VastPlayer] call [onAudioDecoderInitialized] decoderName = c2.android.aac.decoder initializationDurationMs = 25
02-27 12:01:32.634 15440 15440 I TimberLogger: [VastPlayer] call [onAudioDecoderInitialized] decoderName = c2.android.aac.decoder initializedTimestampMs = 89560801 initializationDurationMs = 25
02-27 12:01:32.634 15440 15440 I TimberLogger: [VastPlayer] call [onEvents] mediaItemCount = 1
02-27 12:01:32.635 15440 15440 I TimberLogger: [VastPlayer] call [onAudioInputFormatChanged] format = id=2, mimeType=audio/mp4a-latm, bitrate=128008, codecs=mp4a.40.2, channels=2, sample_rate=44100, language=en
02-27 12:01:32.635 15440 15440 I TimberLogger: [VastPlayer] call [onAudioInputFormatChanged] format = id=2, mimeType=audio/mp4a-latm, bitrate=128008, codecs=mp4a.40.2, channels=2, sample_rate=44100, language=en decoderReuseEvaluation = null
02-27 12:01:32.635 15440 15440 I TimberLogger: [VastPlayer] call [onEvents] mediaItemCount = 1
02-27 12:01:32.635 15440 15440 I TimberLogger: [VastPlayer] call [onLoadCompleted] loadEventInfo.uri = https://vi.cdnvideo.ru/media/m/Videonetwork/IKS_agency__by_OKKAM_/YANDEKS/Yandex_Market__Genderi_fev_mart_25__MART___dw10e_xdmlxv_/03_25/20401_HD_Sitylink_5s_w1280_h720_d5000.mp4 mediaLoadData.trackFormat?.toBundle() = null
02-27 12:01:32.636 15440 15440 I TimberLogger: [VastPlayer] call [onEvents] mediaItemCount = 1
02-27 12:01:32.636 15440 15440 I TimberLogger: [VastPlayer] call [onLoadingChanged] isLoading = false
02-27 12:01:32.636 15440 15440 I TimberLogger: [VastPlayer] call [onIsLoadingChanged] isLoading = false
02-27 12:01:32.637 15440 15440 I TimberLogger: [VastPlayer] call [onEvents] mediaItemCount = 1
02-27 12:01:32.645  2361 22512 I C2SoftAacDec: Reconfiguring decoder: 0->44100 Hz, 0->2 channels
02-27 12:01:32.646 15440 22504 D CCodecConfig: c2 config diff is   c2::u32 output.delay.value = 14
02-27 12:01:32.646 15440 22504 D CCodecBufferChannel: [c2.qti.avc.decoder#879] onWorkDone: updating output delay 14
02-27 12:01:32.646 15440 22504 I CCodecBufferChannel: [c2.qti.avc.decoder#879] onWorkDone: updating max output delay 21
02-27 12:01:32.646 15440 22504 D Codec2-OutputBufferQueue: set max dequeue count 21 from update
02-27 12:01:32.650 15440 22511 D CCodecConfig: c2 config diff is   c2::u32 raw.channel-mask.value = 12
02-27 12:01:32.650 15440 22511 D CCodecBuffers: [c2.android.aac.decoder#928:Output[N]] popFromStashAndRegister: at 1000000000000us, output format changed to AMessage(what = 0x00000000) = {
02-27 12:01:32.650 15440 22511 D CCodecBuffers:   int32_t aac-drc-album-mode = 0
02-27 12:01:32.650 15440 22511 D CCodecBuffers:   int32_t aac-drc-boost-level = 127
02-27 12:01:32.650 15440 22511 D CCodecBuffers:   int32_t aac-drc-cut-level = 127
02-27 12:01:32.650 15440 22511 D CCodecBuffers:   int32_t aac-drc-effect-type = 3
02-27 12:01:32.650 15440 22511 D CCodecBuffers:   int32_t aac-drc-output-loudness = -1
02-27 12:01:32.650 15440 22511 D CCodecBuffers:   int32_t aac-encoded-target-level = -1
02-27 12:01:32.650 15440 22511 D CCodecBuffers:   int32_t aac-max-output-channel_count = 8
02-27 12:01:32.650 15440 22511 D CCodecBuffers:   int32_t aac-target-ref-level = 64
02-27 12:01:32.650 15440 22511 D CCodecBuffers:   int32_t channel-count = 2
02-27 12:01:32.650 15440 22511 D CCodecBuffers:   int32_t channel-mask = 12
02-27 12:01:32.650 15440 22511 D CCodecBuffers:   int32_t max-output-channel-count = 8
02-27 12:01:32.650 15440 22511 D CCodecBuffers:   string mime = "audio/raw"
02-27 12:01:32.650 15440 22511 D CCodecBuffers:   int32_t sample-rate = 44100
02-27 12:01:32.650 15440 22511 D CCodecBuffers:   int32_t android._config-pcm-encoding = 2
02-27 12:01:32.650 15440 22511 D CCodecBuffers: }
02-27 12:01:32.650 15440 22504 D CCodecConfig: c2 config diff is   c2::u32 raw.color.matrix = 1
02-27 12:01:32.650 15440 22504 D CCodecConfig:   c2::u32 raw.color.primaries = 1
02-27 12:01:32.650 15440 22504 D CCodecConfig:   c2::u32 raw.color.range = 2
02-27 12:01:32.650 15440 22504 D CCodecConfig:   c2::u32 raw.color.transfer = 3
02-27 12:01:32.650 15440 22504 D CCodecConfig:   c2::u32 raw.crop.height = 720
02-27 12:01:32.650 15440 22504 D CCodecConfig:   c2::u32 raw.crop.left = 0
02-27 12:01:32.650 15440 22504 D CCodecConfig:   c2::u32 raw.crop.top = 0
02-27 12:01:32.650 15440 22504 D CCodecConfig:   c2::u32 raw.crop.width = 1280
02-27 12:01:32.650 15440 22504 D CCodecBuffers: [c2.qti.avc.decoder#879:2D-Output] popFromStashAndRegister: at 1000000000000us, output format changed to AMessage(what = 0x00000000) = {
02-27 12:01:32.650 15440 22504 D CCodecBuffers:   int32_t android._color-format = 0
02-27 12:01:32.650 15440 22504 D CCodecBuffers:   int32_t android._video-scaling = 1
02-27 12:01:32.650 15440 22504 D CCodecBuffers:   int32_t android._dataspace = 260
02-27 12:01:32.650 15440 22504 D CCodecBuffers:   int32_t color-standard = 1
02-27 12:01:32.650 15440 22504 D CCodecBuffers:   int32_t color-range = 2
02-27 12:01:32.650 15440 22504 D CCodecBuffers:   int32_t color-transfer = 3
02-27 12:01:32.650 15440 22504 D CCodecBuffers:   int32_t sar-height = 1
02-27 12:01:32.650 15440 22504 D CCodecBuffers:   int32_t rotation-degrees = 0
02-27 12:01:32.650 15440 22504 D CCodecBuffers:   Buffer hdr-static-info = {
02-27 12:01:32.650 15440 22504 D CCodecBuffers:     00000000:  00 00 00 00 00 00 00 00  00 00 00 00 00 00 00 00  ................
02-27 12:01:32.650 15440 22504 D CCodecBuffers:     00000010:  00 00 00 00 00 00 00 00  00                       .........
02-27 12:01:32.650 15440 22504 D CCodecBuffers:   }
02-27 12:01:32.650 15440 22504 D CCodecBuffers:   int32_t sar-width = 1
02-27 12:01:32.650 15440 22504 D CCodecBuffers:   Rect crop(0, 0, 1279, 719)
02-27 12:01:32.650 15440 22504 D CCodecBuffers:   int32_t width = 1280
02-27 12:01:32.650 15440 22504 D CCodecBuffers:   int32_t feature-secure-playback = 0
02-27 12:01:32.650 15440 22504 D CCodecBuffers:   int32_t frame-rate = 25
02-27 12:01:32.650 15440 22504 D CCodecBuffers:   int32_t height = 720
02-27 12:01:32.650 15440 22504 D CCodecBuffers:   int32_t max-height = 720
02-27 12:01:32.650 15440 22504 D CCodecBuffers:   int32_t max-width = 1280
02-27 12:01:32.650 15440 22504 D CCodecBuffers:   string mime = "video/raw"
02-27 12:01:32.650 15440 22504 D CCodecBuffers:   int32_t priority = 0
02-27 12:01:32.650 15440 22504 D CCodecBuffers:   int32_t color-format = 2130708361
02-27 12:01:32.650 15440 22504 D CCodecBuffers: }
02-27 12:01:32.653 15440 22503 D OplusCCodec: signalSetParameters [1407]: (0xb4000074c3515c00)
02-27 12:01:32.653 15440 22503 D CCodecBufferChannel: [c2.qti.avc.decoder#879] first render dataSpace=260
02-27 12:01:32.654 15440 22503 D BLASTBufferQueue: [SurfaceView[ru.mts.mtstv.debug/ru.mts.mtstv3.ui.MainActivity]#15](f:0,a:2) producer disconnected before acquireNextBufferLocked
02-27 12:01:32.654 15440 15440 I TimberLogger: [VastPlayer] call [onVideoSizeChanged] videoSize = Bundle[{0=1280, 1=720, 2=0, 3=1.0}]
02-27 12:01:32.655 15440 15440 I TimberLogger: [VastPlayer] call [onVideoSizeChanged] width = 1280 height = 720 unappliedRotationDegrees = 0 pixelWidthHeightRatio = 1.0
02-27 12:01:32.655 15440 15440 I TimberLogger: [VastPlayer] call [onEvents] mediaItemCount = 1
02-27 12:01:32.655 15440 15440 I TimberLogger: [VastPlayer] call [onRenderedFirstFrame] output = Surface(name=null)/@0x15da91f renderTimeMs = 89560823
02-27 12:01:32.655 15440 22162 I AudioTrack: set(): type=audio,case=1,attributes=1,content_type=0,usage=1,source=-1,flags=0xa00
02-27 12:01:32.655 15440 22162 D AudioTrackExtImpl: AudioTrackExtImpl init
02-27 12:01:32.655 15440 22162 D AudioTrack: set(): streamType -1, sampleRate 44100, format 0x1, channelMask 0x3, frameCount 14144, flags #0, notificationFrames 0, sessionId 1449, transferType 3, uid 10797, pid 15440
02-27 12:01:32.656 15440 22162 I AudioTrack: set(): 0xb40000751c479800, Create AudioTrackThread, tid = 22515
02-27 12:01:32.656 15440 22162 V ListServiceUtils: getListValueByName module:control package:audioBoostEnable cost 100us return 1
02-27 12:01:32.656 15440 22162 V ListServiceUtils: checkInListByUid start module:audio-boost-blacklist uid:10797  time 14906458952us
02-27 12:01:32.656 15440 22162 V ListServiceUtils: checkInListByUid end module:audio-boost-blacklist uid:10797  time 14906459028us
02-27 12:01:32.656 15440 22162 D ListServiceUtils: checkInListByUid module:audio-boost-blacklist uid:10797 cost 75us return 0
02-27 12:01:32.656 15440 22162 D AudioTrackExtImpl: doSchedBoost, set audioapp task boost, pid=15440, tid=22515, enable=1, ret=0
02-27 12:01:32.656 15440 15440 I TimberLogger: [VastPlayer] call [onEvents] mediaItemCount = 1
02-27 12:01:32.657  1497  3476 D AudioFlingerExtImpl: addAudioSessionMap, add 1449, uid 10797, map size 2
02-27 12:01:32.660  1250  3470 D audio_hw_primary: adev_get_parameters: enter: vr_audio_mode_on
02-27 12:01:32.660  1250  3470 D audio_hw_primary: adev_get_parameters: exit: returns - vr_audio_mode_on=false
02-27 12:01:32.661  1497  3476 D AudioPolicyManagerExtImpl: oplusForceOutputForMusicEffects Enter: session 1449, dev {AUDIO_DEVICE_OUT_SPEAKER, @:}, stream 3, flags 8, forced_deep 0
02-27 12:01:32.661  2127  6410 D MMListService: getListValueByUid module:fast-audio-effects, uid:10797
02-27 12:01:32.662  1497  3476 D AudioPolicyManagerExtImpl: check callingUid 10797 whose pacakge name is not in fast-audio-effects
02-27 12:01:32.662  1497  3476 D AudioPolicyManagerExtImpl: oplusForceOutputForMusicEffects Done:  flags 8,  forced_deep 0
02-27 12:01:32.662  1497  3476 D APM_AudioPolicyManager: mSpatializerOutput is null, canBeSpatializedInt=0, forceSpatialized:0
02-27 12:01:32.662  1497  3476 D AudioBoost: audioSchedBoost, pid=1497, tid=3476, enable=1, ret=0
02-27 12:01:32.662  1497  3476 D AudioFlinger: createTrack_l output(29) original frameCount 14144  mNormalFrameCount 1920 mFrameCount(hal) 1920 minFrameCount 3536 notificationsPerBuffer 0 mSampleRate 48000 halLatencyMs 109
02-27 12:01:32.663  2127  2127 D MMListService: getListValueByUid module:fast-audio-effects, uid:10797
02-27 12:01:32.663  1497  2330 E GameAudioEffects: outputSelected: call getListValueByUid(fast-audio-effects) but return null
02-27 12:01:32.663  1497  3476 D AudioFlinger: Client defaulted notificationFrames to 7072 for frameCount 14144
02-27 12:01:32.663  1497  3476 D AudioFlinger: createTrack_l output(29) final frameCount 14144 for track session 1449 , mFrameCount 1920, mNormalFrameCount 1920, notificationFrameCount 7072
02-27 12:01:32.663  1497  3476 I AF::Track: Track, track(0xb4000073b979fc00): mFastIndex -1, mStreamType 3, mId 199, mPortId 174, mFrameCount 14144, mSampleRate 44100, mFormat 1, mChannelCount 2,thread 0xb4000073c0100140, sessionId 1449, AudioOut_1D, primary-8
02-27 12:01:32.667  2127  2127 D MMListService: getListValueByUid module:audio-turbo-boost, uid:10797
02-27 12:01:32.667  1497  3476 D AudioBoost: audioSchedBoost, pid=1497, tid=3476, enable=0, ret=0
02-27 12:01:32.668  1497  4827 D ListServiceUtils: checkInListByUid module:allow-get-parameters uid:10797 cost 80us return 0
02-27 12:01:32.668  1497  4827 D AudioFlingerExtImpl: oplusGetParameters:only system or list app is allowed to get oplus parameters:is_direct_pcm_track, uid:10797
02-27 12:01:32.670 15440 22162 I AudioTrack: createTrack_l(174) on outputId(29) : 0xb40000751c479800, mCblk = 0x75d044f000,  mLatency = 429, mAfLatency = 109, frameCount = 14144, mSampleRate = 44100, mFlags = 0x8, mReqFrameCount = 14144, mNotificationFramesAct = 7072
02-27 12:01:32.670 15440 22162 V ListServiceUtils: getListValueByName module:control package:audioBoostEnable cost 85us return 1
02-27 12:01:32.670 15440 22162 V ListServiceUtils: checkInListByUid start module:audio-boost-blacklist uid:10797  time 14906473043us
02-27 12:01:32.670 15440 22162 V ListServiceUtils: checkInListByUid end module:audio-boost-blacklist uid:10797  time 14906473131us
02-27 12:01:32.670 15440 22162 D ListServiceUtils: checkInListByUid module:audio-boost-blacklist uid:10797 cost 87us return 0
02-27 12:01:32.670 15440 22162 D AudioTrackExtImpl: doSchedBoost, set audioapp task boost, pid=15440, tid=22162, enable=1, ret=0
02-27 12:01:32.670 15440 22162 V ListServiceUtils: checkInListByUid start module:change-futex-timeout uid:10797  time 14906473208us
02-27 12:01:32.670 15440 22162 V ListServiceUtils: checkInListByUid end module:change-futex-timeout uid:10797  time 14906473437us
02-27 12:01:32.670 15440 22162 D ListServiceUtils: checkInListByUid module:change-futex-timeout uid:10797 cost 228us return 0
02-27 12:01:32.673  2069  3553 D SystemNetworkObserver: default network nc changed 134
02-27 12:01:32.673 15440 22162 D AudioTrack: setVolume(174) left 1.000 right 1.000 , callingPid 15440
02-27 12:01:32.674  3830  6195 D QCNEJ/WwanInfoRelay: onCapabilitiesChanged: 134 [ Transports: CELLULAR Capabilities: SUPL&INTERNET&NOT_RESTRICTED&TRUSTED&NOT_VPN&VALIDATED&NOT_ROAMING&FOREGROUND&NOT_CONGESTED&NOT_SUSPENDED&NOT_VCN_MANAGED LinkUpBandwidth>=3400Kbps LinkDnBandwidth>=3555Kbps Specifier: <TelephonyNetworkSpecifier [mSubId = 1]> SubscriptionIds: {1} UnderlyingNetworks: Null]
02-27 12:01:32.675 15440 15440 I TimberLogger: audioTrackInit [eventTime=16.91, mediaPos=0.00, window=0, period=0, 2,12,44100,false,false,56576]
02-27 12:01:32.675  3830  6195 I QCNEJ/WwanInfoRelay: cacheWwanInfo subId = 1 phoneId = 0 slotId = 0
02-27 12:01:32.675  3789 20134 D PhoneInterfaceManager: QueryTelephonyChecker-getDataNetworkTypeForSubscriber: packageName = com.qualcomm.qti.cne, isGrant = true
02-27 12:01:32.676 15440 15440 I TimberLogger: [VastPlayer] call [onEvents] mediaItemCount = 1
02-27 12:01:32.677  1497  2703 E AudioFlinger: negative wakelock count
02-27 12:01:32.677  1497  2713 E AudioFlinger: negative wakelock count
02-27 12:01:32.677  1497  3450 E AudioFlinger: negative wakelock count
02-27 12:01:32.676  3644  4167 D WifiStatusTracker: mNetworkCallback onCapabilitiesChanged return networkId:134
02-27 12:01:32.677 15440 22162 D AudioTrack: start(174): prior state:STATE_STOPPED output 29 stream 3 session 1449
02-27 12:01:32.677  1497  3433 E AudioFlinger: negative wakelock count
02-27 12:01:32.677  1497  3476 D AF::Track: start(199): calling pid 15440 portId 174 session 1449 thresholdFrames 14144 mFrameCount 14144
02-27 12:01:32.677  1497  3476 D AudioBoost: audioSchedBoost, pid=1497, tid=3476, enable=1, ret=0
02-27 12:01:32.677  3644  4167 I SystemUi--Statusbar: NetworkController.WifiSignalController-->handleStatusUpdated state=1 enabled=false connected=false isDefaultNetwork=false rssi=-61 level=4 wifiStandard=5 statusLabel=null isDirty=false
02-27 12:01:32.678  1497  2713 D AudioFlinger: updateWakeLockUids_l AudioOut_15 uids:
02-27 12:01:32.678  1497  2232 D AudioPolicyEffects: addOutputSessionEffects(): no output processing needed for this stream
02-27 12:01:32.678  1497  2232 D APM_AudioPolicyManager: startOutput() output 29, stream 3, portId 174, session 1449
02-27 12:01:32.678  1497  2232 D GameAudioEffects: hasAliveFastEffectTracks  return (0)
02-27 12:01:32.678  1497  2232 D AudioPolicyManagerExtImpl: oplusSelectOutputForMusicEffects: pendingOutput  => 29  flags => 0x00000008  outputTageName =>deep_buffer outputs.size(3) older music effect ouput(29), hasAliveGameTracks(0)
02-27 12:01:32.678  1497  3450 D AudioFlinger: updateWakeLockUids_l AudioOut_4D uids:
02-27 12:01:32.679  1497  2232 D GameAudioEffects: hasAliveRequestFastTracks  return (0)
02-27 12:01:32.679  1497  2232 D AudioPolicyIntefaceImpl: mSessionLatestHandleList add Item on session 1449, port = 174
02-27 12:01:32.679  2127  2127 D MMListService: getListValueByUid module:audio-boost-apps, uid:10797
02-27 12:01:32.679  2127  2127 D MMListService: getListValueByUid module:audio-boost-cross-apps, uid:10797
02-27 12:01:32.679  1497  2703 D AudioFlinger: updateWakeLockUids_l AudioOut_D uids:
02-27 12:01:32.679  1497  3476 D ListServiceUtils: checkInListByUid module:audio-boost-uclamp-apps uid:10797 cost 240us return 0
02-27 12:01:32.679  1497  3433 D AudioFlinger: updateWakeLockUids_l AudioOut_3D uids:
02-27 12:01:32.679  1497  3476 D AudioFlinger_PlaybackThreadExtImpl: notifyAudioTrackCreate event:atlas_event_audio_track_create info:pid:15440,sessionId:1449,streamType:3,sampleRate:44100,format:1,channelcount:2,flags:8,deviceTypes:2,hasFastMixer:0,isOffloadThread:0,isSpatialized:0,id:29,effectChains:1,metaAudioScene:0,metaAudioPos:[0.0|0.0|0.0]
02-27 12:01:32.679  1497  3476 D AtlasEventUploadUtils: setEvent event:atlas_event_audio_track_create
02-27 12:01:32.680  2111  2143 D EventTest: handleEvent atlas_event_audio_track_create pid:15440,sessionId:1449,streamType:3,flags:8,deviceTypes:2,hasFastMixer:0
02-27 12:01:32.680  1497  3476 D audioserver: FGS Logger Transaction failed
02-27 12:01:32.680  1497  3476 D audioserver: -129
02-27 12:01:32.680  1497  3476 D AudioTrackServerProxyExtImpl: AudioTrackServerProxyExtImpl init
02-27 12:01:32.680  1497  3476 D AudioTrackServerProxyExtImpl: audioTrackServerProxyTest
02-27 12:01:32.680  1497  3476 D AudioTrackServerProxyExtImpl: audioTrackServerProxy, initialize
02-27 12:01:32.680  1497  3476 D AudioTrackServerProxyExtImpl: initSupportAudioRamp ,  mIsSupport = 0.
02-27 12:01:32.680  2069  3814 I IPCThreadState: oneway function results for code 10006 on binder at 0xb40000750bb0f0a0 will be dropped but finished with status UNKNOWN_TRANSACTION
02-27 12:01:32.680  1497  3476 D AudioBoost: audioSchedBoost, pid=1497, tid=3476, enable=0, ret=0
02-27 12:01:32.680 15440 22162 V ListServiceUtils: getListValueByName module:control package:audioBoostEnable cost 81us return 1
02-27 12:01:32.680 15440 22162 V ListServiceUtils: checkInListByUid start module:audio-boost-blacklist uid:10797  time 14906483382us
02-27 12:01:32.680 15440 22162 V ListServiceUtils: checkInListByUid end module:audio-boost-blacklist uid:10797  time 14906483467us
02-27 12:01:32.680 15440 22162 D ListServiceUtils: checkInListByUid module:audio-boost-blacklist uid:10797 cost 84us return 0
02-27 12:01:32.681 15440 15440 I TimberLogger: [VastPlayer] call [onPlayerStateChanged] playWhenReady = true  playbackState = 3
02-27 12:01:32.681 15440 15440 I TimberLogger: state [eventTime=16.92, mediaPos=0.00, window=0, period=0, READY]
02-27 12:01:32.681 15440 15440 I TimberLogger: [VastPlayer] onPlaybackStateChanged | state = 3
02-27 12:01:32.682 15440 15440 I TimberLogger: [VastPlayer] call [onIsPlayingChanged] isPlaying = true
02-27 12:01:32.682 15440 22159 D AudioTrack: setVolume(173) left 0.000 right 0.000 , callingPid 15440
02-27 12:01:32.682 15440 15440 I TimberLogger: [PlatformPlayerClient] call [onVolumeChanged] volume = 0.0
02-27 12:01:32.682 15440 15440 I TimberLogger: [PlatformPlayerClient] call [onVolumeChanged] volume = 0.0
02-27 12:01:32.683 15440 15440 I TimberLogger: [PlatformPlayerClient] call [onEvents] mediaItemCount = 1
02-27 12:01:32.683 15440 15440 I TimberLogger: [PlatformPlayerClient] call [onEvents] mediaItemCount = 1
