02-27 12:01:32.683  3778  5028 D Avrcp_ext: AudioManager Player in started state: ru.mts.mtstv.debug
02-27 12:01:32.683  3778  5028 D Avrcp_ext: AudioManager Active Player: ru.mts.mtstv.debug
02-27 12:01:32.683 15440 15440 I TimberLogger: [VastPlayer] call [onEvents] mediaItemCount = 1
02-27 12:01:32.683  5361  8118 D OplusAtlas.OplusAtlasEventDispatch: setEvent:atlas_event_audio_track_create info:pid:15440,sessionId:1449,streamType:3,sampleRate:44100,format:1,channelcount:2,flags:8,deviceTypes:2,hasFastMixer:0,isOffloadThread:0,isSpatialized:0,id:29,effectChains:1,metaAudioScene:0,metaAudioPos:[0.0|0.0|0.0]
02-27 12:01:32.683 15440 15440 D MediaRouter: onRestoreRoute() : route=RouteInfo{ name=, description=null, status=null, category=RouteCategory{ name= types=ROUTE_TYPE_LIVE_AUDIO ROUTE_TYPE_LIVE_VIDEO  groupable=false }, supportedTypes=ROUTE_TYPE_LIVE_AUDIO ROUTE_TYPE_LIVE_VIDEO , presentationDisplay=null }
02-27 12:01:32.683 15440 15440 V MediaRouter: Selecting route: RouteInfo{ name=, description=null, status=null, category=RouteCategory{ name= types=ROUTE_TYPE_LIVE_AUDIO ROUTE_TYPE_LIVE_VIDEO  groupable=false }, supportedTypes=ROUTE_TYPE_LIVE_AUDIO ROUTE_TYPE_LIVE_VIDEO , presentationDisplay=null }
02-27 12:01:32.684  5361  7014 D OplusAtlas.OplusMessageHandler: handleMessage: Msg { when=0 what=1 arg1=15440 arg2=3 target=com.oplus.atlas.OplusMessageHandler$MyHandler }
02-27 12:01:32.684  5361  7014 D OplusAtlasService: myHandleMessage: Msg { when=0 what=1 arg1=15440 arg2=3 target=com.oplus.atlas.OplusMessageHandler$MyHandler }
02-27 12:01:32.685  3778  5028 D Avrcp_ext: AudioManager Player in started state: ru.mts.mtstv.debug
02-27 12:01:32.685  5361  6827 D OplusAtlas.OplusMessageHandler: handleMessage: Msg { when=-2ms what=1 arg1=15440 arg2=3 obj=com.oplus.atlas.OplusAtlasEvent@bebe249 target=com.oplus.atlas.OplusMessageHandler$MyHandler }
02-27 12:01:32.686  3778  5028 D Avrcp_ext: AudioManager Player in started state: ru.mts.mtstv.debug
02-27 12:01:32.686  3778  5028 D Avrcp_ext: AudioManager Active Player: ru.mts.mtstv.debug
02-27 12:01:32.686  3778  5028 D Avrcp_ext: AudioManager Player in started state: ru.mts.mtstv.debug
02-27 12:01:32.687  5690  5690 D OplusDolbyService: mrDolbyEffectBroadcastReceiver action = android.Multimedia.AudioEffect.AudioTrack_BROADCAST
02-27 12:01:32.687  5690  5690 D OplusDolbyService: +new tast
02-27 12:01:32.687  5690  5690 D OplusDolbyService: -new tast
02-27 12:01:32.688  2127  2127 D MMListService: checkInListByUid end module:allow-get-parameters uid:10113 time 14906491036
02-27 12:01:32.688  1497  3476 D ListServiceUtils: checkInListByUid module:allow-get-parameters uid:10113 cost 134us return 1
02-27 12:01:32.688  1497  3476 D AudioFlingerExtImpl: getActiveDeepBufferAudioPids pids = :15440
02-27 12:01:32.688  5690 16148 D DetectSceneService: checkAndSetDolby: 0, activeAudioPids = :15440
02-27 12:01:32.689  5690 16148 D DetectSceneService: activePidList = [15440]
02-27 12:01:32.689  3789 20134 D PhoneInterfaceManager: QueryTelephonyChecker-getDataNetworkTypeForSubscriber: packageName = com.qti.dpmserviceapp, isGrant = true
02-27 12:01:32.690  5690 16148 D DetectSceneService: activeAudioAppList = [ru.mts.mtstv.debug]
02-27 12:01:32.690  5690 16148 D DetectSceneService: activePidList = [15440]
02-27 12:01:32.690  5690 16148 D DetectSceneService: activeAudioAppList = [ru.mts.mtstv.debug]
02-27 12:01:32.690  5690 16148 D DetectSceneService: SelectedCategory: 0
02-27 12:01:32.690  5690 16148 D DetectSceneService: checkAndGetProfile profile:0
02-27 12:01:32.690  2069  3814 I AS.SpatializerHelper: isAvailable false
02-27 12:01:32.690  2069  3861 I OplusHansManager : unfreeze uid: 10795 com.google.android.apps.chromecast.app pids: [6197] reason: AsyncBinder scene: LcdOn
02-27 12:01:32.691  5690 16148 D OplusDolbyService: setEffectEnable ++++ enable = true profile = 0 mSelectedProfile:0
02-27 12:01:32.691  5690 16148 D OplusDolbyService: mWiredHeadsetOn:false, mA2dpConnected:false
02-27 12:01:32.691  5690 16148 D OplusDolbyService: mEffectUIOn:true
02-27 12:01:32.691  5690 16148 D OplusDolbyService: setDolbyDsOn, enable:true
02-27 12:01:32.691  5690 16148 I AudioEffect: setParameter(): 0xb4000075c99fe400, param: 5, param2: -1
02-27 12:01:32.691  2069  3857 I OplusHansManager : uid=10795, pkg=com.google.android.apps.chromecast.app F exit(), F stay=2, reason=AsyncBinder
02-27 12:01:32.691  1250  2657 D DlbDlbEffect: handle_EFFECT_CMD_SET_PARAM()
02-27 12:01:32.691  1250  2657 D DlbDlbEffect: handle_EFFECT_CMD_SET_PARAM()
02-27 12:01:32.691  1367  1386 V DolbyManagerService: doOnDapParamUpdate() entry
02-27 12:01:32.691  1250  2657 D DlbDapEffectContext: onDapParamUpdate()
02-27 12:01:32.691  5690 16148 D OplusDolbyService: setEffectProfileImpl, effectProfile:0
02-27 12:01:32.691  5690 16148 I AudioEffect: getParameter: param: 167772165, param2: -1
02-27 12:01:32.691  1250  3470 D DlbDapEffectContext: onDapParamUpdate()
02-27 12:01:32.692  1367  1386 V DolbyManagerService: doOnDapParamUpdate() exit
02-27 12:01:32.692  2069  4192 I AS.SpatializerHelper: isAvailable false
02-27 12:01:32.692  5690 16148 I AudioEffect: getParameter: param: 2, param2: -1
02-27 12:01:32.692  5690 16148 I AudioEffect: getParameter: param: 4, param2: -1
02-27 12:01:32.692  1367  1367 I DMSService: getSelectedTuningDevice called with port=0.
02-27 12:01:32.693  5690 16148 D OplusDolbyService: mPhoneDisplayOrientation: 1, mExternalDeviceStatus: 1, endpoint port:0, endpoint device:default_speaker_landscape
02-27 12:01:32.695  3644  4167 I SystemUi--Volume: vol.OplusVolumeDialogIm-->onMultiMediaStateChange pid= 15440,state= 1 ,sessionId=1449,packageName=ru.mts.mtstv.debug
02-27 12:01:32.698  3950  3950 D RadioMessenger: handleMessage Request msgid 2220
02-27 12:01:32.698  3950  3950 D RadioMessenger: handleSetSyncWithAp: -1, syncFlag: 1
02-27 12:01:32.698  3950  3950 D QtiRadioService: setSyncWithAp
02-27 12:01:32.699  3644  3644 D COUISeekBar: COUISeekBar ensureSize : mIsProgressFull:true,mBackgroundRadius:48.0,mBackgroundHeight:156.0,mBackgroundEnlargeScale1.0,mProgressRadius:48.0,mProgressHeight:156.0,mProgressEnlargeScale1.0,mPaddingHorizontal48.0
02-27 12:01:32.699  3644  3644 D COUISeekBar: COUISeekBar initPhysicsAnimator : setActiveFrame:-96
02-27 12:01:32.699  2615  2659 D RadioService: setSyncWithAp with instance 0
02-27 12:01:32.699  2615  2659 D VendorService: VendorService::setSyncWithAp
02-27 12:01:32.699  2615  2667 D QmiVsClient: setSyncWithAp - enter
02-27 12:01:32.699  2615  2667 E QmiVsClient: sendAsyncRequest QMI_VS_SET_SYNC_WITH_AP_REQ_MSG_V01 ret 0
02-27 12:01:32.699  2615  2847 D QmiClient: qmiServiceEventCallback recv msg id 1085
02-27 12:01:32.699  2615  2847 D QmiVsClient: enter - onQmiServiceEventCallback msgId 1085
02-27 12:01:32.699  2615  2847 D QmiVsClientEvent: qmiVsClientNotifyNecEvent - RADIO_EVENT_NEC_IND
02-27 12:01:32.699  2615  2667 D VsProxy : handleMessage msg is 2403
02-27 12:01:32.699  2615  2667 D VsProxy : handleNecInd for instance 0
02-27 12:01:32.700  2615  2667 D VsProxy : handleMessage msg is 4001
02-27 12:01:32.700  2615  2667 D RadioProxy: setSyncWithAp : response cb for instance 0
02-27 12:01:32.700  2615  2615 D RadioServiceResponse: RadioServiceResponse::setSyncWithApResponse
02-27 12:01:32.700  3950  4885 D SubsysRadioResponse: setSyncWithApResponse info.error = 0
02-27 12:01:32.700  3950  4885 D RadioProxyJ: [PHONE0][2066]< setSyncWithApResponse 
02-27 12:01:32.700  3950  3950 D RadioMessenger: handleMessage Response msgid 210
02-27 12:01:32.701  3789  3789 D TelephonyManager: requestModemActivityInfo: Sending result to app: ModemActivityInfo{ mTimestamp=89560869 mSleepTimeMs=79414704 mIdleTimeMs=717721 mActivityStatsTechSpecificInfo=[{mRat=UNKNOWN,mFrequencyRange=UNKNOWN,mTxTimeMs[]=[1528226, 625, 1118957, 510491, 27340],mRxTimeMs=5485546}]}
02-27 12:01:32.701  3950  3985 D SubsysRadioIndication: radioNecInd 
02-27 12:01:32.701  2069  3861 I OplusHansManager : unfreeze uid: 10411 ru.zen.android pids: [19065, 18890, 18935] reason: AsyncBinder scene: LcdOn
02-27 12:01:32.702  2069  3857 I OplusHansManager : uid=10411, pkg=ru.zen.android F exit(), F stay=2, reason=AsyncBinder
02-27 12:01:32.703  3875  4161 I ModemAciService: handleMessage:5
02-27 12:01:32.703  3875  4161 I ModemAciService: sendSettleObj2Statsd over!
02-27 12:01:32.703  3859  4197 D SubsysCallManager: handleMessage what:102
02-27 12:01:32.703  3859  4197 D SubsysCallManager: parseMdmInfoData len:392
02-27 12:01:32.703  3859  4197 D SubsysCallManager: onMdmEvent moduleId:6,eventId:4
02-27 12:01:32.703  3859  4197 D ModemDataAnalysis: phoneId = 0, moduleId = 6, onEvent...4, version = 0, size:380
02-27 12:01:32.703  3859  4197 D ModemDataAnalysis: isCallNeedsEventId needs = false
02-27 12:01:32.704  3875  4161 I ModemAciService: UMF LO,DC: OplusModemActivityInfo{ date=02-27 12:01:32.703 modemPowermA[]=[273,78,236,92,311,16] sleepTimeMs=681 idleTimeMs=6 rxTimeMs=2747 5gRxTimeMs=0 txTimeMs[]=[1000, 0, 1430, 1970, 670] 5gTxTimeMsSIM1=[0, 0, 0, 0, 0, 0, 0, 0] 5gTxTimeMsSIM2=[0, 0, 0, 0, 0, 0, 0, 0] 5gTxTimeSum[]=[0, 0] techTimeMs[]=[0, 0, 7816, 0, 0, 0, 0, 0, 0] rrcConn10sC[]=[0, 0] rrcConn20sC[]=[0, 0] rrcConnMore20sC[]=[0, 0] rrcConnC[]=[0, 0] csChangedC[]=[0, 0] psChangedC[]=[0, 0] iRatC[]=[0, 0] cellUpdateC[]=[0, 0] nwSrchC[]=[0, 0] nwSrchT[]=[0, 0] lteRrcConnT[]=[0, 0] psRegT[]=[8, 0] csRegT[]=[8, 0] psNoRegT[]=[0, 8] csNoRegT[]=[0, 8] sigGrid0T[]=[0, 0] endcActT[]=[0, 0] saActT[]=[0, 0] gpsTimeMs=0 wlanTimeMs=0 regReqFbC[]=[0, 0] regReqTransAcqDbC[]=[0, 0] saRrcConn10sC[]=[0, 0] saRrcConn20sC[]=[0, 0] saRrcConnMore20sC[]=[0, 0] saRrcConnC[]=[0, 0] lteHoC[]=[0, 0] saHoC[]=[0, 0] saRrcConnT[]=[0, 0] sensorStationaryC=0 sensorStationaryT=0 modemStationaryC=0 modemStationaryT=0}
02-27 12:01:32.704  2069  3861 I OplusHansManager : unfreeze uid: 10336 ru.mts.mymts pids: [18727, 21106] reason: AsyncBinder scene: LcdOn
02-27 12:01:32.704  2069  3857 I OplusHansManager : uid=10336, pkg=ru.mts.mymts F exit(), F stay=2, reason=AsyncBinder
02-27 12:01:32.705 28422 28476 D AudioManagerExtImpl: getStreamVolume packageName=com.google.android.googlequicksearchbox, index=0, streamType=1
02-27 12:01:32.706 28422 28476 D AudioManagerExtImpl: getStreamVolume packageName=com.google.android.googlequicksearchbox, index=0, streamType=1
02-27 12:01:32.707 28422 28476 D AudioManagerExtImpl: getStreamVolume packageName=com.google.android.googlequicksearchbox, index=0, streamType=1
02-27 12:01:32.707  1497  2720 D AudioFlinger: updateWakeLockUids_l AudioOut_1D uids:10797 
02-27 12:01:32.708  1497  3476 W AidlConversionCppNdk: legacy2aidl_audio_channel_mask_t_AudioChannelLayout: no AudioChannelLayout found for legacy output audio_channel_mask_t value 0x10
02-27 12:01:32.708 15440 15982 W AidlConversionCppNdk: aidl2legacy_AudioChannelLayout_audio_channel_mask_t: no legacy output audio_channel_mask_t found for AudioChannelLayout{layoutMask: 16}
02-27 12:01:32.708 28422 28476 D AudioManagerExtImpl: getStreamVolume packageName=com.google.android.googlequicksearchbox, index=0, streamType=1
02-27 12:01:32.709 15440 15440 D MediaRouter: onRestoreRoute() : route=RouteInfo{ name=, description=null, status=null, category=RouteCategory{ name= types=ROUTE_TYPE_LIVE_AUDIO ROUTE_TYPE_LIVE_VIDEO  groupable=false }, supportedTypes=ROUTE_TYPE_LIVE_AUDIO ROUTE_TYPE_LIVE_VIDEO , presentationDisplay=null }
02-27 12:01:32.709 15440 15440 V MediaRouter: Selecting route: RouteInfo{ name=, description=null, status=null, category=RouteCategory{ name= types=ROUTE_TYPE_LIVE_AUDIO ROUTE_TYPE_LIVE_VIDEO  groupable=false }, supportedTypes=ROUTE_TYPE_LIVE_AUDIO ROUTE_TYPE_LIVE_VIDEO , presentationDisplay=null }
02-27 12:01:32.710  3778  5028 D Avrcp_ext: AudioManager Player in started state: ru.mts.mtstv.debug
02-27 12:01:32.710  3778  5028 D Avrcp_ext: AudioManager Active Player: ru.mts.mtstv.debug
02-27 12:01:32.710  3778  5028 D Avrcp_ext: AudioManager Player in started state: ru.mts.mtstv.debug
02-27 12:01:32.710  3778  5028 D Avrcp_ext: AudioManager Active Player: ru.mts.mtstv.debug
02-27 12:01:32.712 28422 28476 D AudioManagerExtImpl: getStreamVolume packageName=com.google.android.googlequicksearchbox, index=0, streamType=1
02-27 12:01:32.713 28422 28476 D AudioManagerExtImpl: getStreamVolume packageName=com.google.android.googlequicksearchbox, index=0, streamType=1
02-27 12:01:32.714 28422 28476 D AudioManagerExtImpl: getStreamVolume packageName=com.google.android.googlequicksearchbox, index=0, streamType=1
02-27 12:01:32.714 28422 28476 D AudioManagerExtImpl: getStreamVolume packageName=com.google.android.googlequicksearchbox, index=0, streamType=1
02-27 12:01:32.715 28422 28476 D AudioManagerExtImpl: getStreamVolume packageName=com.google.android.googlequicksearchbox, index=0, streamType=1
02-27 12:01:32.716 15440 15776 D PipelineWatcher: [0xb40000751c47a8c0] pipelineFull: too many frames in pipeline (6)
02-27 12:01:32.716 15440 22511 D PipelineWatcher: [0xb40000751c47a8c0] pipelineFull: too many frames in pipeline (6)
02-27 12:01:32.716 28422 28476 D AudioManagerExtImpl: getStreamVolume normal, volume index=3
02-27 12:01:32.716 28422 28476 D AudioManagerExtImpl: getStreamVolume packageName=com.google.android.googlequicksearchbox, index=0, streamType=1
02-27 12:01:32.717 28422 28476 D AudioManagerExtImpl: getStreamVolume packageName=com.google.android.googlequicksearchbox, index=0, streamType=1
02-27 12:01:32.718 28422 28476 D AudioManagerExtImpl: getStreamVolume packageName=com.google.android.googlequicksearchbox, index=0, streamType=1
02-27 12:01:32.719 28422 28476 D AudioManagerExtImpl: getStreamVolume packageName=com.google.android.googlequicksearchbox, index=0, streamType=1
02-27 12:01:32.721 28422 28476 D AudioManagerExtImpl: getStreamVolume packageName=com.google.android.googlequicksearchbox, index=0, streamType=1
02-27 12:01:32.722 28422 28476 D AudioManagerExtImpl: getStreamVolume packageName=com.google.android.googlequicksearchbox, index=0, streamType=1
02-27 12:01:32.723 28422 28476 D AudioManagerExtImpl: getStreamVolume packageName=com.google.android.googlequicksearchbox, index=0, streamType=1
02-27 12:01:32.724 28422 28476 D AudioManagerExtImpl: getStreamVolume packageName=com.google.android.googlequicksearchbox, index=0, streamType=1
02-27 12:01:32.724 28422 28476 D AudioManagerExtImpl: getStreamVolume packageName=com.google.android.googlequicksearchbox, index=0, streamType=1
02-27 12:01:32.724 28422 28476 D AudioManagerExtImpl: getStreamVolume too fast, volume index=3, package=com.google.android.googlequicksearchbox
02-27 12:01:32.725 28422 28476 D AudioManagerExtImpl: getStreamVolume packageName=com.google.android.googlequicksearchbox, index=0, streamType=1
02-27 12:01:32.726 28422 28476 D AudioManagerExtImpl: getStreamVolume packageName=com.google.android.googlequicksearchbox, index=0, streamType=1
02-27 12:01:32.726 28422 28476 D AudioManagerExtImpl: getStreamVolume packageName=com.google.android.googlequicksearchbox, index=0, streamType=1
02-27 12:01:32.727 28422 28476 D AudioManagerExtImpl: getStreamVolume packageName=com.google.android.googlequicksearchbox, index=0, streamType=1
02-27 12:01:32.727 28422 28476 D AudioManagerExtImpl: getStreamVolume packageName=com.google.android.googlequicksearchbox, index=0, streamType=1
02-27 12:01:32.728 28422 28476 D AudioManagerExtImpl: getStreamVolume packageName=com.google.android.googlequicksearchbox, index=0, streamType=1
02-27 12:01:32.729 28422 28476 D AudioManagerExtImpl: getStreamVolume packageName=com.google.android.googlequicksearchbox, index=0, streamType=1
02-27 12:01:32.730 28422 28476 D AudioManagerExtImpl: getStreamVolume packageName=com.google.android.googlequicksearchbox, index=0, streamType=1
02-27 12:01:32.731 28422 28476 D AudioManagerExtImpl: getStreamVolume packageName=com.google.android.googlequicksearchbox, index=0, streamType=1
02-27 12:01:32.731 28422 28476 D AudioManagerExtImpl: getStreamVolume too fast, volume index=3, package=com.google.android.googlequicksearchbox
02-27 12:01:32.732 28422 28476 D AudioManagerExtImpl: getStreamVolume packageName=com.google.android.googlequicksearchbox, index=0, streamType=1
02-27 12:01:32.733 28422 28476 D AudioManagerExtImpl: getStreamVolume packageName=com.google.android.googlequicksearchbox, index=0, streamType=1
02-27 12:01:32.734 28422 28476 D AudioManagerExtImpl: getStreamVolume packageName=com.google.android.googlequicksearchbox, index=0, streamType=1
02-27 12:01:32.734 28422 28476 D AudioManagerExtImpl: getStreamVolume packageName=com.google.android.googlequicksearchbox, index=0, streamType=1
02-27 12:01:32.735 28422 28476 D AudioManagerExtImpl: getStreamVolume packageName=com.google.android.googlequicksearchbox, index=0, streamType=1
02-27 12:01:32.736 28422 28476 D AudioManagerExtImpl: getStreamVolume packageName=com.google.android.googlequicksearchbox, index=0, streamType=1
02-27 12:01:32.736 28422 28476 D AudioManagerExtImpl: getStreamVolume packageName=com.google.android.googlequicksearchbox, index=0, streamType=1
02-27 12:01:32.737 28422 28476 D AudioManagerExtImpl: getStreamVolume packageName=com.google.android.googlequicksearchbox, index=0, streamType=1
02-27 12:01:32.738 28422 28476 D AudioManagerExtImpl: getStreamVolume packageName=com.google.android.googlequicksearchbox, index=0, streamType=1
02-27 12:01:32.739 28422 28476 D AudioManagerExtImpl: getStreamVolume normal, volume index=3
02-27 12:01:32.749  1497  2720 D AFExtImpl: checkTrackBuffer1() track 0xb4000073b979fc00 get INFO from NEW, channelCount 2, pid 15440
02-27 12:01:32.750  1497  2720 D AFExtImpl: initFromProperty() 0xb4000073d9a44b00, sAdSwitch 1, typeCheck 0, logdumpEnable 0, pcmdumpEnable 0, trackPid 15440
02-27 12:01:32.752 15440 22162 D AudioTrack: getTimestamp_l(174): device stall time corrected using current time 14906555641344
02-27 12:01:32.764 15440 22162 W AudioTrack: getTimestamp_l(174): retrograde timestamp time corrected, 14906549309990 < 14906555641344
02-27 12:01:32.792 15440 15440 I TimberLogger: [LiveMediaProvider] getNowMs | elapsedRealtimeOffsetMs = 1740646889000 | elapsedSettledAtMs = 1740646889508
02-27 12:01:32.793 15440 15440 I TimberLogger: [LiveMediaProvider] getNowMs | now = 1740646892285 | realTimeGapWithDeviceTime = 508
02-27 12:01:32.819 15440 15440 I TimberLogger: [VastPlayer] call [onAudioPositionAdvancing] playoutStartSystemTimeMs = 1740646892818
02-27 12:01:32.820 15440 15440 I TimberLogger: [VastPlayer] call [onEvents] mediaItemCount = 1
02-27 12:01:32.923 15440 22230 I OplusFeedbackInfo: 0xb4000075319d1e00 c2.qti.avc.decoder 1920x1080 inputFps=24 outputFps=24 renderFps=14, discardFps=9
02-27 12:01:32.924 15440 22230 D mts.mtstv.debug: [notifyStatusToSF:L31] hdrtype is 0
02-27 12:01:32.924 15440 22230 I OplusFeedbackInfo: save video stutter message MM_FB_EventID#11002#ClientPid#15440#Key#-5476376643538969088#Component#c2.qti.avc.decoder#VideoInputFps#24#VideoOutputFps#24#VideoRenderFps#14#VideoHeight#1080#VideoWidth#1920#IsMediaPlayer#0#LogLevel#2#FpsArray#30/24/24/26/22/24#ModifiedVersion#5
02-27 12:01:33.007 15440 15440 I TimberLogger: [DebugMessagesViewController] update flow event
02-27 12:01:33.046 15440 15440 I TimberLogger: [LiveMediaProvider] getNowMs | elapsedRealtimeOffsetMs = 1740646889000 | elapsedSettledAtMs = 1740646889508
02-27 12:01:33.046 15440 15440 I TimberLogger: [LiveMediaProvider] getNowMs | now = 1740646892538 | realTimeGapWithDeviceTime = 508
02-27 12:01:33.089  1317 22505 I QC2Comp : [avcD_166] Stats: Pending(7) i/p-done(3) Works: Q: 35/Done 30|Work-Rate: Q(64.0/s Avg=64.0/s) Done(54.871/s Avg=54.871/s)| Stream: 25.00fps 111.4Kbps
02-27 12:01:33.089  1317 22505 I QC2Comp : Mem-usage:  [In-1D - 5 bufs 14.941 MB] [1D-0 - 14 bufs 0.219 MB] [2D-167 - 23 bufs 32.703 MB]
02-27 12:01:33.089  1317 22505 I QC2Comp : Total Mem-usage: 47.863 MB
02-27 12:01:33.140 15440 21421 I TimberLogger: (bandwidth_log) remaining 47 seconds to return default bandwidth 
02-27 12:01:33.158 15440 15440 I TimberLogger: [VastPlayer] adProgress | currentTimeMs = 333 | durationMs = 5014
02-27 12:01:33.194  6511  6511 V DeepThinker: BroadcastReceiverWrapper: onReceive, start dispatch android.media.ACTION_AUDIO_PLAYBACK_STATE_CHANGED
02-27 12:01:33.194  6511  6511 V DeepThinker: BroadcastReceiverWrapper: onReceive, finish dispatch android.media.ACTION_AUDIO_PLAYBACK_STATE_CHANGED  Time consuming : 0 ms
02-27 12:01:33.198  4582 20766 I NearbySharing: Network state changed: NetworkState(isRestricted=false, isOnline=true, isCongested=false, isMetered=true, isWifiConnected=false)
02-27 12:01:33.198 15440 15440 D AudioManagerExtImpl: getStreamVolume packageName=ru.mts.mtstv.debug, index=3, streamType=3
02-27 12:01:33.198  5361  8118 D OplusAtlasService: getAttributeByAppName module:oplus-getStreamMaxVolume packageName:ru.mts.mtstv.debug
02-27 12:01:33.202 15440 15440 I TimberLogger: [AdsManagerController] onAdEvent | eventType = STARTED | adInfo = VastAdInfo(adUrl=AdUrl(id=0, url=https://yandex.ru/ads/adfox/226279/getCode?p1=cwmwu&p2=eyit&puid1=0&puid6=1&puid5=8&puid8=14&puid9=109&pr=1&dl=ru.mts.mtstv.debug&google_aid=ed1521d5-1de8-3fc1-869b-8ab6e5b2db98&eid3=ed1521d5-1de8-3fc1-869b-8ab6e5b2db98&ext_duid=ed1521d5-1de8-3fc1-869b-8ab6e5b2db98&eid4=ed1521d5-1de8-3fc1-869b-8ab6e5b2db98&puid60=ru.mts.mtstv.debug&puid28=36&puid29={{SDK_VERSION}}&puid31=app_android&ad_source=vitrina), vastString=<?xml version="1.0" encoding="utf-8" ?>
02-27 12:01:33.203 15440 15440 I TimberLogger: <VAST version="3.0">
02-27 12:01:33.203 15440 15440 I TimberLogger:   <Ad id="14669725">
02-27 12:01:33.203 15440 15440 I TimberLogger:     <InLine>
02-27 12:01:33.203 15440 15440 I TimberLogger:       <AdSystem>AdFox.Ru</AdSystem>
02-27 12:01:33.203 15440 15440 I TimberLogger:       <AdTitle>VAST Ad</AdTitle>
02-27 12:01:33.203 15440 15440 I TimberLogger:       <Error><![CDATA[https://ads.adfox.ru/226279/event?hash=c1f73935a89b1af5&rand=uinpbs&pm=u&puid31=app_android&eid4=ed1521d5-1de8-3fc1-869b-8ab6e5b2db98&utg=bstjk&dl=ru.mts.mtstv.debug&adfox-version=0&rqs=JMvB3fAiCjbdKcBnyks7TujVjwxMJfZB&puid1=0&puid60=ru.mts.mtstv.debug&p5=bgcquf&eid3=ed1521d5-1de8-3fc1-869b-8ab6e5b2db98&puid29=%7B%7BSDK_VERSION%7D%7D&lts=fqnblkv&puid28=36&google_aid=ed1521d5-1de8-3fc1-869b-8ab6e5b2db98&sj=Sl0GaJIilUqTSI9JnGjqSpiZSE_DAL2om8lyoNJ0wekZCYHlfUKDxmEjtJOcfRtUihzTOmDO9zPMlCJ9hLTxszYY71714nbKgyZkXCx4UKmeDe5qc5jspywzCah428uuu-ceAMnlbcBNxF8_ZYOjk5KuSWVuHESyvAw%3D&puid9=109&pr=b&p2=eyit&puid8=14&puid6=1&p1=cwmwu&puid5=8&puid49=[ERRORCODE]&dl=ru.mts.mtstv.debug@https://www.tns-counter.ru/V13a**ed1521d5-1de8-3fc1-869b-8ab6e5b2db98**idsh_vmon/ru/CP1251/tmsec=idsh_vtotal/1740646877]]></Error>
02-27 12:01:33.203 15440 15440 I TimberLogger:       <Error><![CDATA[https://www.tns-counter.ru/V13a**ed1521d5-1de8-3fc1-869b-8ab6e5b2db98**idsh_vid/ru/CP1251/tmsec=idsh_sid107617-vitid1/1740646877]]></Error>
02-27 12:01:33.203 15440 15440 I TimberLogger:       <Error><![CDATA[https://mc.yandex.ru/watch/66716692?page-url=107617%3Futm_source=vn_creative_error%26utm_medium=eid3-ed1521d5-1de8-3fc1-869b-8ab6e5b2db98%26utm_campaign=3281448%26utm_content=14669725%26utm_term=287764&page-ref=ru.mts.mtstv.debug]]></Error>
02-27 12:01:33.203 15440 15440 I TimberLogger:       <Error><![CDATA[https://bridgertb.tech/ssp/sync/da_bridge?sspuid=ed1521d5-1de8-3fc1-869b-8ab6e5b2db98]]></Error>
02-27 12:01:33.203 15440 15440 I TimberLogger:       <Error><![CDATA[https://px802187341221.cmediahub.ru/s.gif?userid=ed1521d5-1de8-3fc1-869b-8ab6e5b2db98&media=video]]></Error>
02-27 12:01:33.203 15440 15440 I TimberLogger:       <Error><![CDATA[https://dmg.digitaltarget.ru/1/7522/i/i?type=show]]></Error>
02-27 12:01:33.203 15440 15440 I TimberLogger:       <Impression id="AdFox"><![CDATA[https://ads.adfox.ru/226279/event?hash=4d1d3664011a1d1f&rand=lzjngch&pm=b&puid31=app_android&eid4=ed1521d5-1de8-3fc1-869b-8ab6e5b2db98&utg=bstjk&dl=ru.mts.mtstv.debug&adfox-version=0&rqs=JMvB3fAiCjbdKcBnyks7TujVjwxMJfZB&puid1=0&puid60=ru.mts.mtstv.debug&p5=bgcquf&eid3=ed1521d5-1de8-3fc1-869b-8ab6e5b2db98&puid29=%7B%7BSDK_VERSION%7D%7D&lts=fqnblkv&puid28=36&google_aid=ed1521d5-1de8-3fc1-869b-8ab6e5b2db98&sj=Sl0GaJIilUqTSI9JnGjqSpiZSE_DAL2om8lyoNJ0wekZCYHlfUKDxmEjtJOcfRtUihzTOmDO9zPMlCJ9hLTxszYY71714nbKgyZkXCx4UKmeDe5qc5jspywzCah428uuu-ceAMnlbcBNxF8_ZYOjk5KuSWVuHESyvAw%3D&puid9=109&pr=b&p2=eyit&puid8=14&puid6=1&p1=cwmwu&puid5=8&dl=ru.mts.mtstv.debug]]></Impression>
02-27 12:01:33.203 15440 15440 I TimberLogger:       <Impression id="Thirdparty-1"><![CDATA[https://bs.serving-sys.ru/Serving/adServer.bs?cn=display&c=19&pli=1087997391&adid=1087997392&ord=187341221&pcp=$${107617}:{ru.mts.mtstv.debug}$$&a.ycp=107617&puid=ed1521d5-1de8-3fc1-869b-8ab6e5b2db98]]></Impression>
02-27 12:01:33.203 15440 15440 I TimberLogger:       <Impression id="Thirdparty-2"><![CDATA[]]></Impression>
02-27 12:01:33.203 15440 15440 I TimberLogger:       <Impression id="Thirdparty-3"><![CDATA[]]></Impression>
02-27 12:01:33.203 15440 15440 I TimberLogger:       <Impression id="Thirdparty-4"><![CDATA[]]></Impression>
02-27 12:01:33.203 15440 15440 I TimberLogger:       <Impression id="Mediascope-1"><![CDATA[https://www.tns-counter.ru/V13a**ed1521d5-1de8-3fc1-869b-8ab6e5b2db98**idsh_vmon/ru/CP1251/tmsec=idsh_vtotal/1740646877]]></Impression>
02-27 12:01:33.203 15440 15440 I TimberLogger:       <Impression id="Mediascope-2"><![CDATA[https://www.tns-counter.ru/V13a**ed1521d5-1de8-3fc1-869b-8ab6e5b2db98**idsh_vid/ru/CP1251/tmsec=idsh_sc287764-fl3281448/1740646877]]></Impression>
02-27 12:01:33.203 15440 15440 I TimberLogger:       <Impression id="Mediascope-5"><![CDATA[https://www.tns-counter.ru/V13a**ed1521d5-1de8-3fc1-869b-8ab6e5b2db98**idsh_vid/ru/CP1251/tmsec=idsh_sc287764-sid107617/1740646877]]></Impression>
02-27 12:01:33.203 15440 15440 I TimberLogger:       <Impression id="Mediascope-3"><![CDATA[https://www.tns-counter.ru/V13a**ed1521d5-1de8-3fc1-869b-8ab6e5b2db98**idsh_vid/ru/CP1251/tmsec=idsh_sid107617-vitid1/1740646877]]></Impression>
02-27 12:01:33.203 15440 15440 I TimberLogger:       <Impression id="Mediascope-4"><![CDATA[https://www.tns-counter.ru/V13a**crid:14669725**cat_ad/ru/UTF-8/tmsec=catad_idsh/1740646877]]></Impression>
02-27 12:01:33.203 15440 15440 I TimberLogger:       <Impression id="Metrika-1"><![CDATA[https://mc.yandex.ru/watch/66716692?page-url=107617%3Futm_source=vn_impression%26utm_medium=1%26utm_campaign=3281448%26utm_content=14669725%26utm_term=287764&page-ref=ru.mts.mtstv.debug]]></Impression>
02-27 12:01:33.203 15440 15440 I TimberLogger:       <Impression id="Metrika-2"><![CDATA[https://mc.yandex.ru/watch/48668132?page-url=107617%3Futm_source=%26utm_medium=%26utm_campaign=3281448%26utm_content=14669725%26utm_term=287764&page-ref=ru.mts.mtstv.debug]]></Impression>
02-27 12:01:33.203 15440 15440 I TimberLogger:       <Impression id="Metrika-3"><![CDATA[https://mc.yandex.ru/watch/92850991?page-url=107617%3Futm_source=%26utm_medium=%26utm_campaign=3281448%26utm_content=14669725%26utm_term=287764%26from=107617&page-ref=ru.mts.mtstv.debug]]></Impression>
02-27 12:01:33.203 15440 15440 I TimberLogger:       <Impression id="Thirdparty-5"><![CDATA[https://bridgertb.tech/ssp/sync/imp?sspuid=ed1521d5-1de8-3fc1-869b-8ab6e5b2db98&ad_id=14669725]]></Impression>
02-27 12:01:33.203 15440 15440 I TimberLogger:       <Impression id="Thirdparty-6"><![CDATA[https://px802187341221.cmediahub.ru/s.gif?userid=ed1521d5-1de8-3fc1-869b-8ab6e5b2db98&media=video&scamp_id=287764&camp_id=3281448&ad_id=14669725&maid=ed1521d5-1de8-3fc1-869b-8ab6e5b2db98&site_id=107617]]></Impression>
02-27 12:01:33.203 15440 15440 I TimberLogger:       <Impression id="Thirdparty-10"><![CDATA[https://px147.mhverifier.ru/s.gif?userid=ed1521d5-1de8-3fc1-869b-8ab6e5b2db98&media=video&scamp_id=287764&camp_id=3281448&ad_id=14669725&maid=ed1521d5-1de8-3fc1-869b-8ab6e5b2db98&site_id=107617]]></Impression>
02-27 12:01:33.203 15440 15440 I TimberLogger:       <Impression id="Thirdparty-9"><![CDATA[https://dmg.digitaltarget.ru/1/7522/i/i?type=show&ad_id=14669725&maid=ed1521d5-1de8-3fc1-869b-8ab6e5b2db98]]></Impression>
02-27 12:01:33.203 15440 15440 I TimberLogger:       <Impression id="Thirdparty-11"><![CDATA[https://serval.getshop.tv/vitrina_ifas/collect_ifa?ad_id=vitrina_collect&client_id=ed1521d5-1de8-3fc1-869b-8ab6e5b2db98&place_id=1309328&site_id=107617&section_id=183743]]></Impression>
02-27 12:01:33.203 15440 15440 I TimberLogger:       <Creatives>
02-27 12:01:33.203 15440 15440 I TimberLogger:         <Creative id="14669725/3281448">
02-27 12:01:33.203 15440 15440 I TimberLogger:           <Linear skipoffset="00:03:05">
02-27 12:01:33.203 15440 15440 I TimberLogger:             <Duration>00:00:05</Duration>
02-27 12:01:33.203 15440 15440 I TimberLogger:             <TrackingEvents>
02-27 12:01:33.203 15440 15440 I TimberLogger:               <Tracking event="creativeView"><![CDATA[https://ads.adfox.ru/226279/event?hash=ebd97b787c94c1d8&rand=tzscht&pm=c&puid31=app_android&eid4=ed1521d5-1de8-3fc1-869b-8ab6e5b2db98&utg=bstjk&dl=ru.mts.mtstv.debug&adfox-version=0&rqs=JMvB3fAiCjbdKcBnyks7TujVjwxMJfZB&puid1=0&puid60=ru.mts.mtstv.debug&p5=bgcquf&eid3=ed1521d5-1de8-3fc1-869b-8ab6e5b2db98&puid29=%7B%7BSDK_VERSION%7D%7D&lts=fqnblkv&puid28=36&google_aid=ed1521d5-1de8-3fc1-869b-8ab6e5b2db98&sj=Sl0GaJIilUqTSI9JnGjqSpiZSE_DAL2om8lyoNJ0wekZCYHlfUKDxmEjtJOcfRtUihzTOmDO9zPMlCJ9hLTxszYY71714nbKgyZkXCx4UKmeDe5qc5jspywzCah428uuu-ceAMnlbcBNxF8_ZYOjk5KuSWVuHESyvAw%3D&puid9=109&pr=b&p2=eyit&puid8=14&puid6=1&p1=cwmwu&puid5=8&dl=ru.mts.mtstv.debug]]></Tracking>
02-27 12:01:33.203 15440 15440 I TimberLogger:               <Tracking event="start"><![CDATA[https://ads.adfox.ru/226279/event?hash=0c7c20a13997735d&rand=cirklhc&pm=d&puid31=app_android&eid4=ed1521d5-1de8-3fc1-869b-8ab6e5b2db98&utg=bstjk&dl=ru.mts.mtstv.debug&adfox-version=0&rqs=JMvB3fAiCjbdKcBnyks7TujVjwxMJfZB&puid1=0&puid60=ru.mts.mtstv.debug&p5=bgcquf&eid3=ed1521d5-1de8-3fc1-869b-8ab6e5b2db98&puid29=%7B%7BSDK_VERSION%7D%7D&lts=fqnblkv&puid28=36&google_aid=ed1521d5-1de8-3fc1-869b-8ab6e5b2db98&sj=Sl0GaJIilUqTSI9JnGjqSpiZSE_DAL2om8lyoNJ0wekZCYHlfUKDxmEjtJOcfRtUihzTOmDO9zPMlCJ9hLTxszYY71714nbKgyZkXCx4UKmeDe5qc5jspywzCah428uuu-ceAMnlbcBNxF8_ZYOjk5KuSWVuHESyvAw%3D&puid9=109&pr=b&p2=eyit&puid8=14&puid6=1&p1=cwmwu&puid5=8&dl=ru.mts.mtstv.debug]]></Tracking>
02-27 12:01:33.203 15440 15440 I TimberLogger:               <Tracking event="start"><![CDATA[]]></Tracking>
02-27 12:01:33.203 15440 15440 I TimberLogger:               <Tracking event="firstQuartile"><![CDATA[https://ads.adfox.ru/226279/event?hash=39a44492066180a8&rand=hgixgbd&pm=e&puid31=app_android&eid4=ed1521d5-1de8-3fc1-869b-8ab6e5b2db98&utg=bstjk&dl=ru.mts.mtstv.debug&adfox-version=0&rqs=JMvB3fAiCjbdKcBnyks7TujVjwxMJfZB&puid1=0&puid60=ru.mts.mtstv.debug&p5=bgcquf&eid3=ed1521d5-1de8-3fc1-869b-8ab6e5b2db98&puid29=%7B%7BSDK_VERSION%7D%7D&lts=fqnblkv&puid28=36&google_aid=ed1521d5-1de8-3fc1-869b-8ab6e5b2db98&sj=Sl0GaJIilUqTSI9JnGjqSpiZSE_DAL2om8lyoNJ0wekZCYHlfUKDxmEjtJOcfRtUihzTOmDO9zPMlCJ9hLTxszYY71714nbKgyZkXCx4UKmeDe5qc5jspywzCah428uuu-ceAMnlbcBNxF8_ZYOjk5KuSWVuHESyvAw%3D&puid9=109&pr=b&p2=eyit&puid8=14&puid6=1&p1=cwmwu&puid5=8&dl=ru.mts.mtstv.debug]]></Tracking>
02-27 12:01:33.203 15440 15440 I TimberLogger:               <Tracking event="firstQuartile"><![CDATA[]]></Tracking>
02-27 12:01:33.203 15440 15440 I TimberLogger:               <Tracking event="midpoint"><![CDATA[https://ads.adfox.ru/226279/event?hash=18f8224c5a9c91af&rand=huqrjic&pm=f&puid31=app_android&eid4=ed1521d5-1de8-3fc1-869b-8ab6e5b2db98&utg=bstjk&dl=ru.mts.mtstv.debug&adfox-version=0&rqs=JMvB3fAiCjbdKcBnyks7TujVjwxMJfZB&puid1=0&puid60=ru.mts.mtstv.debug&p5=bgcquf&eid3=ed1521d5-1de8-3fc1-869b-8ab6e5b2db98&puid29=%7B%7BSDK_VERSION%7D%7D&lts=fqnblkv&puid28=36&google_aid=ed1521d5-1de8-3fc1-869b-8ab6e5b2db98&sj=Sl0GaJIilUqTSI9JnGjqSpiZSE_DAL2om8lyoNJ0wekZCYHlfUKDxmEjtJOcfRtUihzTOmDO9zPMlCJ9hLTxszYY71714nbKgyZkXCx4UKmeDe5qc5jspywzCah428uuu-ceAMnlbcBNxF8_ZYOjk5KuSWVuHESyvAw%3D&puid9=109&pr=b&p2=eyit&puid8=14&puid6=1&p1=cwmwu&puid5=8&dl=ru.mts.mtstv.debug]]></Tracking>
02-27 12:01:33.203 15440 15440 I TimberLogger:               <Tracking event="midpoint"><![CDATA[]]></Tracking>
02-27 12:01:33.203 15440 15440 I TimberLogger:               <Tracking event="thirdQuartile"><![CDATA[https://ads.adfox.ru/226279/event?hash=51a328803aec8dab&rand=hwclubx&pm=g&puid31=app_android&eid4=ed1521d5-1de8-3fc1-869b-8ab6e5b2db98&utg=bstjk&dl=ru.mts.mtstv.debug&adfox-version=0&rqs=JMvB3fAiCjbdKcBnyks7TujVjwxMJfZB&puid1=0&puid60=ru.mts.mtstv.debug&p5=bgcquf&eid3=ed1521d5-1de8-3fc1-869b-8ab6e5b2db98&puid29=%7B%7BSDK_VERSION%7D%7D&lts=fqnblkv&puid28=36&google_aid=ed1521d5-1de8-3fc1-869b-8ab6e5b2db98&sj=Sl0GaJIilUqTSI9JnGjqSpiZSE_DAL2om8lyoNJ0wekZCYHlfUKDxmEjtJOcfRtUihzTOmDO9zPMlCJ9hLTxszYY71714nbKgyZkXCx4UKmeDe5qc5jspywzCah428uuu-ceAMnlbcBNxF8_ZYOjk5KuSWVuHESyvAw%3D&puid9=109&pr=b&p2=eyit&puid8=14&puid6=1&p1=cwmwu&puid5=8&dl=ru.mts.mtstv.debug]]></Tracking>
02-27 12:01:33.203 15440 15440 I TimberLogger:               <Tracking event="thirdQuartile"><![CDATA[]]></Tracking>
02-27 12:01:33.203 15440 15440 I TimberLogger:               <Tracking event="complete"><![CDATA[https://ads.adfox.ru/226279/event?hash=113ac22703f14cbe&rand=hvazda&pm=h&puid31=app_android&eid4=ed1521d5-1de8-3fc1-869b-8ab6e5b2db98&utg=bstjk&dl=ru.mts.mtstv.debug&adfox-version=0&rqs=JMvB3fAiCjbdKcBnyks7TujVjwxMJfZB&puid1=0&puid60=ru.mts.mtstv.debug&p5=bgcquf&eid3=ed1521d5-1de8-3fc1-869b-8ab6e5b2db98&puid29=%7B%7BSDK_VERSION%7D%7D&lts=fqnblkv&puid28=36&google_aid=ed1521d5-1de8-3fc1-869b-8ab6e5b2db98&sj=Sl0GaJIilUqTSI9JnGjqSpiZSE_DAL2om8lyoNJ0wekZCYHlfUKDxmEjtJOcfRtUihzTOmDO9zPMlCJ9hLTxszYY71714nbKgyZkXCx4UKmeDe5qc5jspywzCah428uuu-ceAMnlbcBNxF8_ZYOjk5KuSWVuHESyvAw%3D&puid9=109&pr=b&p2=eyit&puid8=14&puid6=1&p1=cwmwu&puid5=8&dl=ru.mts.mtstv.debug]]></Tracking>
02-27 12:01:33.203 15440 15440 I TimberLogger:               <Tracking event="complete"><![CDATA[]]></Tracking>
02-27 12:01:33.203 15440 15440 I TimberLogger:               <Tracking event="complete"><![CDATA[https://mc.yandex.ru/pixel/221610915015527953?rnd=1740646877]]></Tracking>
02-27 12:01:33.203 15440 15440 I TimberLogger:               <Tracking event="complete"><![CDATA[https://mc.yandex.ru/watch/56644546?page-url=107617%3Futm_source=%26utm_medium=ed1521d5-1de8-3fc1-869b-8ab6e5b2db98%26utm_campaign=3281448%26utm_content=14669725%26utm_term=287764&page-ref=ru.mts.mtstv.debug]]></Tracking>
02-27 12:01:33.203 15440 15440 I TimberLogger:               <Tracking event="mute"><![CDATA[https://ads.adfox.ru/226279/event?hash=5b0447f9faa51f4a&rand=mcbigha&pm=i&puid31=app_android&eid4=ed1521d5-1de8-3fc1-869b-8ab6e5b2db98&utg=bstjk&dl=ru.mts.mtstv.debug&adfox-version=0&rqs=JMvB3fAiCjbdKcBnyks7TujVjwxMJfZB&puid1=0&puid60=ru.mts.mtstv.debug&p5=bgcquf&eid3=ed1521d5-1de8-3fc1-869b-8ab6e5b2db98&puid29=%7B%7BSDK_VERSION%7D%7D&lts=fqnblkv&puid28=36&google_aid=ed1521d5-1de8-3fc1-869b-8ab6e5b2db98&sj=Sl0GaJIilUqTSI9JnGjqSpiZSE_DAL2om8lyoNJ0wekZCYHlfUKDxmEjtJOcfRtUihzTOmDO9zPMlCJ9hLTxszYY71714nbKgyZkXCx4UKmeDe5qc5jspywzCah428uuu-ceAMnlbcBNxF8_ZYOjk5KuSWVuHESyvAw%3D&puid9=109&pr=b&p2=eyit&puid8=14&puid6=1&p1=cwmwu&puid5=8&dl=ru.mts.mtstv.debug]]></Tracking>
02-27 12:01:33.203 15440 15440 I TimberLogger:               <Tracking event="unmute"><![CDATA[https://ads.adfox.ru/226279/event?hash=c1dc7b178be525a3&rand=feziizk&pm=j&puid31=app_android&eid4=ed1521d5-1de8-3fc1-869b-8ab6e5b2db98&utg=bstjk&dl=ru.mts.mtstv.debug&adfox-version=0&rqs=JMvB3fAiCjbdKcBnyks7TujVjwxMJfZB&puid1=0&puid60=ru.mts.mtstv.debug&p5=bgcquf&eid3=ed1521d5-1de8-3fc1-869b-8ab6e5b2db98&puid29=%7B%7BSDK_VERSION%7D%7D&lts=fqnblkv&puid28=36&google_aid=ed1521d5-1de8-3fc1-869b-8ab6e5b2db98&sj=Sl0GaJIilUqTSI9JnGjqSpiZSE_DAL2om8lyoNJ0wekZCYHlfUKDxmEjtJOcfRtUihzTOmDO9zPMlCJ9hLTxszYY71714nbKgyZkXCx4UKmeDe5qc5jspywzCah428uuu-ceAMnlbcBNxF8_ZYOjk5KuSWVuHESyvAw%3D&puid9=109&pr=b&p2=eyit&puid8=14&puid6=1&p1=cwmwu&puid5=8&dl=ru.mts.mtstv.debug]]></Tracking>
02-27 12:01:33.203 15440 15440 I TimberLogger:               <Tracking event="pause"><![CDATA[https://ads.adfox.ru/226279/event?hash=cbcd1e6e139e1423&rand=fsedfuc&pm=k&puid31=app_android&eid4=ed1521d5-1de8-3fc1-869b-8ab6e5b2db98&utg=bstjk&dl=ru.mts.mtstv.debug&adfox-version=0&rqs=JMvB3fAiCjbdKcBnyks7TujVjwxMJfZB&puid1=0&puid60=ru.mts.mtstv.debug&p5=bgcquf&eid3=ed1521d5-1de8-3fc1-869b-8ab6e5b2db98&puid29=%7B%7BSDK_VERSION%7D%7D&lts=fqnblkv&puid28=36&google_aid=ed1521d5-1de8-3fc1-869b-8ab6e5b2db98&sj=Sl0GaJIilUqTSI9JnGjqSpiZSE_DAL2om8lyoNJ0wekZCYHlfUKDxmEjtJOcfRtUihzTOmDO9zPMlCJ9hLTxszYY71714nbKgyZkXCx4UKmeDe5qc5jspywzCah428uuu-ceAMnlbcBNxF8_ZYOjk5KuSWVuHESyvAw%3D&puid9=109&pr=b&p2=eyit&puid8=14&puid6=1&p1=cwmwu&puid5=8&dl=ru.mts.mtstv.debug]]></Tracking>
02-27 12:01:33.203 15440 15440 I TimberLogger:               <Tracking event="rewind"><![CDATA[https://ads.adfox.ru/226279/event?hash=f9f5d8462daf39f0&rand=mkglklt&pm=l&puid31=app_android&eid4=ed1521d5-1de8-3fc1-869b-8ab6e5b2db98&utg=bstjk&dl=ru.mts.mtstv.debug&adfox-version=0&rqs=JMvB3fAiCjbdKcBnyks7TujVjwxMJfZB&puid1=0&puid60=ru.mts.mtstv.debug&p5=bgcquf&eid3=ed1521d5-1de8-3fc1-869b-8ab6e5b2db98&puid29=%7B%7BSDK_VERSION%7D%7D&lts=fqnblkv&puid28=36&google_aid=ed1521d5-1de8-3fc1-869b-8ab6e5b2db98&sj=Sl0GaJIilUqTSI9JnGjqSpiZSE_DAL2om8lyoNJ0wekZCYHlfUKDxmEjtJOcfRtUihzTOmDO9zPMlCJ9hLTxszYY71714nbKgyZkXCx4UKmeDe5qc5jspywzCah428uuu-ceAMnlbcBNxF8_ZYOjk5KuSWVuHESyvAw%3D&puid9=109&pr=b&p2=eyit&puid8=14&puid6=1&p1=cwmwu&puid5=8&dl=ru.mts.mtstv.debug]]></Tracking>
02-27 12:01:33.203 15440 15440 I TimberLogger:               <Tracking event="resume"><![CDATA[https://ads.adfox.ru/226279/event?hash=c65f2d13ed8cab64&rand=mcknsft&pm=m&puid31=app_android&eid4=ed1521d5-1de8-3fc1-869b-8ab6e5b2db98&utg=bstjk&dl=ru.mts.mtstv.debug&adfox-version=0&rqs=JMvB3fAiCjbdKcBnyks7TujVjwxMJfZB&puid1=0&puid60=ru.mts.mtstv.debug&p5=bgcquf&eid3=ed1521d5-1de8-3fc1-869b-8ab6e5b2db98&puid29=%7B%7BSDK_VERSION%7D%7D&lts=fqnblkv&puid28=36&google_aid=ed1521d5-1de8-3fc1-869b-8ab6e5b2db98&sj=Sl0GaJIilUqTSI9JnGjqSpiZSE_DAL2om8lyoNJ0wekZCYHlfUKDxmEjtJOcfRtUihzTOmDO9zPMlCJ9hLTxszYY71714nbKgyZkXCx4UKmeDe5qc5jspywzCah428uuu-ceAMnlbcBNxF8_ZYOjk5KuSWVuHESyvAw%3D&puid9=109&pr=b&p2=eyit&puid8=14&puid6=1&p1=cwmwu&puid5=8&dl=ru.mts.mtstv.debug]]></Tracking>
02-27 12:01:33.203 15440 15440 I TimberLogger:               <Tracking event="fullscreen"><![CDATA[https://ads.adfox.ru/226279/event?hash=1140ede2ea74313e&rand=ecwxlwx&pm=n&puid31=app_android&eid4=ed1521d5-1de8-3fc1-869b-8ab6e5b2db98&utg=bstjk&dl=ru.mts.mtstv.debug&adfox-version=0&rqs=JMvB3fAiCjbdKcBnyks7TujVjwxMJfZB&puid1=0&puid60=ru.mts.mtstv.debug&p5=bgcquf&eid3=ed1521d5-1de8-3fc1-869b-8ab6e5b2db98&puid29=%7B%7BSDK_VERSION%7D%7D&lts=fqnblkv&puid28=36&google_aid=ed1521d5-1de8-3fc1-869b-8ab6e5b2db98&sj=Sl0GaJIilUqTSI9JnGjqSpiZSE_DAL2om8lyoNJ0wekZCYHlfUKDxmEjtJOcfRtUihzTOmDO9zPMlCJ9hLTxszYY71714nbKgyZkXCx4UKmeDe5qc5jspywzCah428uuu-ceAMnlbcBNxF8_ZYOjk5KuSWVuHESyvAw%3D&puid9=109&pr=b&p2=eyit&puid8=14&puid6=1&p1=cwmwu&puid5=8&dl=ru.mts.mtstv.debug]]></Tracking>
02-27 12:01:33.203 15440 15440 I TimberLogger:               <Tracking event="exitFullscreen"><![CDATA[https://ads.adfox.ru/226279/event?hash=09bce3fbaa05fe47&rand=nnlefj&pm=v&puid31=app_android&eid4=ed1521d5-1de8-3fc1-869b-8ab6e5b2db98&utg=bstjk&dl=ru.mts.mtstv.debug&adfox-version=0&rqs=JMvB3fAiCjbdKcBnyks7TujVjwxMJfZB&puid1=0&puid60=ru.mts.mtstv.debug&p5=bgcquf&eid3=ed1521d5-1de8-3fc1-869b-8ab6e5b2db98&puid29=%7B%7BSDK_VERSION%7D%7D&lts=fqnblkv&puid28=36&google_aid=ed1521d5-1de8-3fc1-869b-8ab6e5b2db98&sj=Sl0GaJIilUqTSI9JnGjqSpiZSE_DAL2om8lyoNJ0wekZCYHlfUKDxmEjtJOcfRtUihzTOmDO9zPMlCJ9hLTxszYY71714nbKgyZkXCx4UKmeDe5qc5jspywzCah428uuu-ceAMnlbcBNxF8_ZYOjk5KuSWVuHESyvAw%3D&puid9=109&pr=b&p2=eyit&puid8=14&puid6=1&p1=cwmwu&puid5=8&dl=ru.mts.mtstv.debug]]></Tracking>
02-27 12:01:33.203 15440 15440 I TimberLogger:               <Tracking event="expand"><![CDATA[https://ads.adfox.ru/226279/event?hash=d77080e26c52c0d2&rand=lzxrfrq&pm=o&puid31=app_android&eid4=ed1521d5-1de8-3fc1-869b-8ab6e5b2db98&utg=bstjk&dl=ru.mts.mtstv.debug&adfox-version=0&rqs=JMvB3fAiCjbdKcBnyks7TujVjwxMJfZB&puid1=0&puid60=ru.mts.mtstv.debug&p5=bgcquf&eid3=ed1521d5-1de8-3fc1-869b-8ab6e5b2db98&puid29=%7B%7BSDK_VERSION%7D%7D&lts=fqnblkv&puid28=36&google_aid=ed1521d5-1de8-3fc1-869b-8ab6e5b2db98&sj=Sl0GaJIilUqTSI9JnGjqSpiZSE_DAL2om8lyoNJ0wekZCYHlfUKDxmEjtJOcfRtUihzTOmDO9zPMlCJ9hLTxszYY71714nbKgyZkXCx4UKmeDe5qc5jspywzCah428uuu-ceAMnlbcBNxF8_ZYOjk5KuSWVuHESyvAw%3D&puid9=109&pr=b&p2=eyit&puid8=14&puid6=1&p1=cwmwu&puid5=8&dl=ru.mts.mtstv.debug]]></Tracking>
02-27 12:01:33.203 15440 15440 I TimberLogger:               <Tracking event="collapse"><![CDATA[https://ads.adfox.ru/226279/event?hash=d2eaef31b85f64ca&rand=mokiwhc&pm=p&puid31=app_android&eid4=ed1521d5-1de8-3fc1-869b-8ab6e5b2db98&utg=bstjk&dl=ru.mts.mtstv.debug&adfox-version=0&rqs=JMvB3fAiCjbdKcBnyks7TujVjwxMJfZB&puid1=0&puid60=ru.mts.mtstv.debug&p5=bgcquf&eid3=ed1521d5-1de8-3fc1-869b-8ab6e5b2db98&puid29=%7B%7BSDK_VERSION%7D%7D&lts=fqnblkv&puid28=36&google_aid=ed1521d5-1de8-3fc1-869b-8ab6e5b2db98&sj=Sl0GaJIilUqTSI9JnGjqSpiZSE_DAL2om8lyoNJ0wekZCYHlfUKDxmEjtJOcfRtUihzTOmDO9zPMlCJ9hLTxszYY71714nbKgyZkXCx4UKmeDe5qc5jspywzCah428uuu-ceAMnlbcBNxF8_ZYOjk5KuSWVuHESyvAw%3D&puid9=109&pr=b&p2=eyit&puid8=14&puid6=1&p1=cwmwu&puid5=8&dl=ru.mts.mtstv.debug]]></Tracking>
02-27 12:01:33.203 15440 15440 I TimberLogger:               <Tracking event="acceptInvitationLinear"><![CDATA[https://ads.adfox.ru/226279/event?hash=78c5f440a65a953d&rand=cfrqwig&pm=q&puid31=app_android&eid4=ed1521d5-1de8-3fc1-869b-8ab6e5b2db98&utg=bstjk&dl=ru.mts.mtstv.debug&adfox-version=0&rqs=JMvB3fAiCjbdKcBnyks7TujVjwxMJfZB&puid1=0&puid60=ru.mts.mtstv.debug&p5=bgcquf&eid3=ed1521d5-1de8-3fc1-869b-8ab6e5b2db98&puid29=%7B%7BSDK_VERSION%7D%7D&lts=fqnblkv&puid28=36&google_aid=ed1521d5-1de8-3fc1-869b-8ab6e5b2db98&sj=Sl0GaJIilUqTSI9JnGjqSpiZSE_DAL2om8lyoNJ0wekZCYHlfUKDxmEjtJOcfRtUihzTOmDO9zPMlCJ9hLTxszYY71714nbKgyZkXCx4UKmeDe5qc5jspywzCah428uuu-ceAMnlbcBNxF8_ZYOjk5KuSWVuHESyvAw%3D&puid9=109&pr=b&p2=eyit&puid8=14&puid6=1&p1=cwmwu&puid5=8&dl=ru.mts.mtstv.debug]]></Tracking>
02-27 12:01:33.203 15440 15440 I TimberLogger:               <Tracking event="close"><![CDATA[https://ads.adfox.ru/226279/event?hash=be1e692628430a18&rand=fupbmhl&pm=r&puid31=app_android&eid4=ed1521d5-1de8-3fc1-869b-8ab6e5b2db98&utg=bstjk&dl=ru.mts.mtstv.debug&adfox-version=0&rqs=JMvB3fAiCjbdKcBnyks7TujVjwxMJfZB&puid1=0&puid60=ru.mts.mtstv.debug&p5=bgcquf&eid3=ed1521d5-1de8-3fc1-869b-8ab6e5b2db98&puid29=%7B%7BSDK_VERSION%7D%7D&lts=fqnblkv&puid28=36&google_aid=ed1521d5-1de8-3fc1-869b-8ab6e5b2db98&sj=Sl0GaJIilUqTSI9JnGjqSpiZSE_DAL2om8lyoNJ0wekZCYHlfUKDxmEjtJOcfRtUihzTOmDO9zPMlCJ9hLTxszYY71714nbKgyZkXCx4UKmeDe5qc5jspywzCah428uuu-ceAMnlbcBNxF8_ZYOjk5KuSWVuHESyvAw%3D&puid9=109&pr=b&p2=eyit&puid8=14&puid6=1&p1=cwmwu&puid5=8&dl=ru.mts.mtstv.debug]]></Tracking>
02-27 12:01:33.203 15440 15440 I TimberLogger:               <Tracking event="skip"><![CDATA[https://ads.adfox.ru/226279/event?hash=079ba7c7453dd37c&rand=mbkfsjp&pm=s&puid31=app_android&eid4=ed1521d5-1de8-3fc1-869b-8ab6e5b2db98&utg=bstjk&dl=ru.mts.mtstv.debug&adfox-version=0&rqs=JMvB3fAiCjbdKcBnyks7TujVjwxMJfZB&puid1=0&puid60=ru.mts.mtstv.debug&p5=bgcquf&eid3=ed1521d5-1de8-3fc1-869b-8ab6e5b2db98&puid29=%7B%7BSDK_VERSION%7D%7D&lts=fqnblkv&puid28=36&google_aid=ed1521d5-1de8-3fc1-869b-8ab6e5b2db98&sj=Sl0GaJIilUqTSI9JnGjqSpiZSE_DAL2om8lyoNJ0wekZCYHlfUKDxmEjtJOcfRtUihzTOmDO9zPMlCJ9hLTxszYY71714nbKgyZkXCx4UKmeDe5qc5jspywzCah428uuu-ceAMnlbcBNxF8_ZYOjk5KuSWVuHESyvAw%3D&puid9=109&pr=b&p2=eyit&puid8=14&puid6=1&p1=cwmwu&puid5=8&dl=ru.mts.mtstv.debug]]></Tracking>
02-27 12:01:33.203 15440 15440 I TimberLogger:             </TrackingEvents>
02-27 12:01:33.203 15440 15440 I TimberLogger:             <VideoClicks>
02-27 12:01:33.203 15440 15440 I TimberLogger:               <ClickThrough><![CDATA[https://ads.adfox.ru/226279/goLink?eid4=ed1521d5-1de8-3fc1-869b-8ab6e5b2db98&puid60=ru.mts.mtstv.debug&puid31=app_android&puid28=36&puid6=1&puid5=8&puid9=109&sj=Sl0GaJIilUqTSI9JnGjqSpiZSE_DAL2om8lyoNJ0wekZCYHlfUKDxmEjtJOcfRtUihzTOmDO9zPMlCJ9hLTxszYY71714nbKgyZkXCx4UKmeDe5qc5jspywzCah428uuu-ceAMnlbcBNxF8_ZYOjk5KuSWVuHESyvAw%3D&puid1=0&rand=nqerfhm&adfox-version=0&rqs=JMvB3fAiCjbdKcBnyks7TujVjwxMJfZB&pr=b&p1=cwmwu&puid8=14&p2=eyit&eid3=ed1521d5-1de8-3fc1-869b-8ab6e5b2db98&puid29=%7B%7BSDK_VERSION%7D%7D&p5=bgcquf&hash=121911f7001a7676&dl=ru.mts.mtstv.debug&puid2=167&pf=https%3A%2F%2Fbs.serving-sys.ru%2FServing%2FadServer.bs%3Fcn%3Dtrd%26pli%3D1087997391%26adid%3D1087997392%26ord%3D187341221%26LineID%3D%24%24utm_term%3D107617%26erid%3D2Vfnxx2AE5n%24%24]]></ClickThrough>
02-27 12:01:33.203 15440 15440 I TimberLogger:               
02-27 12:01:33.203 15440 15440 I TimberLogger:               
02-27 12:01:33.203 15440 15440 I TimberLogger:               
02-27 12:01:33.203 15440 15440 I TimberLogger:             </VideoClicks>
02-27 12:01:33.203 15440 15440 I TimberLogger:             <MediaFiles>
02-27 12:01:33.203 15440 15440 I TimberLogger:               <MediaFile  height="400"
02-27 12:01:33.203 15440 15440 I TimberLogger:                           width="720"
02-27 12:01:33.203 15440 15440 I TimberLogger:                           delivery="progressive" 
02-27 12:01:33.203 15440 15440 I TimberLogger:                           bitrate="512"
02-27 12:01:33.203 15440 15440 I TimberLogger:                           type="video/mp4">
02-27 12:01:33.203 15440 15440 I TimberLogger:                 <![CDATA[https://vi.cdnvideo.ru/media/m/Videonetwork/IKS_agency__by_OKKAM_/YANDEKS/Yandex_Market__Genderi_fev_mart_25__MART___dw10e_xdmlxv_/03_25/20401_HD_Sitylink_5s_w1280_h720_d5000.mp4]]>
02-27 12:01:33.203 15440 15440 I TimberLogger:               </MediaFile>
02-27 12:01:33.204 15440 15440 I TimberLogger:             </MediaFiles>
02-27 12:01:33.204 15440 15440 I TimberLogger:           </Linear>
02-27 12:01:33.204 15440 15440 I TimberLogger:         </Creative>
02-27 12:01:33.204 15440 15440 I TimberLogger:       </Creatives>
02-27 12:01:33.204 15440 15440 I TimberLogger:       <Extensions>
02-27 12:01:33.204 15440 15440 I TimberLogger:         <Extension type="erid"><![CDATA[2Vfnxx2AE5n]]></Extension>
02-27 12:01:33.204 15440 15440 I TimberLogger:         <Extension type="idord"><![CDATA[]]></Extension>
02-27 12:01:33.204 15440 15440 I TimberLogger:         <Extension type="Urlmod" scope="" method="" final="false">
02-27 12:01:33.204 15440 15440 I TimberLogger:           <urlpart><![CDATA[]]></urlpart>
02-27 12:01:33.204 15440 15440 I TimberLogger:         </Extension>
02-27 12:01:33.204 15440 15440 I TimberLogger:         <Extension type="skipTime2">03:05</Extension>
02-27 12:01:33.204 15440 15440 I TimberLogger:         <Extension type="controls"><![CDATA[1]]></Extension>
02-27 12:01:33.204 15440 15440 I TimberLogger:         
02-27 12:01:33.204 15440 15440 I TimberLogger: 	<Extension type="AdTune"><![CDATA[{"token": "2Vfnxx2AE5n"}]]></Extension>
02-27 12:01:33.204 15440 15440 I TimberLogger:         <Extension type="CustomTracking">
02-27 12:01:33.204 15440 15440 I TimberLogger:           <Tracking event="onVastLoad"><![CDATA[https://www.tns-counter.ru/V13a**ed1521d5-1de8-3fc1-869b-8ab6e5b2db98**idsh_vmon/ru/CP1251/tmsec=idsh_vtotal/1740646877]]></Tracking>
02-27 12:01:33.204 15440 15440 I TimberLogger:           <Tracking event="onVastLoad"><![CDATA[https://www.tns-counter.ru/V13a**ed1521d5-1de8-3fc1-869b-8ab6e5b2db98**idsh_vid/ru/CP1251/tmsec=idsh_sid107617-vitid1/1740646877]]></Tracking>
02-27 12:01:33.204 15440 15440 I TimberLogger:           <Tracking event="onVastLoad"><![CDATA[https://mc.yandex.ru/watch/48668432?page-url=107617%3Futm_source=%26utm_medium=%26utm_campaign=3281448%26utm_content=14669725%26utm_term=287764&page-ref=ru.mts.mtstv.debug]]></Tracking>
02-27 12:01:33.204 15440 15440 I TimberLogger:           <Tracking event="onVastLoad"><![CDATA[https://bridgertb.tech/ssp/sync/da_bridge?sspuid=187341221]]></Tracking>
02-27 12:01:33.204 15440 15440 I TimberLogger:           <Tracking event="onVastLoad"><![CDATA[https://px802187341221.cmediahub.ru/s.gif?userid=ed1521d5-1de8-3fc1-869b-8ab6e5b2db98&media=video]]></Tracking>
02-27 12:01:33.204 15440 15440 I TimberLogger:           <Tracking event="onVastLoad"><![CDATA[https://dmg.digitaltarget.ru/1/7522/i/i?type=show]]></Tracking>
02-27 12:01:33.204 15440 15440 I TimberLogger:         </Extension>
02-27 12:01:33.204 15440 15440 I TimberLogger:       </Extensions>
02-27 12:01:33.204 15440 15440 I TimberLogger:     </InLine>
02-27 12:01:33.204 15440 15440 I TimberLogger:   </Ad>
02-27 12:01:33.204 15440 15440 I TimberLogger: </VAST>, durationMs=5000, erid=2Vfnxx2AE5n, unwrappedVastUrl=https://yandex.ru/ads/adfox/226279/getCode?p1=cwmwu&p2=eyit&puid1=0&puid6=1&puid5=8&puid8=14&puid9=109&pr=1&dl=ru.mts.mtstv.debug&google_aid=ed1521d5-1de8-3fc1-869b-8ab6e5b2db98&eid3=ed1521d5-1de8-3fc1-869b-8ab6e5b2db98&ext_duid=ed1521d5-1de8-3fc1-869b-8ab6e5b2db98&eid4=ed1521d5-1de8-3fc1-869b-8ab6e5b2db98&puid60=ru.mts.mtstv.debug&puid28=36&puid29={{SDK_VERSION}}&puid31=app_android&ad_source=vitrina, bannerId=null, isNoBanner=false, adCreativeNum=0, adCreativeRequestNum=1, creativeSrcUrl=
02-27 12:01:33.204 15440 15440 I TimberLogger:                 https://vi.cdnvideo.ru/media/m/Videonetwork/IKS_agency__by_OKKAM_/YANDEKS/Yandex_Market__Genderi_fev_mart_25__MART___dw10e_xdmlxv_/03_25/20401_HD_Sitylink_5s_w1280_h720_d5000.mp4
02-27 12:01:33.204 15440 15440 I TimberLogger:               , creativeSrcType=video/mp4)
02-27 12:01:33.204 15440 15440 I TimberLogger: [AdsController] onAdStarted | adQueue size = 30
02-27 12:01:33.205 15440 15440 I TimberLogger: [LiveAdsPlayerClient] onAdStarted ad type = ru.mtstv3.mtstv3_player.model.AdType$Midroll@7358862
02-27 12:01:33.205 15440 15440 I TimberLogger: [PlatformPlayerClient] play() called
02-27 12:01:33.205 15440 15440 I TimberLogger: [PlatformPlayerClient] player state = PlayState
